Archive member included because of file (symbol)

build/z1/contiki-ng-z1.a(uart0-putchar.o)
                              build/z1/obj/contiki-main.o (putchar)
build/z1/contiki-ng-z1.a(platform.o)
                              build/z1/obj/contiki-main.o (platform_init_stage_one)
build/z1/contiki-ng-z1.a(msp430.o)
                              build/z1/contiki-ng-z1.a(platform.o) (msp430_dco_required)
build/z1/contiki-ng-z1.a(clock.o)
                              build/z1/obj/contiki-main.o (clock_init)
build/z1/contiki-ng-z1.a(watchdog.o)
                              build/z1/obj/contiki-main.o (watchdog_start)
build/z1/contiki-ng-z1.a(autostart.o)
                              build/z1/obj/contiki-main.o (autostart_start)
build/z1/contiki-ng-z1.a(energest.o)
                              build/z1/obj/contiki-main.o (energest_init)
build/z1/contiki-ng-z1.a(etimer.o)
                              build/z1/contiki-ng-z1.a(clock.o) (etimer_request_poll)
build/z1/contiki-ng-z1.a(log.o)
                              build/z1/obj/contiki-main.o (log_6addr)
build/z1/contiki-ng-z1.a(ctimer.o)
                              build/z1/obj/contiki-main.o (ctimer_init)
build/z1/contiki-ng-z1.a(rtimer.o)
                              build/z1/obj/contiki-main.o (rtimer_init)
build/z1/contiki-ng-z1.a(node-id.o)
                              build/z1/obj/contiki-main.o (node_id_init)
build/z1/contiki-ng-z1.a(process.o)
                              build/z1/contiki-ng-z1.a(etimer.o) (process_current)
build/z1/contiki-ng-z1.a(timer.o)
                              build/z1/contiki-ng-z1.a(platform.o) (timer_set)
build/z1/contiki-ng-z1.a(stack-check.o)
                              build/z1/obj/contiki-main.o (stack_check_init)
build/z1/contiki-ng-z1.a(list.o)
                              build/z1/contiki-ng-z1.a(ctimer.o) (list_init)
build/z1/contiki-ng-z1.a(random.o)
                              build/z1/contiki-ng-z1.a(platform.o) (random_init)
build/z1/contiki-ng-z1.a(queuebuf.o)
                              build/z1/obj/contiki-main.o (queuebuf_init)
build/z1/contiki-ng-z1.a(packetbuf.o)
                              build/z1/contiki-ng-z1.a(queuebuf.o) (packetbuf_copyto)
build/z1/contiki-ng-z1.a(netstack.o)
                              build/z1/obj/contiki-main.o (netstack_init)
build/z1/contiki-ng-z1.a(linkaddr.o)
                              build/z1/contiki-ng-z1.a(platform.o) (linkaddr_copy)
build/z1/contiki-ng-z1.a(csma.o)
                              build/z1/obj/contiki-main.o (csma_driver)
build/z1/contiki-ng-z1.a(csma-output.o)
                              build/z1/contiki-ng-z1.a(csma.o) (csma_output_packet)
build/z1/contiki-ng-z1.a(uip-ds6.o)
                              build/z1/obj/contiki-main.o (uip_ds6_get_link_local)
build/z1/contiki-ng-z1.a(uip-ds6-route.o)
                              build/z1/contiki-ng-z1.a(uip-ds6.o) (uip_ds6_route_init)
build/z1/contiki-ng-z1.a(uip-ds6-nbr.o)
                              build/z1/contiki-ng-z1.a(uip-ds6.o) (uip_ds6_neighbors_init)
build/z1/contiki-ng-z1.a(tcpip.o)
                              build/z1/obj/contiki-main.o (tcpip_process)
build/z1/contiki-ng-z1.a(uip6.o)
                              build/z1/contiki-ng-z1.a(tcpip.o) (uip_aligned_buf)
build/z1/contiki-ng-z1.a(uip-nd6.o)
                              build/z1/contiki-ng-z1.a(uip6.o) (uip_nd6_init)
build/z1/contiki-ng-z1.a(sicslowpan.o)
                              build/z1/obj/contiki-main.o (sicslowpan_driver)
build/z1/contiki-ng-z1.a(uiplib.o)
                              build/z1/contiki-ng-z1.a(log.o) (uiplib_ipaddr_snprint)
build/z1/contiki-ng-z1.a(rpl.o)
                              rpl-root.o (rpl_lite_driver)
build/z1/contiki-ng-z1.a(rpl-icmp6.o)
                              build/z1/contiki-ng-z1.a(rpl.o) (rpl_icmp6_init)
build/z1/contiki-ng-z1.a(rpl-dag-root.o)
                              build/z1/contiki-ng-z1.a(rpl.o) (rpl_dag_root_set_prefix)
build/z1/contiki-ng-z1.a(contiki-z1-plat)
                              build/z1/contiki-ng-z1.a(platform.o) (init_platform)
build/z1/contiki-ng-z1.a(leds.o)
                              build/z1/contiki-ng-z1.a(platform.o) (leds_init)
build/z1/contiki-ng-z1.a(xmem.o)
                              build/z1/contiki-ng-z1.a(platform.o) (xmem_init)
build/z1/contiki-ng-z1.a(spi-legacy.o)
                              build/z1/contiki-ng-z1.a(xmem.o) (spi_init)
build/z1/contiki-ng-z1.a(cc2420.o)
                              build/z1/contiki-ng-z1.a(platform.o) (cc2420_set_pan_addr)
build/z1/contiki-ng-z1.a(cc2420-arch.o)
                              build/z1/contiki-ng-z1.a(cc2420.o) (cc2420_arch_init)
build/z1/contiki-ng-z1.a(node-id-z1.o)
                              build/z1/contiki-ng-z1.a(platform.o) (node_id_z1_restore)
build/z1/contiki-ng-z1.a(sensors.o)
                              build/z1/contiki-ng-z1.a(contiki-z1-plat) (sensors_process)
build/z1/contiki-ng-z1.a(uart0.o)
[...]
Memory Configuration

Name             Origin             Length             Attributes
sfr              0x00000000         0x00000010
peripheral_8bit  0x00000010         0x000000f0
peripheral_16bit 0x00000100         0x00000100
ram_mirror       0x00000200         0x00000800         xw
infomem          0x00001000         0x00000100
infod            0x00001000         0x00000040
infoc            0x00001040         0x00000040
infob            0x00001080         0x00000040
infoa            0x000010c0         0x00000040
ram              0x00001100         0x00002000         xw
rom              0x00003100         0x0000cebe         xr
vectors          0x0000ffc0         0x00000040
far_rom          0x00010000         0x0000a000
bsl              0x00000000         0x00000000
ram2             0x00000000         0x00000000         xw
usbram           0x00000000         0x00000000         xw
*default*        0x00000000         0xffffffff

Linker script and memory map

LOAD /usr/local/bin/../lib/gcc/msp430/4.7.2/mcpu-430x/mmpy-16/msr20/mc20/crt0ivtbl32.o
                0x00000041                __P1SEL2 = 0x41
                0x00000045                __P5SEL2 = 0x45
                0x000028aa                _stack = _end
LOAD rpl-root.o
LOAD build/z1/obj/contiki-main.o
LOAD build/z1/contiki-ng-z1.a
LOAD /usr/local/bin/../lib/gcc/msp430/4.7.2/mcpu-430x/mmpy-16/msr20/mc20/libgcc.a
LOAD /usr/local/bin/../lib/gcc/msp430/4.7.2/../../../../msp430/lib/mcpu-430x/mmpy-16/msr20/mc20/libc.a
LOAD /usr/local/bin/../lib/gcc/msp430/4.7.2/mcpu-430x/mmpy-16/msr20/mc20/libgcc.a
LOAD /usr/local/bin/../lib/gcc/msp430/4.7.2/mcpu-430x/mmpy-16/msr20/mc20/libcrt0.a
                0x00000040                PROVIDE (__info_segment_size, 0x40)
                0x00001000                PROVIDE (__infod, 0x1000)
                0x00001040                PROVIDE (__infoc, 0x1040)
                0x00001080                PROVIDE (__infob, 0x1080)
                0x000010c0                PROVIDE (__infoa, 0x10c0)
                0x00000000                __IE1 = 0x0
                0x00000002                __IFG1 = 0x2
                0x00000001                __IE2 = 0x1
                0x00000003                __IFG2 = 0x3
                0x00000006                __UC1IE = 0x6
                0x00000007                __UC1IFG = 0x7
                0x000001a0                __ADC12CTL0 = 0x1a0
                0x000001a2                __ADC12CTL1 = 0x1a2
                0x000001a4                __ADC12IFG = 0x1a4
                0x000001a6                __ADC12IE = 0x1a6
                0x000001a8                __ADC12IV = 0x1a8
                0x00000140                __ADC12MEM0 = 0x140
                0x00000142                __ADC12MEM1 = 0x142
                0x00000144                __ADC12MEM2 = 0x144
                0x00000146                __ADC12MEM3 = 0x146
                0x00000148                __ADC12MEM4 = 0x148
                0x0000014a                __ADC12MEM5 = 0x14a
                0x0000014c                __ADC12MEM6 = 0x14c
                0x0000014e                __ADC12MEM7 = 0x14e
                0x00000150                __ADC12MEM8 = 0x150
                0x00000152                __ADC12MEM9 = 0x152
                0x00000154                __ADC12MEM10 = 0x154
                0x00000156                __ADC12MEM11 = 0x156
                0x00000158                __ADC12MEM12 = 0x158
                0x0000015a                __ADC12MEM13 = 0x15a
                0x0000015c                __ADC12MEM14 = 0x15c
                0x0000015e                __ADC12MEM15 = 0x15e
                0x00000080                __ADC12MCTL0 = 0x80
                0x00000081                __ADC12MCTL1 = 0x81
                0x00000082                __ADC12MCTL2 = 0x82
                0x00000083                __ADC12MCTL3 = 0x83
                0x00000084                __ADC12MCTL4 = 0x84
                0x00000085                __ADC12MCTL5 = 0x85
                0x00000086                __ADC12MCTL6 = 0x86
                0x00000087                __ADC12MCTL7 = 0x87
                0x00000088                __ADC12MCTL8 = 0x88
                0x00000089                __ADC12MCTL9 = 0x89
                0x0000008a                __ADC12MCTL10 = 0x8a
                0x0000008b                __ADC12MCTL11 = 0x8b
                0x0000008c                __ADC12MCTL12 = 0x8c
                0x0000008d                __ADC12MCTL13 = 0x8d
                0x0000008e                __ADC12MCTL14 = 0x8e
                0x0000008f                __ADC12MCTL15 = 0x8f
                0x00000056                __DCOCTL = 0x56
                0x00000057                __BCSCTL1 = 0x57
                0x00000058                __BCSCTL2 = 0x58
                0x00000053                __BCSCTL3 = 0x53
                0x00000059                __CACTL1 = 0x59
                0x0000005a                __CACTL2 = 0x5a
                0x0000005b                __CAPD = 0x5b
                0x000001c0                __DAC12_0CTL = 0x1c0
                0x000001c2                __DAC12_1CTL = 0x1c2
                0x000001c8                __DAC12_0DAT = 0x1c8
                0x000001ca                __DAC12_1DAT = 0x1ca
                0x00000122                __DMACTL0 = 0x122
                0x00000124                __DMACTL1 = 0x124
                0x00000126                __DMAIV = 0x126
                0x000001d0                __DMA0CTL = 0x1d0
                0x000001dc                __DMA1CTL = 0x1dc
                0x000001e8                __DMA2CTL = 0x1e8
                0x000001d2                __DMA0SA = 0x1d2
                0x000001d2                __DMA0SAL = 0x1d2
                0x000001d6                __DMA0DA = 0x1d6
                0x000001d6                __DMA0DAL = 0x1d6
                0x000001da                __DMA0SZ = 0x1da
                0x000001de                __DMA1SA = 0x1de
                0x000001de                __DMA1SAL = 0x1de
                0x000001e2                __DMA1DA = 0x1e2
                0x000001e2                __DMA1DAL = 0x1e2
                0x000001e6                __DMA1SZ = 0x1e6
                0x000001ea                __DMA2SA = 0x1ea
                0x000001ea                __DMA2SAL = 0x1ea
                0x000001ee                __DMA2DA = 0x1ee
                0x000001ee                __DMA2DAL = 0x1ee
                0x000001f2                __DMA2SZ = 0x1f2
                0x00000128                __FCTL1 = 0x128
                0x0000012a                __FCTL2 = 0x12a
                0x0000012c                __FCTL3 = 0x12c
                0x000001be                __FCTL4 = 0x1be
                0x00000130                __MPY = 0x130
                0x00000132                __MPYS = 0x132
                0x00000134                __MAC = 0x134
                0x00000136                __MACS = 0x136
                0x00000138                __OP2 = 0x138
                0x0000013a                __RESLO = 0x13a
                0x0000013c                __RESHI = 0x13c
                0x0000013e                __SUMEXT = 0x13e
                0x00000020                __P1IN = 0x20
                0x00000021                __P1OUT = 0x21
                0x00000022                __P1DIR = 0x22
                0x00000023                __P1IFG = 0x23
                0x00000024                __P1IES = 0x24
                0x00000025                __P1IE = 0x25
                0x00000026                __P1SEL = 0x26
                0x00000027                __P1REN = 0x27
                0x00000028                __P2IN = 0x28
                0x00000029                __P2OUT = 0x29
                0x0000002a                __P2DIR = 0x2a
                0x0000002b                __P2IFG = 0x2b
                0x0000002c                __P2IES = 0x2c
                0x0000002d                __P2IE = 0x2d
                0x0000002e                __P2SEL = 0x2e
                0x0000002f                __P2REN = 0x2f
                0x00000018                __P3IN = 0x18
                0x00000019                __P3OUT = 0x19
                0x0000001a                __P3DIR = 0x1a
                0x0000001b                __P3SEL = 0x1b
                0x00000010                __P3REN = 0x10
                0x0000001c                __P4IN = 0x1c
                0x0000001d                __P4OUT = 0x1d
                0x0000001e                __P4DIR = 0x1e
                0x0000001f                __P4SEL = 0x1f
                0x00000011                __P4REN = 0x11
                0x00000030                __P5IN = 0x30
                0x00000031                __P5OUT = 0x31
                0x00000032                __P5DIR = 0x32
                0x00000033                __P5SEL = 0x33
                0x00000012                __P5REN = 0x12
                0x00000034                __P6IN = 0x34
                0x00000035                __P6OUT = 0x35
                0x00000036                __P6DIR = 0x36
                0x00000037                __P6SEL = 0x37
                0x00000013                __P6REN = 0x13
                0x00000038                __P7IN = 0x38
                0x0000003a                __P7OUT = 0x3a
                0x0000003c                __P7DIR = 0x3c
                0x0000003e                __P7SEL = 0x3e
                0x00000014                __P7REN = 0x14
                0x00000039                __P8IN = 0x39
                0x0000003b                __P8OUT = 0x3b
                0x0000003d                __P8DIR = 0x3d
                0x0000003f                __P8SEL = 0x3f
                0x00000015                __P8REN = 0x15
                0x00000038                __PAIN = 0x38
                0x0000003a                __PAOUT = 0x3a
                0x0000003c                __PADIR = 0x3c
                0x0000003e                __PASEL = 0x3e
                0x00000014                __PAREN = 0x14
                0x00000055                __SVSCTL = 0x55
                0x0000012e                __TAIV = 0x12e
                0x00000160                __TACTL = 0x160
                0x00000162                __TACCTL0 = 0x162
                0x00000164                __TACCTL1 = 0x164
                0x00000166                __TACCTL2 = 0x166
                0x00000170                __TAR = 0x170
                0x00000172                __TACCR0 = 0x172
                0x00000174                __TACCR1 = 0x174
                0x00000176                __TACCR2 = 0x176
                0x0000011e                __TBIV = 0x11e
                0x00000180                __TBCTL = 0x180
                0x00000182                __TBCCTL0 = 0x182
                0x00000184                __TBCCTL1 = 0x184
                0x00000186                __TBCCTL2 = 0x186
                0x00000188                __TBCCTL3 = 0x188
                0x0000018a                __TBCCTL4 = 0x18a
                0x0000018c                __TBCCTL5 = 0x18c
                0x0000018e                __TBCCTL6 = 0x18e
                0x00000190                __TBR = 0x190
                0x00000192                __TBCCR0 = 0x192
                0x00000194                __TBCCR1 = 0x194
                0x00000196                __TBCCR2 = 0x196
                0x00000198                __TBCCR3 = 0x198
                0x0000019a                __TBCCR4 = 0x19a
                0x0000019c                __TBCCR5 = 0x19c
                0x0000019e                __TBCCR6 = 0x19e
                0x00000060                __UCA0CTL0 = 0x60
                0x00000061                __UCA0CTL1 = 0x61
                0x00000062                __UCA0BR0 = 0x62
                0x00000063                __UCA0BR1 = 0x63
                0x00000064                __UCA0MCTL = 0x64
                0x00000065                __UCA0STAT = 0x65
                0x00000066                __UCA0RXBUF = 0x66
                0x00000067                __UCA0TXBUF = 0x67
                0x0000005d                __UCA0ABCTL = 0x5d
                0x0000005e                __UCA0IRTCTL = 0x5e
                0x0000005f                __UCA0IRRCTL = 0x5f
                0x00000068                __UCB0CTL0 = 0x68
                0x00000069                __UCB0CTL1 = 0x69
                0x0000006a                __UCB0BR0 = 0x6a
                0x0000006b                __UCB0BR1 = 0x6b
                0x0000006c                __UCB0I2CIE = 0x6c
                0x0000006d                __UCB0STAT = 0x6d
                0x0000006e                __UCB0RXBUF = 0x6e
                0x0000006f                __UCB0TXBUF = 0x6f
                0x00000118                __UCB0I2COA = 0x118
                0x0000011a                __UCB0I2CSA = 0x11a
                0x000000d0                __UCA1CTL0 = 0xd0
                0x000000d1                __UCA1CTL1 = 0xd1
                0x000000d2                __UCA1BR0 = 0xd2
                0x000000d3                __UCA1BR1 = 0xd3
                0x000000d4                __UCA1MCTL = 0xd4
                0x000000d5                __UCA1STAT = 0xd5
                0x000000d6                __UCA1RXBUF = 0xd6
                0x000000d7                __UCA1TXBUF = 0xd7
                0x000000cd                __UCA1ABCTL = 0xcd
                0x000000ce                __UCA1IRTCTL = 0xce
                0x000000cf                __UCA1IRRCTL = 0xcf
                0x000000d8                __UCB1CTL0 = 0xd8
                0x000000d9                __UCB1CTL1 = 0xd9
                0x000000da                __UCB1BR0 = 0xda
                0x000000db                __UCB1BR1 = 0xdb
                0x000000dc                __UCB1I2CIE = 0xdc
                0x000000dd                __UCB1STAT = 0xdd
                0x000000de                __UCB1RXBUF = 0xde
                0x000000df                __UCB1TXBUF = 0xdf
                0x0000017c                __UCB1I2COA = 0x17c
                0x0000017e                __UCB1I2CSA = 0x17e
                0x00000120                __WDTCTL = 0x120
                0x000010c0                __TLV_CHECKSUM = 0x10c0
                0x000010f6                __TLV_DCO_30_TAG = 0x10f6
                0x000010f7                __TLV_DCO_30_LEN = 0x10f7
                0x000010da                __TLV_ADC12_1_TAG = 0x10da
                0x000010db                __TLV_ADC12_1_LEN = 0x10db
                0x000010f8                __CALDCO_16MHZ = 0x10f8
                0x000010f9                __CALBC1_16MHZ = 0x10f9
                0x000010fa                __CALDCO_12MHZ = 0x10fa
                0x000010fb                __CALBC1_12MHZ = 0x10fb
                0x000010fc                __CALDCO_8MHZ = 0x10fc
                0x000010fd                __CALBC1_8MHZ = 0x10fd
                0x000010fe                __CALDCO_1MHZ = 0x10fe
                0x000010ff                __CALBC1_1MHZ = 0x10ff

.hash
 *(.hash)

.dynsym
 *(.dynsym)

.dynstr
 *(.dynstr)

.gnu.version
 *(.gnu.version)

.gnu.version_d
 *(.gnu.version_d)

.gnu.version_r
 *(.gnu.version_r)

.rel.init
 *(.rel.init)

.rela.init
 *(.rela.init)

.rel.fini
 *(.rel.fini)

.rela.fini
 *(.rela.fini)

.rel.text
 *(.rel.text .rel.text.* .rel.gnu.linkonce.t.*)

.rela.text
 *(.rela.text .rela.text.* .rela.gnu.linkonce.t.*)

.rel.rodata
 *(.rel.rodata .rel.rodata.* .rel.gnu.linkonce.r.*)

.rela.rodata
 *(.rela.rodata .rela.rodata.* .rela.gnu.linkonce.r.*)

.rel.data
 *(.rel.data .rel.data.* .rel.gnu.linkonce.d.*)

.rela.data
 *(.rela.data .rela.data.* .rela.gnu.linkonce.d.*)

.rel.bss
 *(.rel.bss .rel.bss.* .rel.gnu.linkonce.b.*)

.rela.bss
 *(.rela.bss .rela.bss.* .rela.gnu.linkonce.b.*)

.rel.ctors
 *(.rel.ctors)

.rela.ctors
 *(.rela.ctors)

.rel.dtors
 *(.rel.dtors)

.rela.dtors
 *(.rela.dtors)

.rel.got
 *(.rel.got)

.rela.got
 *(.rela.got)

.rel.plt
 *(.rel.plt)

.rela.plt
 *(.rela.plt)

.text           0x00003100     0x9c46
                0x00003100                . = ALIGN (0x2)
 *(.init .init.*)
 *(.init0)
 .init0         0x00003100        0x0 /usr/local/bin/../lib/gcc/msp430/4.7.2/mcpu-430x/mmpy-16/msr20/mc20/libcrt0.a(_reset_vector__.o)
                0x00003100                _reset_vector__
 *(.init1)
 .init1         0x00003100        0xc /usr/local/bin/../lib/gcc/msp430/4.7.2/mcpu-430x/mmpy-16/msr20/mc20/libcrt0.a(__watchdog_support.o)
                0x00003100                __watchdog_support
 *(.init2)
 .init2         0x0000310c        0x4 /usr/local/bin/../lib/gcc/msp430/4.7.2/mcpu-430x/mmpy-16/msr20/mc20/libcrt0.a(__init_stack.o)
                0x0000310c                __init_stack
 *(.init3)
 .init3         0x00003110        0x0 /usr/local/bin/../lib/gcc/msp430/4.7.2/mcpu-430x/mmpy-16/msr20/mc20/libcrt0.a(__low_level_init.o)
                0x00003110                __low_level_init
 *(.init4)
 .init4         0x00003110       0x18 /usr/local/bin/../lib/gcc/msp430/4.7.2/mcpu-430x/mmpy-16/msr20/mc20/libcrt0.a(_copy_data.o)
                0x00003110                __do_copy_data
 .init4         0x00003128       0x16 /usr/local/bin/../lib/gcc/msp430/4.7.2/mcpu-430x/mmpy-16/msr20/mc20/libcrt0.a(_clear_bss.o)
                0x00003128                __do_clear_bss
 *(.init5)
 *(.init6)
 *(.init7)
 *(.init8)
 *(.init9)
 .init9         0x0000313e      0x232 build/z1/obj/contiki-main.o
                0x0000313e                main
 *(.fini9)
 .fini9         0x00003370        0x0 /usr/local/bin/../lib/gcc/msp430/4.7.2/mcpu-430x/mmpy-16/msr20/mc20/libcrt0.a(__stop_progExec__.o)
                0x00003370                __stop_progExec__
 *(.fini8)
 *(.fini7)
 *(.fini6)
 *(.fini5)
 *(.fini4)
 *(.fini3)
 *(.fini2)
 *(.fini1)
 *(.fini0)
 .fini0         0x00003370        0x6 /usr/local/bin/../lib/gcc/msp430/4.7.2/mcpu-430x/mmpy-16/msr20/mc20/libcrt0.a(_endless_loop__.o)
                0x00003370                _endless_loop__
 *(.fini .fini.*)
                0x00003376                . = ALIGN (0x2)
                0x00003376                __ctors_start = .
 *(.ctors)
                0x00003376                __ctors_end = .
                0x00003376                __dtors_start = .
 *(.dtors)
                0x00003376                __dtors_end = .
                0x00003376                . = ALIGN (0x2)
 *(.text .text.* .gnu.linkonce.t.*)
 .text          0x00003376        0x4 /usr/local/bin/../lib/gcc/msp430/4.7.2/mcpu-430x/mmpy-16/msr20/mc20/crt0ivtbl32.o
                0x00003376                __isr_14
                0x00003376                __isr_4
                0x00003376                __isr_29
                0x00003376                __isr_11
                0x00003376                __isr_5
                0x00003376                __isr_2
                0x00003376                __isr_10
                0x00003376                __isr_7
                0x00003376                __isr_0
                0x00003376                __isr_28
                0x00003376                __isr_8
                0x00003376                __isr_20
                0x00003376                __isr_3
                0x00003376                __isr_12
                0x00003376                __isr_13
                0x00003376                __isr_27
                0x00003376                __isr_9
                0x00003376                __isr_30
                0x00003376                __isr_6
                0x00003376                __isr_22
                0x00003376                __isr_1
                0x00003376                __isr_15
                0x00003376                __isr_21
 .text.libgcc   0x0000337a       0x26 /usr/local/bin/../lib/gcc/msp430/4.7.2/mcpu-430x/mmpy-16/msr20/mc20/libgcc.a(_mulsi3.o)
                0x0000337a                __mulsi3
 .text.libgcc   0x000033a0       0x22 /usr/local/bin/../lib/gcc/msp430/4.7.2/mcpu-430x/mmpy-16/msr20/mc20/libgcc.a(_udivmod16.o)
                0x000033a0                __udivhi3
                0x000033a0                __ext_udivmod16
                0x000033ba                __umodhi3
 .text.libgcc   0x000033c2       0x3a /usr/local/bin/../lib/gcc/msp430/4.7.2/mcpu-430x/mmpy-16/msr20/mc20/libgcc.a(_divmod16.o)
                0x000033c2                __ext_divmod16
                0x000033c2                __divhi3
                0x000033f4                __modhi3
 .text.libgcc   0x000033fc       0x38 /usr/local/bin/../lib/gcc/msp430/4.7.2/mcpu-430x/mmpy-16/msr20/mc20/libgcc.a(_udivmod32.o)
                0x000033fc                __udivsi3
                0x000033fc                __ext_udivmod32
                0x0000342a                __umodsi3
 .text.libgcc   0x00003434       0x4c /usr/local/bin/../lib/gcc/msp430/4.7.2/mcpu-430x/mmpy-16/msr20/mc20/libgcc.a(_divmod32.o)
                0x00003434                __ext_divmod32
                0x00003434                __divsi3
                0x00003476                __modsi3
 .text.libgcc   0x00003480       0xbc /usr/local/bin/../lib/gcc/msp430/4.7.2/mcpu-430x/mmpy-16/msr20/mc20/libgcc.a(_udivmod64.o)
                0x00003480                __xabi_udivmod64
                0x000034d2                __udivdi3
                0x000034ec                __umoddi3
                0x0000350e                __udivmoddi4
 .text.crt0     0x0000353c        0x2 /usr/local/bin/../lib/gcc/msp430/4.7.2/mcpu-430x/mmpy-16/msr20/mc20/libcrt0.a(_unexpected_.o)
                0x0000353c                _unexpected_
 *(.near.text .near.text.*)
 .near.text.timera1
                0x0000353e       0xd0 build/z1/contiki-ng-z1.a(clock.o)
                0x0000353e                __isr_24
                0x0000353e                timera1
 .near.text.watchdog_interrupt
                0x0000360e        0x6 build/z1/contiki-ng-z1.a(watchdog.o)
                0x0000360e                __isr_26
                0x0000360e                watchdog_interrupt
 .near.text.uart0_rx_interrupt
                0x00003614       0x2a build/z1/contiki-ng-z1.a(uart0.o)
                0x00003614                __isr_23
                0x00003614                uart0_rx_interrupt
 .near.text.port1_isr
                0x0000363e       0x84 build/z1/contiki-ng-z1.a(adxl345.o)
                0x0000363e                port1_isr
                0x0000363e                __isr_18
 .near.text.timera0
                0x000036c2       0x22 build/z1/contiki-ng-z1.a(rtimer-arch.o)
                0x000036c2                __isr_25
                0x000036c2                timera0
 .near.text.i2c_tx_interrupt
                0x000036e4       0x84 build/z1/contiki-ng-z1.a(i2cmaster.o)
                0x000036e4                __isr_16
                0x000036e4                i2c_tx_interrupt
 .near.text.i2c_rx_interrupt
                0x00003768       0x14 build/z1/contiki-ng-z1.a(i2cmaster.o)
                0x00003768                i2c_rx_interrupt
                0x00003768                __isr_17
 .near.text.irq_p2
                0x0000377c       0x3c build/z1/contiki-ng-z1.a(button-sensor.o)
                0x0000377c                irq_p2
                0x0000377c                __isr_19
 .any.text.process_thread_rpl_dodag_process
                0x000037b8       0x1a rpl-root.o
 .any.text.putchar
                0x000037d2       0x10 build/z1/contiki-ng-z1.a(uart0-putchar.o)
                0x000037d2                putchar
 .any.text.platform_init_stage_one
                0x000037e2       0x12 build/z1/contiki-ng-z1.a(platform.o)
                0x000037e2                platform_init_stage_one
 .any.text.platform_init_stage_two
                0x000037f4       0xba build/z1/contiki-ng-z1.a(platform.o)
                0x000037f4                platform_init_stage_two
 .any.text.platform_init_stage_three
                0x000038ae       0x72 build/z1/contiki-ng-z1.a(platform.o)
                0x000038ae                platform_init_stage_three
 .any.text.platform_idle
                0x00003920       0x54 build/z1/contiki-ng-z1.a(platform.o)
                0x00003920                platform_idle
 .any.text.msp430_init_dco
                0x00003974       0x28 build/z1/contiki-ng-z1.a(msp430.o)
                0x00003974                msp430_init_dco
 .any.text.splhigh_
                0x0000399c        0x8 build/z1/contiki-ng-z1.a(msp430.o)
                0x0000399c                splhigh_
 .any.text.msp430_sync_dco
                0x000039a4       0x6e build/z1/contiki-ng-z1.a(msp430.o)
                0x000039a4                msp430_sync_dco
 .any.text.msp430_cpu_init
                0x00003a12       0x2e build/z1/contiki-ng-z1.a(msp430.o)
                0x00003a12                msp430_cpu_init
 .any.text.clock_time
                0x00003a40       0x1a build/z1/contiki-ng-z1.a(clock.o)
                0x00003a40                clock_time
 .any.text.clock_init
                0x00003a5a       0x28 build/z1/contiki-ng-z1.a(clock.o)
                0x00003a5a                clock_init
 .any.text.clock_delay
                0x00003a82        0xc build/z1/contiki-ng-z1.a(clock.o)
                0x00003a82                clock_delay
 .any.text.clock_wait
                0x00003a8e       0x24 build/z1/contiki-ng-z1.a(clock.o)
                0x00003a8e                clock_wait
 .any.text.clock_seconds
                0x00003ab2       0x1a build/z1/contiki-ng-z1.a(clock.o)
                0x00003ab2                clock_seconds
 .any.text.watchdog_start
                0x00003acc       0x14 build/z1/contiki-ng-z1.a(watchdog.o)
                0x00003acc                watchdog_start
 .any.text.watchdog_periodic
                0x00003ae0       0x12 build/z1/contiki-ng-z1.a(watchdog.o)
                0x00003ae0                watchdog_periodic
 .any.text.watchdog_stop
                0x00003af2       0x16 build/z1/contiki-ng-z1.a(watchdog.o)
                0x00003af2                watchdog_stop
 .any.text.watchdog_init
                0x00003b08       0x12 build/z1/contiki-ng-z1.a(watchdog.o)
                0x00003b08                watchdog_init
 .any.text.autostart_start
                0x00003b1a       0x16 build/z1/contiki-ng-z1.a(autostart.o)
                0x00003b1a                autostart_start
 .any.text.energest_init
                0x00003b30        0x2 build/z1/contiki-ng-z1.a(energest.o)
                0x00003b30                energest_init
 .any.text.energest_flush
                0x00003b32        0x2 build/z1/contiki-ng-z1.a(energest.o)
                0x00003b32                energest_flush
 .any.text.update_time
                0x00003b34       0x70 build/z1/contiki-ng-z1.a(etimer.o)
 .any.text.etimer_request_poll
                0x00003ba4        0xa build/z1/contiki-ng-z1.a(etimer.o)
                0x00003ba4                etimer_request_poll
 .any.text.process_thread_etimer_process
                0x00003bae       0xc4 build/z1/contiki-ng-z1.a(etimer.o)
 .any.text.add_timer
                0x00003c72       0x40 build/z1/contiki-ng-z1.a(etimer.o)
 .any.text.etimer_set
                0x00003cb2       0x12 build/z1/contiki-ng-z1.a(etimer.o)
                0x00003cb2                etimer_set
 .any.text.etimer_reset
                0x00003cc4       0x12 build/z1/contiki-ng-z1.a(etimer.o)
                0x00003cc4                etimer_reset
 .any.text.etimer_expired
                0x00003cd6        0xe build/z1/contiki-ng-z1.a(etimer.o)
                0x00003cd6                etimer_expired
 .any.text.etimer_pending
                0x00003ce4        0xc build/z1/contiki-ng-z1.a(etimer.o)
                0x00003ce4                etimer_pending
 .any.text.etimer_next_expiration_time
                0x00003cf0       0x16 build/z1/contiki-ng-z1.a(etimer.o)
                0x00003cf0                etimer_next_expiration_time
 .any.text.etimer_stop
                0x00003d06       0x3e build/z1/contiki-ng-z1.a(etimer.o)
                0x00003d06                etimer_stop
 .any.text.log_6addr
                0x00003d44       0x32 build/z1/contiki-ng-z1.a(log.o)
                0x00003d44                log_6addr
 .any.text.log_lladdr
                0x00003d76       0x40 build/z1/contiki-ng-z1.a(log.o)
                0x00003d76                log_lladdr
 .any.text.process_thread_ctimer_process
                0x00003db6       0xa0 build/z1/contiki-ng-z1.a(ctimer.o)
 .any.text.ctimer_init
                0x00003e56       0x18 build/z1/contiki-ng-z1.a(ctimer.o)
                0x00003e56                ctimer_init
 .any.text.ctimer_set_with_process
                0x00003e6e       0x4a build/z1/contiki-ng-z1.a(ctimer.o)
                0x00003e6e                ctimer_set_with_process
 .any.text.ctimer_set
                0x00003eb8       0x10 build/z1/contiki-ng-z1.a(ctimer.o)
                0x00003eb8                ctimer_set
 .any.text.ctimer_reset
                0x00003ec8       0x2c build/z1/contiki-ng-z1.a(ctimer.o)
                0x00003ec8                ctimer_reset
 .any.text.ctimer_stop
                0x00003ef4       0x28 build/z1/contiki-ng-z1.a(ctimer.o)
                0x00003ef4                ctimer_stop
 .any.text.ctimer_expired
                0x00003f1c       0x30 build/z1/contiki-ng-z1.a(ctimer.o)
                0x00003f1c                ctimer_expired
 .any.text.rtimer_init
                0x00003f4c        0x6 build/z1/contiki-ng-z1.a(rtimer.o)
                0x00003f4c                rtimer_init
 .any.text.rtimer_run_next
                0x00003f52       0x26 build/z1/contiki-ng-z1.a(rtimer.o)
                0x00003f52                rtimer_run_next
 .any.text.node_id_init
                0x00003f78       0x14 build/z1/contiki-ng-z1.a(node-id.o)
                0x00003f78                node_id_init
 .any.text.call_process
                0x00003f8c       0x40 build/z1/contiki-ng-z1.a(process.o)
 .any.text.exit_process
                0x00003fcc       0x88 build/z1/contiki-ng-z1.a(process.o)
 .any.text.do_poll
                0x00004054       0x30 build/z1/contiki-ng-z1.a(process.o)
 .any.text.process_alloc_event
                0x00004084        0xe build/z1/contiki-ng-z1.a(process.o)
                0x00004084                process_alloc_event
 .any.text.process_init
                0x00004092       0x1c build/z1/contiki-ng-z1.a(process.o)
                0x00004092                process_init
 .any.text.process_run
                0x000040ae       0x8c build/z1/contiki-ng-z1.a(process.o)
                0x000040ae                process_run
 .any.text.process_nevents
                0x0000413a        0xe build/z1/contiki-ng-z1.a(process.o)
                0x0000413a                process_nevents
 .any.text.process_post
                0x00004148       0x4a build/z1/contiki-ng-z1.a(process.o)
                0x00004148                process_post
 .any.text.process_post_synch
                0x00004192       0x12 build/z1/contiki-ng-z1.a(process.o)
                0x00004192                process_post_synch
 .any.text.process_start
                0x000041a4       0x36 build/z1/contiki-ng-z1.a(process.o)
                0x000041a4                process_start
 .any.text.process_poll
                0x000041da       0x18 build/z1/contiki-ng-z1.a(process.o)
                0x000041da                process_poll
 .any.text.timer_set
                0x000041f2       0x1c build/z1/contiki-ng-z1.a(timer.o)
                0x000041f2                timer_set
 .any.text.timer_expired
                0x0000420e       0x2a build/z1/contiki-ng-z1.a(timer.o)
                0x0000420e                timer_expired
 .any.text.timer_reset
                0x00004238       0x1c build/z1/contiki-ng-z1.a(timer.o)
                0x00004238                timer_reset
 .any.text.stack_check_init
                0x00004254       0x2e build/z1/contiki-ng-z1.a(stack-check.o)
                0x00004254                stack_check_init
 .any.text.stack_check_get_usage
                0x00004282       0x54 build/z1/contiki-ng-z1.a(stack-check.o)
                0x00004282                stack_check_get_usage
 .any.text.process_thread_stack_check_process
                0x000042d6       0xd2 build/z1/contiki-ng-z1.a(stack-check.o)
 .any.text.list_init
                0x000043a8        0x6 build/z1/contiki-ng-z1.a(list.o)
                0x000043a8                list_init
 .any.text.list_head
                0x000043ae        0x4 build/z1/contiki-ng-z1.a(list.o)
                0x000043ae                list_head
 .any.text.list_tail
                0x000043b2       0x12 build/z1/contiki-ng-z1.a(list.o)
                0x000043b2                list_tail
 .any.text.list_remove
                0x000043c4       0x34 build/z1/contiki-ng-z1.a(list.o)
                0x000043c4                list_remove
 .any.text.list_push
                0x000043f8       0x16 build/z1/contiki-ng-z1.a(list.o)
                0x000043f8                list_push
 .any.text.list_add
                0x0000440e       0x26 build/z1/contiki-ng-z1.a(list.o)
                0x0000440e                list_add
 .any.text.list_length
                0x00004434       0x10 build/z1/contiki-ng-z1.a(list.o)
                0x00004434                list_length
 .any.text.list_item_next
                0x00004444        0xc build/z1/contiki-ng-z1.a(list.o)
                0x00004444                list_item_next
 .any.text.random_init
                0x00004450        0x6 build/z1/contiki-ng-z1.a(random.o)
                0x00004450                random_init
 .any.text.random_rand
                0x00004456        0x6 build/z1/contiki-ng-z1.a(random.o)
                0x00004456                random_rand
 .any.text.queuebuf_init
                0x0000445c       0x12 build/z1/contiki-ng-z1.a(queuebuf.o)
                0x0000445c                queuebuf_init
 .any.text.queuebuf_numfree
                0x0000446e        0xa build/z1/contiki-ng-z1.a(queuebuf.o)
                0x0000446e                queuebuf_numfree
 .any.text.queuebuf_new_from_packetbuf
                0x00004478       0x4e build/z1/contiki-ng-z1.a(queuebuf.o)
                0x00004478                queuebuf_new_from_packetbuf
 .any.text.queuebuf_update_attr_from_packetbuf
                0x000044c6       0x12 build/z1/contiki-ng-z1.a(queuebuf.o)
                0x000044c6                queuebuf_update_attr_from_packetbuf
 .any.text.queuebuf_free
                0x000044d8       0x2a build/z1/contiki-ng-z1.a(queuebuf.o)
                0x000044d8                queuebuf_free
 .any.text.queuebuf_to_packetbuf
                0x00004502       0x32 build/z1/contiki-ng-z1.a(queuebuf.o)
                0x00004502                queuebuf_to_packetbuf
 .any.text.packetbuf_hdrreduce
                0x00004534       0x1a build/z1/contiki-ng-z1.a(packetbuf.o)
                0x00004534                packetbuf_hdrreduce
 .any.text.packetbuf_set_datalen
                0x0000454e        0x6 build/z1/contiki-ng-z1.a(packetbuf.o)
                0x0000454e                packetbuf_set_datalen
 .any.text.packetbuf_hdrptr
                0x00004554        0x6 build/z1/contiki-ng-z1.a(packetbuf.o)
                0x00004554                packetbuf_hdrptr
 .any.text.packetbuf_datalen
                0x0000455a        0x6 build/z1/contiki-ng-z1.a(packetbuf.o)
                0x0000455a                packetbuf_datalen
 .any.text.packetbuf_hdrlen
                0x00004560        0xa build/z1/contiki-ng-z1.a(packetbuf.o)
                0x00004560                packetbuf_hdrlen
 .any.text.packetbuf_dataptr
                0x0000456a        0xc build/z1/contiki-ng-z1.a(packetbuf.o)
                0x0000456a                packetbuf_dataptr
 .any.text.packetbuf_copyto
                0x00004576       0x3a build/z1/contiki-ng-z1.a(packetbuf.o)
                0x00004576                packetbuf_copyto
 .any.text.packetbuf_totlen
                0x000045b0        0xc build/z1/contiki-ng-z1.a(packetbuf.o)
                0x000045b0                packetbuf_totlen
 .any.text.packetbuf_hdralloc
                0x000045bc       0x3c build/z1/contiki-ng-z1.a(packetbuf.o)
                0x000045bc                packetbuf_hdralloc
 .any.text.packetbuf_attr_clear
                0x000045f8       0x28 build/z1/contiki-ng-z1.a(packetbuf.o)
                0x000045f8                packetbuf_attr_clear
 .any.text.packetbuf_clear
                0x00004620       0x12 build/z1/contiki-ng-z1.a(packetbuf.o)
                0x00004620                packetbuf_clear
 .any.text.packetbuf_copyfrom
                0x00004632       0x2a build/z1/contiki-ng-z1.a(packetbuf.o)
                0x00004632                packetbuf_copyfrom
 .any.text.packetbuf_attr_copyto
                0x0000465c       0x22 build/z1/contiki-ng-z1.a(packetbuf.o)
                0x0000465c                packetbuf_attr_copyto
 .any.text.packetbuf_attr_copyfrom
                0x0000467e       0x24 build/z1/contiki-ng-z1.a(packetbuf.o)
                0x0000467e                packetbuf_attr_copyfrom
 .any.text.packetbuf_set_attr
                0x000046a2        0xc build/z1/contiki-ng-z1.a(packetbuf.o)
                0x000046a2                packetbuf_set_attr
 .any.text.packetbuf_attr
                0x000046ae        0xa build/z1/contiki-ng-z1.a(packetbuf.o)
                0x000046ae                packetbuf_attr
 .any.text.packetbuf_set_addr
                0x000046b8       0x14 build/z1/contiki-ng-z1.a(packetbuf.o)
                0x000046b8                packetbuf_set_addr
 .any.text.packetbuf_addr
                0x000046cc        0xe build/z1/contiki-ng-z1.a(packetbuf.o)
                0x000046cc                packetbuf_addr
 .any.text.packetbuf_holds_broadcast
                0x000046da        0xe build/z1/contiki-ng-z1.a(packetbuf.o)
                0x000046da                packetbuf_holds_broadcast
 .any.text.netstack_process_ip_callback
                0x000046e8       0x46 build/z1/contiki-ng-z1.a(netstack.o)
                0x000046e8                netstack_process_ip_callback
 .any.text.netstack_init
                0x0000472e        0xe build/z1/contiki-ng-z1.a(netstack.o)
                0x0000472e                netstack_init
 .any.text.linkaddr_copy
                0x0000473c        0x8 build/z1/contiki-ng-z1.a(linkaddr.o)
                0x0000473c                linkaddr_copy
 .any.text.linkaddr_cmp
                0x00004744       0x12 build/z1/contiki-ng-z1.a(linkaddr.o)
                0x00004744                linkaddr_cmp
 .any.text.linkaddr_set_node_addr
                0x00004756        0xc build/z1/contiki-ng-z1.a(linkaddr.o)
                0x00004756                linkaddr_set_node_addr
 .any.text.on   0x00004762        0x6 build/z1/contiki-ng-z1.a(csma.o)
 .any.text.off  0x00004768        0x6 build/z1/contiki-ng-z1.a(csma.o)
 .any.text.max_payload
                0x0000476e       0x38 build/z1/contiki-ng-z1.a(csma.o)
 .any.text.send_packet
                0x000047a6        0x6 build/z1/contiki-ng-z1.a(csma.o)
 .any.text.init
                0x000047ac       0x1c build/z1/contiki-ng-z1.a(csma.o)
 .any.text.input_packet
                0x000047c8       0x58 build/z1/contiki-ng-z1.a(csma.o)
 .any.text.schedule_transmission
                0x00004820       0x66 build/z1/contiki-ng-z1.a(csma-output.o)
 .any.text.tx_done
                0x00004886       0x86 build/z1/contiki-ng-z1.a(csma-output.o)
 .any.text.transmit_from_queue
                0x0000490c      0x1ac build/z1/contiki-ng-z1.a(csma-output.o)
 .any.text.csma_output_packet
                0x00004ab8      0x174 build/z1/contiki-ng-z1.a(csma-output.o)
                0x00004ab8                csma_output_packet
 .any.text.csma_output_init
                0x00004c2c       0x1a build/z1/contiki-ng-z1.a(csma-output.o)
                0x00004c2c                csma_output_init
 .any.text.uip_ds6_default_prefix
                0x00004c46        0x6 build/z1/contiki-ng-z1.a(uip-ds6.o)
                0x00004c46                uip_ds6_default_prefix
 .any.text.uip_ds6_list_loop
                0x00004c4c       0x72 build/z1/contiki-ng-z1.a(uip-ds6.o)
                0x00004c4c                uip_ds6_list_loop
 .any.text.uip_ds6_prefix_add
                0x00004cbe       0x70 build/z1/contiki-ng-z1.a(uip-ds6.o)
                0x00004cbe                uip_ds6_prefix_add
 .any.text.uip_ds6_is_addr_onlink
                0x00004d2e       0x42 build/z1/contiki-ng-z1.a(uip-ds6.o)
                0x00004d2e                uip_ds6_is_addr_onlink
 .any.text.uip_ds6_addr_lookup
                0x00004d70       0x2a build/z1/contiki-ng-z1.a(uip-ds6.o)
                0x00004d70                uip_ds6_addr_lookup
 .any.text.uip_ds6_get_link_local
                0x00004d9a       0x3e build/z1/contiki-ng-z1.a(uip-ds6.o)
                0x00004d9a                uip_ds6_get_link_local
 .any.text.uip_ds6_maddr_add
                0x00004dd8       0x48 build/z1/contiki-ng-z1.a(uip-ds6.o)
                0x00004dd8                uip_ds6_maddr_add
 .any.text.uip_ds6_addr_add
                0x00004e20       0xb4 build/z1/contiki-ng-z1.a(uip-ds6.o)
                0x00004e20                uip_ds6_addr_add
 .any.text.uip_ds6_maddr_rm
                0x00004ed4        0xa build/z1/contiki-ng-z1.a(uip-ds6.o)
                0x00004ed4                uip_ds6_maddr_rm
 .any.text.uip_ds6_maddr_lookup
                0x00004ede       0x2a build/z1/contiki-ng-z1.a(uip-ds6.o)
                0x00004ede                uip_ds6_maddr_lookup
 .any.text.uip_ds6_addr_rm
                0x00004f08       0x54 build/z1/contiki-ng-z1.a(uip-ds6.o)
                0x00004f08                uip_ds6_addr_rm
 .any.text.uip_ds6_periodic
                0x00004f5c       0x46 build/z1/contiki-ng-z1.a(uip-ds6.o)
                0x00004f5c                uip_ds6_periodic
 .any.text.uip_ds6_set_addr_iid
                0x00004fa2       0x14 build/z1/contiki-ng-z1.a(uip-ds6.o)
                0x00004fa2                uip_ds6_set_addr_iid
 .any.text.uip_ds6_set_lladdr_from_iid
                0x00004fb6       0x14 build/z1/contiki-ng-z1.a(uip-ds6.o)
                0x00004fb6                uip_ds6_set_lladdr_from_iid
 .any.text.get_match_length
                0x00004fca       0x3c build/z1/contiki-ng-z1.a(uip-ds6.o)
                0x00004fca                get_match_length
 .any.text.uip_ds6_select_src
                0x00005006       0x9a build/z1/contiki-ng-z1.a(uip-ds6.o)
                0x00005006                uip_ds6_select_src
 .any.text.uip_ds6_compute_reachable_time
                0x000050a0       0x36 build/z1/contiki-ng-z1.a(uip-ds6.o)
                0x000050a0                uip_ds6_compute_reachable_time
 .any.text.uip_ds6_init
                0x000050d6      0x164 build/z1/contiki-ng-z1.a(uip-ds6.o)
                0x000050d6                uip_ds6_init
 .any.text.uip_ds6_route_init
                0x0000523a       0x12 build/z1/contiki-ng-z1.a(uip-ds6-route.o)
                0x0000523a                uip_ds6_route_init
 .any.text.uip_ds6_route_nexthop
                0x0000524c        0x4 build/z1/contiki-ng-z1.a(uip-ds6-route.o)
                0x0000524c                uip_ds6_route_nexthop
 .any.text.uip_ds6_route_lookup
                0x00005250        0x4 build/z1/contiki-ng-z1.a(uip-ds6-route.o)
                0x00005250                uip_ds6_route_lookup
 .any.text.uip_ds6_route_rm
                0x00005254        0x2 build/z1/contiki-ng-z1.a(uip-ds6-route.o)
                0x00005254                uip_ds6_route_rm
 .any.text.uip_ds6_defrt_rm
                0x00005256       0x38 build/z1/contiki-ng-z1.a(uip-ds6-route.o)
                0x00005256                uip_ds6_defrt_rm
 .any.text.uip_ds6_defrt_lookup
                0x0000528e       0x3c build/z1/contiki-ng-z1.a(uip-ds6-route.o)
                0x0000528e                uip_ds6_defrt_lookup
 .any.text.uip_ds6_defrt_add
                0x000052ca       0x66 build/z1/contiki-ng-z1.a(uip-ds6-route.o)
                0x000052ca                uip_ds6_defrt_add
 .any.text.uip_ds6_defrt_choose
                0x00005330       0x36 build/z1/contiki-ng-z1.a(uip-ds6-route.o)
                0x00005330                uip_ds6_defrt_choose
 .any.text.uip_ds6_defrt_periodic
                0x00005366       0x38 build/z1/contiki-ng-z1.a(uip-ds6-route.o)
                0x00005366                uip_ds6_defrt_periodic
 .any.text.uip_ds6_nbr_rm
                0x0000539e       0x1e build/z1/contiki-ng-z1.a(uip-ds6-nbr.o)
                0x0000539e                uip_ds6_nbr_rm
 .any.text.uip_ds6_neighbors_init
                0x000053bc       0x12 build/z1/contiki-ng-z1.a(uip-ds6-nbr.o)
                0x000053bc                uip_ds6_neighbors_init
 .any.text.uip_ds6_nbr_add
                0x000053ce       0x36 build/z1/contiki-ng-z1.a(uip-ds6-nbr.o)
                0x000053ce                uip_ds6_nbr_add
 .any.text.uip_ds6_nbr_get_ll
                0x00005404        0xc build/z1/contiki-ng-z1.a(uip-ds6-nbr.o)
                0x00005404                uip_ds6_nbr_get_ll
 .any.text.uip_ds6_nbr_head
                0x00005410        0xa build/z1/contiki-ng-z1.a(uip-ds6-nbr.o)
                0x00005410                uip_ds6_nbr_head
 .any.text.uip_ds6_nbr_next
                0x0000541a        0xc build/z1/contiki-ng-z1.a(uip-ds6-nbr.o)
                0x0000541a                uip_ds6_nbr_next
 .any.text.uip_ds6_nbr_lookup
                0x00005426       0x36 build/z1/contiki-ng-z1.a(uip-ds6-nbr.o)
                0x00005426                uip_ds6_nbr_lookup
 .any.text.uip_ds6_nbr_ll_lookup
                0x0000545c        0xc build/z1/contiki-ng-z1.a(uip-ds6-nbr.o)
                0x0000545c                uip_ds6_nbr_ll_lookup
 .any.text.uip_ds6_nbr_update_ll
                0x00005468       0x6e build/z1/contiki-ng-z1.a(uip-ds6-nbr.o)
                0x00005468                uip_ds6_nbr_update_ll
 .any.text.uip_ds6_nbr_ipaddr_from_lladdr
                0x000054d6        0x6 build/z1/contiki-ng-z1.a(uip-ds6-nbr.o)
                0x000054d6                uip_ds6_nbr_ipaddr_from_lladdr
 .any.text.uip_ds6_nbr_lladdr_from_ipaddr
                0x000054dc       0x12 build/z1/contiki-ng-z1.a(uip-ds6-nbr.o)
                0x000054dc                uip_ds6_nbr_lladdr_from_ipaddr
 .any.text.uip_ds6_link_callback
                0x000054ee        0x2 build/z1/contiki-ng-z1.a(uip-ds6-nbr.o)
                0x000054ee                uip_ds6_link_callback
 .any.text.tcpip_output
                0x000054f0       0x22 build/z1/contiki-ng-z1.a(tcpip.o)
                0x000054f0                tcpip_output
 .any.text.tcpip_input
                0x00005512       0x1e build/z1/contiki-ng-z1.a(tcpip.o)
                0x00005512                tcpip_input
 .any.text.tcpip_ipv6_output
                0x00005530      0x10c build/z1/contiki-ng-z1.a(tcpip.o)
                0x00005530                tcpip_ipv6_output
 .any.text.packet_input.part.3
                0x0000563c       0x12 build/z1/contiki-ng-z1.a(tcpip.o)
 .any.text.process_thread_tcpip_process
                0x0000564e       0xc2 build/z1/contiki-ng-z1.a(tcpip.o)
 .any.text.tcpip_uipcall
                0x00005710       0x2a build/z1/contiki-ng-z1.a(tcpip.o)
                0x00005710                tcpip_uipcall
 .any.text.chksum
                0x0000573a       0x32 build/z1/contiki-ng-z1.a(uip6.o)
 .any.text.upper_layer_chksum
                0x0000576c       0x54 build/z1/contiki-ng-z1.a(uip6.o)
 .any.text.ext_hdr_options_process
                0x000057c0       0x92 build/z1/contiki-ng-z1.a(uip6.o)
 .any.text.uip_check_mtu
                0x00005852       0x1e build/z1/contiki-ng-z1.a(uip6.o)
 .any.text.uip_update_ttl
                0x00005870       0x24 build/z1/contiki-ng-z1.a(uip6.o)
 .any.text.uip_icmp6chksum
                0x00005894        0xa build/z1/contiki-ng-z1.a(uip6.o)
                0x00005894                uip_icmp6chksum
 .any.text.uip_udpchksum
                0x0000589e        0xa build/z1/contiki-ng-z1.a(uip6.o)
                0x0000589e                uip_udpchksum
 .any.text.uip_init
                0x000058a8       0x24 build/z1/contiki-ng-z1.a(uip6.o)
                0x000058a8                uip_init
 .any.text.uip_remove_ext_hdr
                0x000058cc       0x5e build/z1/contiki-ng-z1.a(uip6.o)
                0x000058cc                uip_remove_ext_hdr
 .any.text.uip_process
                0x0000592a      0x4b6 build/z1/contiki-ng-z1.a(uip6.o)
                0x0000592a                uip_process
 .any.text.uip_htonl
                0x00005de0       0x2a build/z1/contiki-ng-z1.a(uip6.o)
                0x00005de0                uip_htonl
 .any.text.ns_input
                0x00005e0a      0x27e build/z1/contiki-ng-z1.a(uip-nd6.o)
 .any.text.uip_nd6_init
                0x00006088        0xa build/z1/contiki-ng-z1.a(uip-nd6.o)
                0x00006088                uip_nd6_init
 .any.text.clear_fragments
                0x00006092       0x38 build/z1/contiki-ng-z1.a(sicslowpan.o)
 .any.text.addr_context_lookup_by_number
                0x000060ca       0x16 build/z1/contiki-ng-z1.a(sicslowpan.o)
 .any.text.sicslowpan_init
                0x000060e0       0x18 build/z1/contiki-ng-z1.a(sicslowpan.o)
                0x000060e0                sicslowpan_init
 .any.text.set_packet_attrs
                0x000060f8       0x66 build/z1/contiki-ng-z1.a(sicslowpan.o)
 .any.text.compress_addr_64
                0x0000615e       0x9a build/z1/contiki-ng-z1.a(sicslowpan.o)
 .any.text.addr_context_lookup_by_prefix
                0x000061f8       0x20 build/z1/contiki-ng-z1.a(sicslowpan.o)
 .any.text.send_packet
                0x00006218       0x1a build/z1/contiki-ng-z1.a(sicslowpan.o)
 .any.text.fragment_copy_payload_and_send
                0x00006232       0x5e build/z1/contiki-ng-z1.a(sicslowpan.o)
 .any.text.output
                0x00006290      0x772 build/z1/contiki-ng-z1.a(sicslowpan.o)
 .any.text.packet_sent
                0x00006a02       0x4e build/z1/contiki-ng-z1.a(sicslowpan.o)
 .any.text.store_fragment
                0x00006a50       0x6e build/z1/contiki-ng-z1.a(sicslowpan.o)
 .any.text.add_fragment
                0x00006abe      0x16a build/z1/contiki-ng-z1.a(sicslowpan.o)
 .any.text.uncompress_addr
                0x00006c28       0x96 build/z1/contiki-ng-z1.a(sicslowpan.o)
 .any.text.input
                0x00006cbe      0x7b8 build/z1/contiki-ng-z1.a(sicslowpan.o)
 .any.text.uiplib_ipaddr_snprint
                0x00007476      0x114 build/z1/contiki-ng-z1.a(uiplib.o)
                0x00007476                uiplib_ipaddr_snprint
 .any.text.rpl_has_joined
                0x0000758a       0x12 build/z1/contiki-ng-z1.a(rpl.o)
                0x0000758a                rpl_has_joined
 .any.text.rpl_is_reachable
                0x0000759c       0x12 build/z1/contiki-ng-z1.a(rpl.o)
                0x0000759c                rpl_is_reachable
 .any.text.neighbor_state_changed
                0x000075ae        0x2 build/z1/contiki-ng-z1.a(rpl.o)
 .any.text.drop_route
                0x000075b0        0x2 build/z1/contiki-ng-z1.a(rpl.o)
 .any.text.rpl_get_leaf_only
                0x000075b2        0x6 build/z1/contiki-ng-z1.a(rpl.o)
                0x000075b2                rpl_get_leaf_only
 .any.text.get_sr_node_ipaddr
                0x000075b8       0x30 build/z1/contiki-ng-z1.a(rpl.o)
 .any.text.init
                0x000075e8       0x42 build/z1/contiki-ng-z1.a(rpl.o)
 .any.text.set_ip_from_prefix
                0x0000762a       0x30 build/z1/contiki-ng-z1.a(rpl.o)
 .any.text.rpl_link_callback
                0x0000765a       0x1e build/z1/contiki-ng-z1.a(rpl.o)
                0x0000765a                rpl_link_callback
 .any.text.rpl_lollipop_greater_than
                0x00007678       0x3c build/z1/contiki-ng-z1.a(rpl.o)
                0x00007678                rpl_lollipop_greater_than
 .any.text.rpl_get_global_address
                0x000076b4       0x8c build/z1/contiki-ng-z1.a(rpl.o)
                0x000076b4                rpl_get_global_address
 .any.text.rpl_reset_prefix
                0x00007740       0x24 build/z1/contiki-ng-z1.a(rpl.o)
                0x00007740                rpl_reset_prefix
 .any.text.rpl_set_prefix_from_addr
                0x00007764       0x80 build/z1/contiki-ng-z1.a(rpl.o)
                0x00007764                rpl_set_prefix_from_addr
 .any.text.get32
                0x000077e4       0x3e build/z1/contiki-ng-z1.a(rpl-icmp6.o)
 .any.text.set32
                0x00007822       0x2a build/z1/contiki-ng-z1.a(rpl-icmp6.o)
 .any.text.get16
                0x0000784c        0xe build/z1/contiki-ng-z1.a(rpl-icmp6.o)
 .any.text.set16
                0x0000785a       0x10 build/z1/contiki-ng-z1.a(rpl-icmp6.o)
 .any.text.dao_ack_input
                0x0000786a       0x30 build/z1/contiki-ng-z1.a(rpl-icmp6.o)
 .any.text.dao_input
                0x0000789a      0x128 build/z1/contiki-ng-z1.a(rpl-icmp6.o)
 .any.text.dio_input
                0x000079c2      0x274 build/z1/contiki-ng-z1.a(rpl-icmp6.o)
 .any.text.dis_input
                0x00007c36       0x1e build/z1/contiki-ng-z1.a(rpl-icmp6.o)
 .any.text.rpl_icmp6_update_nbr_table
                0x00007c54       0x2e build/z1/contiki-ng-z1.a(rpl-icmp6.o)
                0x00007c54                rpl_icmp6_update_nbr_table
 .any.text.rpl_icmp6_dis_output
                0x00007c82       0x34 build/z1/contiki-ng-z1.a(rpl-icmp6.o)
                0x00007c82                rpl_icmp6_dis_output
 .any.text.rpl_icmp6_dio_output
                0x00007cb6      0x218 build/z1/contiki-ng-z1.a(rpl-icmp6.o)
                0x00007cb6                rpl_icmp6_dio_output
 .any.text.rpl_icmp6_dao_output
                0x00007ece       0xd6 build/z1/contiki-ng-z1.a(rpl-icmp6.o)
                0x00007ece                rpl_icmp6_dao_output
 .any.text.rpl_icmp6_dao_ack_output
                0x00007fa4       0x46 build/z1/contiki-ng-z1.a(rpl-icmp6.o)
                0x00007fa4                rpl_icmp6_dao_ack_output
 .any.text.rpl_icmp6_init
                0x00007fea       0x22 build/z1/contiki-ng-z1.a(rpl-icmp6.o)
                0x00007fea                rpl_icmp6_init
 .any.text.rpl_dag_root_set_prefix
                0x0000800c       0x5e build/z1/contiki-ng-z1.a(rpl-dag-root.o)
                0x0000800c                rpl_dag_root_set_prefix
 .any.text.rpl_dag_root_start
                0x0000806a       0x82 build/z1/contiki-ng-z1.a(rpl-dag-root.o)
                0x0000806a                rpl_dag_root_start
 .any.text.rpl_dag_root_is_root
                0x000080ec       0x14 build/z1/contiki-ng-z1.a(rpl-dag-root.o)
                0x000080ec                rpl_dag_root_is_root
 .any.text.init_platform
                0x00008100        0xc build/z1/contiki-ng-z1.a(contiki-z1-plat)
                0x00008100                init_platform
 .any.text.leds_init
                0x0000810c        0x6 build/z1/contiki-ng-z1.a(leds.o)
                0x0000810c                leds_init
 .any.text.leds_on
                0x00008112       0x12 build/z1/contiki-ng-z1.a(leds.o)
                0x00008112                leds_on
 .any.text.leds_off
                0x00008124       0x12 build/z1/contiki-ng-z1.a(leds.o)
                0x00008124                leds_off
 .any.text.wait_ready
                0x00008136       0x46 build/z1/contiki-ng-z1.a(xmem.o)
 .any.text.xmem_init
                0x0000817c       0x1e build/z1/contiki-ng-z1.a(xmem.o)
                0x0000817c                xmem_init
 .any.text.xmem_pread
                0x0000819a       0x88 build/z1/contiki-ng-z1.a(xmem.o)
                0x0000819a                xmem_pread
 .any.text.spi_init
                0x00008222       0x32 build/z1/contiki-ng-z1.a(spi-legacy.o)
                0x00008222                spi_init
 .any.text.get_object
                0x00008254        0x4 build/z1/contiki-ng-z1.a(cc2420.o)
 .any.text.set_object
                0x00008258        0x4 build/z1/contiki-ng-z1.a(cc2420.o)
 .any.text.strobe
                0x0000825c       0x1a build/z1/contiki-ng-z1.a(cc2420.o)
 .any.text.getreg
                0x00008276       0x46 build/z1/contiki-ng-z1.a(cc2420.o)
 .any.text.setreg
                0x000082bc       0x44 build/z1/contiki-ng-z1.a(cc2420.o)
 .any.text.write_ram
                0x00008300       0x72 build/z1/contiki-ng-z1.a(cc2420.o)
 .any.text.write_fifo_buf
                0x00008372       0x38 build/z1/contiki-ng-z1.a(cc2420.o)
 .any.text.get_status
                0x000083aa       0x1e build/z1/contiki-ng-z1.a(cc2420.o)
 .any.text.on   0x000083c8       0x1a build/z1/contiki-ng-z1.a(cc2420.o)
 .any.text.cc2420_receiving_packet
                0x000083e2        0xa build/z1/contiki-ng-z1.a(cc2420.o)
 .any.text.pending_packet
                0x000083ec        0xa build/z1/contiki-ng-z1.a(cc2420.o)
 .any.text.wait_for_transmission
                0x000083f6       0x22 build/z1/contiki-ng-z1.a(cc2420.o)
 .any.text.wait_for_status
                0x00008418       0x24 build/z1/contiki-ng-z1.a(cc2420.o)
 .any.text.getrxdata
                0x0000843c       0x4c build/z1/contiki-ng-z1.a(cc2420.o)
 .any.text.flushrx
                0x00008488       0x1a build/z1/contiki-ng-z1.a(cc2420.o)
 .any.text.off  0x000084a2       0x28 build/z1/contiki-ng-z1.a(cc2420.o)
 .any.text.RELEASE_LOCK
                0x000084ca       0x28 build/z1/contiki-ng-z1.a(cc2420.o)
 .any.text.set_frame_filtering
                0x000084f2       0x30 build/z1/contiki-ng-z1.a(cc2420.o)
 .any.text.set_auto_ack
                0x00008522       0x30 build/z1/contiki-ng-z1.a(cc2420.o)
 .any.text.set_poll_mode
                0x00008552       0x2c build/z1/contiki-ng-z1.a(cc2420.o)
 .any.text.cc2420_prepare
                0x0000857e       0x42 build/z1/contiki-ng-z1.a(cc2420.o)
 .any.text.cc2420_on
                0x000085c0       0x22 build/z1/contiki-ng-z1.a(cc2420.o)
                0x000085c0                cc2420_on
 .any.text.cc2420_transmit
                0x000085e2       0x66 build/z1/contiki-ng-z1.a(cc2420.o)
 .any.text.cc2420_send
                0x00008648       0x12 build/z1/contiki-ng-z1.a(cc2420.o)
 .any.text.cc2420_off
                0x0000865a       0x30 build/z1/contiki-ng-z1.a(cc2420.o)
                0x0000865a                cc2420_off
 .any.text.cc2420_cca
                0x0000868a       0x54 build/z1/contiki-ng-z1.a(cc2420.o)
 .any.text.cc2420_read
                0x000086de       0xba build/z1/contiki-ng-z1.a(cc2420.o)
 .any.text.process_thread_cc2420_process
                0x00008798       0x62 build/z1/contiki-ng-z1.a(cc2420.o)
 .any.text.cc2420_set_channel
                0x000087fa       0x3a build/z1/contiki-ng-z1.a(cc2420.o)
                0x000087fa                cc2420_set_channel
 .any.text.cc2420_set_pan_addr
                0x00008834       0x4c build/z1/contiki-ng-z1.a(cc2420.o)
                0x00008834                cc2420_set_pan_addr
 .any.text.cc2420_interrupt
                0x00008880       0x16 build/z1/contiki-ng-z1.a(cc2420.o)
                0x00008880                cc2420_interrupt
 .any.text.cc2420_set_txpower
                0x00008896       0x2c build/z1/contiki-ng-z1.a(cc2420.o)
                0x00008896                cc2420_set_txpower
 .any.text.cc2420_get_txpower
                0x000088c2       0x1e build/z1/contiki-ng-z1.a(cc2420.o)
                0x000088c2                cc2420_get_txpower
 .any.text.cc2420_rssi
                0x000088e0       0x48 build/z1/contiki-ng-z1.a(cc2420.o)
                0x000088e0                cc2420_rssi
 .any.text.get_value
                0x00008928      0x11e build/z1/contiki-ng-z1.a(cc2420.o)
 .any.text.cc2420_set_cca_threshold
                0x00008a46       0x16 build/z1/contiki-ng-z1.a(cc2420.o)
                0x00008a46                cc2420_set_cca_threshold
 .any.text.set_value
                0x00008a5c      0x14a build/z1/contiki-ng-z1.a(cc2420.o)
 .any.text.cc2420_init
                0x00008ba6       0xea build/z1/contiki-ng-z1.a(cc2420.o)
                0x00008ba6                cc2420_init
 .any.text.cc2420_arch_init
                0x00008c90       0x1a build/z1/contiki-ng-z1.a(cc2420-arch.o)
                0x00008c90                cc2420_arch_init
 .any.text.node_id_z1_restore
                0x00008caa       0x4c build/z1/contiki-ng-z1.a(node-id-z1.o)
                0x00008caa                node_id_z1_restore
 .any.text.process_thread_sensors_process
                0x00008cf6       0xc2 build/z1/contiki-ng-z1.a(sensors.o)
 .any.text.sensors_changed
                0x00008db8       0x2a build/z1/contiki-ng-z1.a(sensors.o)
                0x00008db8                sensors_changed
 .any.text.uart0_active
                0x00008de2        0xe build/z1/contiki-ng-z1.a(uart0.o)
                0x00008de2                uart0_active
 .any.text.uart0_writeb
                0x00008df0       0x16 build/z1/contiki-ng-z1.a(uart0.o)
                0x00008df0                uart0_writeb
 .any.text.uart0_init
                0x00008e06       0x4e build/z1/contiki-ng-z1.a(uart0.o)
                0x00008e06                uart0_init
 .any.text.status
                0x00008e54       0x12 build/z1/contiki-ng-z1.a(adxl345.o)
 .any.text.accm_write_reg
                0x00008e66       0x2e build/z1/contiki-ng-z1.a(adxl345.o)
 .any.text.accm_write_stream
                0x00008e94       0x2a build/z1/contiki-ng-z1.a(adxl345.o)
 .any.text.accm_read_reg
                0x00008ebe       0x54 build/z1/contiki-ng-z1.a(adxl345.o)
 .any.text.process_thread_accmeter_process
                0x00008f12       0x56 build/z1/contiki-ng-z1.a(adxl345.o)
 .any.text.accm_read_axis.part.0
                0x00008f68       0x5a build/z1/contiki-ng-z1.a(adxl345.o)
 .any.text.value
                0x00008fc2       0x1e build/z1/contiki-ng-z1.a(adxl345.o)
 .any.text.accm_init
                0x00008fe0       0x78 build/z1/contiki-ng-z1.a(adxl345.o)
                0x00008fe0                accm_init
 .any.text.accm_stop
                0x00009058       0x32 build/z1/contiki-ng-z1.a(adxl345.o)
                0x00009058                accm_stop
 .any.text.configure
                0x0000908a       0x26 build/z1/contiki-ng-z1.a(adxl345.o)
 .any.text.status
                0x000090b0       0x12 build/z1/contiki-ng-z1.a(tmp102.o)
 .any.text.tmp102_init
                0x000090c2       0x24 build/z1/contiki-ng-z1.a(tmp102.o)
                0x000090c2                tmp102_init
 .any.text.tmp102_stop
                0x000090e6        0xa build/z1/contiki-ng-z1.a(tmp102.o)
                0x000090e6                tmp102_stop
 .any.text.configure
                0x000090f0       0x26 build/z1/contiki-ng-z1.a(tmp102.o)
 .any.text.tmp102_read_reg
                0x00009116       0x5e build/z1/contiki-ng-z1.a(tmp102.o)
                0x00009116                tmp102_read_reg
 .any.text.tmp102_read_temp_x100
                0x00009174       0x58 build/z1/contiki-ng-z1.a(tmp102.o)
                0x00009174                tmp102_read_temp_x100
 .any.text.value
                0x000091cc        0x6 build/z1/contiki-ng-z1.a(tmp102.o)
 .any.text.leds_arch_init
                0x000091d2        0xe build/z1/contiki-ng-z1.a(leds-arch.o)
                0x000091d2                leds_arch_init
 .any.text.leds_arch_get
                0x000091e0       0x34 build/z1/contiki-ng-z1.a(leds-arch.o)
                0x000091e0                leds_arch_get
 .any.text.leds_arch_set
                0x00009214       0x3e build/z1/contiki-ng-z1.a(leds-arch.o)
                0x00009214                leds_arch_set
 .any.text.rtimer_arch_init
                0x00009252        0xe build/z1/contiki-ng-z1.a(rtimer-arch.o)
                0x00009252                rtimer_arch_init
 .any.text.rtimer_arch_now
                0x00009260        0xe build/z1/contiki-ng-z1.a(rtimer-arch.o)
                0x00009260                rtimer_arch_now
 .any.text.rtimer_arch_schedule
                0x0000926e        0x6 build/z1/contiki-ng-z1.a(rtimer-arch.o)
                0x0000926e                rtimer_arch_schedule
 .any.text.stimer_set
                0x00009274       0x1c build/z1/contiki-ng-z1.a(stimer.o)
                0x00009274                stimer_set
 .any.text.stimer_expired
                0x00009290       0x30 build/z1/contiki-ng-z1.a(stimer.o)
                0x00009290                stimer_expired
 .any.text.memb_init
                0x000092c0       0x36 build/z1/contiki-ng-z1.a(memb.o)
                0x000092c0                memb_init
 .any.text.memb_alloc
                0x000092f6       0x3e build/z1/contiki-ng-z1.a(memb.o)
                0x000092f6                memb_alloc
 .any.text.memb_free
                0x00009334       0x32 build/z1/contiki-ng-z1.a(memb.o)
                0x00009334                memb_free
 .any.text.memb_inmemb
                0x00009366       0x2a build/z1/contiki-ng-z1.a(memb.o)
                0x00009366                memb_inmemb
 .any.text.memb_numfree
                0x00009390       0x26 build/z1/contiki-ng-z1.a(memb.o)
                0x00009390                memb_numfree
 .any.text.item_from_index
                0x000093b6       0x2a build/z1/contiki-ng-z1.a(nbr-table.o)
 .any.text.index_from_key
                0x000093e0       0x26 build/z1/contiki-ng-z1.a(nbr-table.o)
 .any.text.index_from_item
                0x00009406       0x1e build/z1/contiki-ng-z1.a(nbr-table.o)
 .any.text.nbr_set_bit
                0x00009424       0x50 build/z1/contiki-ng-z1.a(nbr-table.o)
 .any.text.index_from_lladdr
                0x00009474       0x3e build/z1/contiki-ng-z1.a(nbr-table.o)
 .any.text.nbr_get_bit.constprop.0
                0x000094b2       0x2c build/z1/contiki-ng-z1.a(nbr-table.o)
 .any.text.nbr_table_is_registered
                0x000094de       0x22 build/z1/contiki-ng-z1.a(nbr-table.o)
                0x000094de                nbr_table_is_registered
 .any.text.nbr_table_register
                0x00009500       0x3c build/z1/contiki-ng-z1.a(nbr-table.o)
                0x00009500                nbr_table_register
 .any.text.nbr_table_next
                0x0000953c       0x4c build/z1/contiki-ng-z1.a(nbr-table.o)
                0x0000953c                nbr_table_next
 .any.text.nbr_table_head
                0x00009588       0x36 build/z1/contiki-ng-z1.a(nbr-table.o)
                0x00009588                nbr_table_head
 .any.text.nbr_table_add_lladdr
                0x000095be      0x14e build/z1/contiki-ng-z1.a(nbr-table.o)
                0x000095be                nbr_table_add_lladdr
 .any.text.nbr_table_get_from_lladdr
                0x0000970c       0x28 build/z1/contiki-ng-z1.a(nbr-table.o)
                0x0000970c                nbr_table_get_from_lladdr
 .any.text.nbr_table_remove
                0x00009734       0x2a build/z1/contiki-ng-z1.a(nbr-table.o)
                0x00009734                nbr_table_remove
 .any.text.nbr_table_lock
                0x0000975e       0x10 build/z1/contiki-ng-z1.a(nbr-table.o)
                0x0000975e                nbr_table_lock
 .any.text.nbr_table_unlock
                0x0000976e       0x10 build/z1/contiki-ng-z1.a(nbr-table.o)
                0x0000976e                nbr_table_unlock
 .any.text.nbr_table_get_lladdr
                0x0000977e       0x20 build/z1/contiki-ng-z1.a(nbr-table.o)
                0x0000977e                nbr_table_get_lladdr
 .any.text.periodic
                0x0000979e       0x2c build/z1/contiki-ng-z1.a(link-stats.o)
 .any.text.link_stats_from_lladdr
                0x000097ca        0xc build/z1/contiki-ng-z1.a(link-stats.o)
                0x000097ca                link_stats_from_lladdr
 .any.text.link_stats_is_fresh
                0x000097d6       0x30 build/z1/contiki-ng-z1.a(link-stats.o)
                0x000097d6                link_stats_is_fresh
 .any.text.guess_etx_from_rssi
                0x00009806       0x42 build/z1/contiki-ng-z1.a(link-stats.o)
                0x00009806                guess_etx_from_rssi
 .any.text.link_stats_packet_sent
                0x00009848       0xcc build/z1/contiki-ng-z1.a(link-stats.o)
                0x00009848                link_stats_packet_sent
 .any.text.link_stats_input_callback
                0x00009914       0xaa build/z1/contiki-ng-z1.a(link-stats.o)
                0x00009914                link_stats_input_callback
 .any.text.link_stats_reset
                0x000099be       0x2a build/z1/contiki-ng-z1.a(link-stats.o)
                0x000099be                link_stats_reset
 .any.text.link_stats_init
                0x000099e8       0x22 build/z1/contiki-ng-z1.a(link-stats.o)
                0x000099e8                link_stats_init
 .any.text.mac_sequence_is_duplicate
                0x00009a0a       0x6e build/z1/contiki-ng-z1.a(mac-sequence.o)
                0x00009a0a                mac_sequence_is_duplicate
 .any.text.mac_sequence_register_seqno
                0x00009a78       0x86 build/z1/contiki-ng-z1.a(mac-sequence.o)
                0x00009a78                mac_sequence_register_seqno
 .any.text.mac_call_sent_callback
                0x00009afe       0x14 build/z1/contiki-ng-z1.a(mac.o)
                0x00009afe                mac_call_sent_callback
 .any.text.parse
                0x00009b12       0x9c build/z1/contiki-ng-z1.a(framer-802154.o)
 .any.text.framer_802154_setup_params
                0x00009bae       0xb0 build/z1/contiki-ng-z1.a(framer-802154.o)
                0x00009bae                framer_802154_setup_params
 .any.text.create_frame
                0x00009c5e       0xda build/z1/contiki-ng-z1.a(framer-802154.o)
 .any.text.create
                0x00009d38        0x8 build/z1/contiki-ng-z1.a(framer-802154.o)
 .any.text.hdr_length
                0x00009d40        0x8 build/z1/contiki-ng-z1.a(framer-802154.o)
 .any.text.frame802154_get_pan_id
                0x00009d48        0x6 build/z1/contiki-ng-z1.a(frame802154.o)
                0x00009d48                frame802154_get_pan_id
 .any.text.frame802154_has_panid
                0x00009d4e       0xe0 build/z1/contiki-ng-z1.a(frame802154.o)
                0x00009d4e                frame802154_has_panid
 .any.text.field_len
                0x00009e2e       0xa8 build/z1/contiki-ng-z1.a(frame802154.o)
 .any.text.frame802154_is_broadcast_addr
                0x00009ed6       0x28 build/z1/contiki-ng-z1.a(frame802154.o)
                0x00009ed6                frame802154_is_broadcast_addr
 .any.text.frame802154_hdrlen
                0x00009efe       0x32 build/z1/contiki-ng-z1.a(frame802154.o)
                0x00009efe                frame802154_hdrlen
 .any.text.frame802154_create_fcf
                0x00009f30       0x6e build/z1/contiki-ng-z1.a(frame802154.o)
                0x00009f30                frame802154_create_fcf
 .any.text.frame802154_create
                0x00009f9e       0xd4 build/z1/contiki-ng-z1.a(frame802154.o)
                0x00009f9e                frame802154_create
 .any.text.frame802154_parse_fcf
                0x0000a072       0x8c build/z1/contiki-ng-z1.a(frame802154.o)
                0x0000a072                frame802154_parse_fcf
 .any.text.frame802154_parse
                0x0000a0fe      0x15c build/z1/contiki-ng-z1.a(frame802154.o)
                0x0000a0fe                frame802154_parse
 .any.text.csma_security_create_frame
                0x0000a25a       0x10 build/z1/contiki-ng-z1.a(csma-security.o)
                0x0000a25a                csma_security_create_frame
 .any.text.csma_security_parse_frame
                0x0000a26a        0x6 build/z1/contiki-ng-z1.a(csma-security.o)
                0x0000a26a                csma_security_parse_frame
 .any.text.uipbuf_add_ext_hdr
                0x0000a270       0x1c build/z1/contiki-ng-z1.a(uipbuf.o)
                0x0000a270                uipbuf_add_ext_hdr
 .any.text.uipbuf_set_len
                0x0000a28c       0x12 build/z1/contiki-ng-z1.a(uipbuf.o)
                0x0000a28c                uipbuf_set_len
 .any.text.uipbuf_set_len_field
                0x0000a29e        0xe build/z1/contiki-ng-z1.a(uipbuf.o)
                0x0000a29e                uipbuf_set_len_field
 .any.text.uipbuf_get_len_field
                0x0000a2ac        0xe build/z1/contiki-ng-z1.a(uipbuf.o)
                0x0000a2ac                uipbuf_get_len_field
 .any.text.uipbuf_get_next_header
                0x0000a2ba       0x5a build/z1/contiki-ng-z1.a(uipbuf.o)
                0x0000a2ba                uipbuf_get_next_header
 .any.text.uipbuf_get_last_header
                0x0000a314       0x36 build/z1/contiki-ng-z1.a(uipbuf.o)
                0x0000a314                uipbuf_get_last_header
 .any.text.uipbuf_search_header
                0x0000a34a       0x46 build/z1/contiki-ng-z1.a(uipbuf.o)
                0x0000a34a                uipbuf_search_header
 .any.text.uipbuf_get_attr
                0x0000a390       0x14 build/z1/contiki-ng-z1.a(uipbuf.o)
                0x0000a390                uipbuf_get_attr
 .any.text.uipbuf_clear_attr
                0x0000a3a4       0x12 build/z1/contiki-ng-z1.a(uipbuf.o)
                0x0000a3a4                uipbuf_clear_attr
 .any.text.uipbuf_clear
                0x0000a3b6       0x12 build/z1/contiki-ng-z1.a(uipbuf.o)
                0x0000a3b6                uipbuf_clear
 .any.text.uipbuf_init
                0x0000a3c8       0x1a build/z1/contiki-ng-z1.a(uipbuf.o)
                0x0000a3c8                uipbuf_init
 .any.text.echo_reply_input
                0x0000a3e2       0x60 build/z1/contiki-ng-z1.a(uip-icmp6.o)
 .any.text.echo_request_input
                0x0000a442       0x86 build/z1/contiki-ng-z1.a(uip-icmp6.o)
 .any.text.uip_icmp6_input
                0x0000a4c8       0x44 build/z1/contiki-ng-z1.a(uip-icmp6.o)
                0x0000a4c8                uip_icmp6_input
 .any.text.uip_icmp6_register_input_handler
                0x0000a50c        0xc build/z1/contiki-ng-z1.a(uip-icmp6.o)
                0x0000a50c                uip_icmp6_register_input_handler
 .any.text.uip_icmp6_error_output
                0x0000a518      0x136 build/z1/contiki-ng-z1.a(uip-icmp6.o)
                0x0000a518                uip_icmp6_error_output
 .any.text.uip_icmp6_send
                0x0000a64e       0x82 build/z1/contiki-ng-z1.a(uip-icmp6.o)
                0x0000a64e                uip_icmp6_send
 .any.text.uip_icmp6_init
                0x0000a6d0       0x12 build/z1/contiki-ng-z1.a(uip-icmp6.o)
                0x0000a6d0                uip_icmp6_init
 .any.text.node_matches_address.part.0
                0x0000a6e2       0x2e build/z1/contiki-ng-z1.a(uip-sr.o)
 .any.text.uip_sr_get_node
                0x0000a710       0x3c build/z1/contiki-ng-z1.a(uip-sr.o)
                0x0000a710                uip_sr_get_node
 .any.text.uip_sr_is_addr_reachable
                0x0000a74c       0x4a build/z1/contiki-ng-z1.a(uip-sr.o)
                0x0000a74c                uip_sr_is_addr_reachable
 .any.text.uip_sr_expire_parent
                0x0000a796       0x3a build/z1/contiki-ng-z1.a(uip-sr.o)
                0x0000a796                uip_sr_expire_parent
 .any.text.uip_sr_update_node
                0x0000a7d0       0xac build/z1/contiki-ng-z1.a(uip-sr.o)
                0x0000a7d0                uip_sr_update_node
 .any.text.uip_sr_init
                0x0000a87c       0x16 build/z1/contiki-ng-z1.a(uip-sr.o)
                0x0000a87c                uip_sr_init
 .any.text.uip_sr_periodic
                0x0000a892       0x8a build/z1/contiki-ng-z1.a(uip-sr.o)
                0x0000a892                uip_sr_periodic
 .any.text.uip_sr_free_all
                0x0000a91c       0x38 build/z1/contiki-ng-z1.a(uip-sr.o)
                0x0000a91c                uip_sr_free_all
 .any.text.init_dag
                0x0000a954       0x78 build/z1/contiki-ng-z1.a(rpl-dag.o)
 .any.text.process_dio_init_dag
                0x0000a9cc       0xb0 build/z1/contiki-ng-z1.a(rpl-dag.o)
 .any.text.rpl_dag_get_root_ipaddr
                0x0000aa7c       0x1e build/z1/contiki-ng-z1.a(rpl-dag.o)
                0x0000aa7c                rpl_dag_get_root_ipaddr
 .any.text.rpl_dag_leave
                0x0000aa9a       0x4a build/z1/contiki-ng-z1.a(rpl-dag.o)
                0x0000aa9a                rpl_dag_leave
 .any.text.rpl_dag_poison_and_leave
                0x0000aae4        0xc build/z1/contiki-ng-z1.a(rpl-dag.o)
                0x0000aae4                rpl_dag_poison_and_leave
 .any.text.rpl_dag_periodic
                0x0000aaf0       0x6a build/z1/contiki-ng-z1.a(rpl-dag.o)
                0x0000aaf0                rpl_dag_periodic
 .any.text.rpl_is_addr_in_our_dag
                0x0000ab5a       0x26 build/z1/contiki-ng-z1.a(rpl-dag.o)
                0x0000ab5a                rpl_is_addr_in_our_dag
 .any.text.rpl_local_repair
                0x0000ab80       0x2a build/z1/contiki-ng-z1.a(rpl-dag.o)
                0x0000ab80                rpl_local_repair
 .any.text.rpl_global_repair
                0x0000abaa       0x2e build/z1/contiki-ng-z1.a(rpl-dag.o)
                0x0000abaa                rpl_global_repair
 .any.text.rpl_dag_ready_to_advertise
                0x0000abd8       0x22 build/z1/contiki-ng-z1.a(rpl-dag.o)
                0x0000abd8                rpl_dag_ready_to_advertise
 .any.text.rpl_dag_update_state
                0x0000abfa      0x138 build/z1/contiki-ng-z1.a(rpl-dag.o)
                0x0000abfa                rpl_dag_update_state
 .any.text.rpl_process_dio
                0x0000ad32      0x19e build/z1/contiki-ng-z1.a(rpl-dag.o)
                0x0000ad32                rpl_process_dio
 .any.text.rpl_process_dis
                0x0000aed0       0x2a build/z1/contiki-ng-z1.a(rpl-dag.o)
                0x0000aed0                rpl_process_dis
 .any.text.rpl_process_dao
                0x0000aefa       0x66 build/z1/contiki-ng-z1.a(rpl-dag.o)
                0x0000aefa                rpl_process_dao
 .any.text.rpl_process_dao_ack
                0x0000af60       0x50 build/z1/contiki-ng-z1.a(rpl-dag.o)
                0x0000af60                rpl_process_dao_ack
 .any.text.rpl_process_hbh
                0x0000afb0       0x26 build/z1/contiki-ng-z1.a(rpl-dag.o)
                0x0000afb0                rpl_process_hbh
 .any.text.rpl_dag_init_root
                0x0000afd6       0xac build/z1/contiki-ng-z1.a(rpl-dag.o)
                0x0000afd6                rpl_dag_init_root
 .any.text.rpl_dag_init
                0x0000b082       0x10 build/z1/contiki-ng-z1.a(rpl-dag.o)
                0x0000b082                rpl_dag_init
 .any.text.remove_neighbor
                0x0000b092       0x24 build/z1/contiki-ng-z1.a(rpl-neighbor.o)
 .any.text.rpl_neighbor_get_from_lladdr
                0x0000b0b6        0xc build/z1/contiki-ng-z1.a(rpl-neighbor.o)
                0x0000b0b6                rpl_neighbor_get_from_lladdr
 .any.text.rpl_neighbor_rank_via_nbr
                0x0000b0c2       0x18 build/z1/contiki-ng-z1.a(rpl-neighbor.o)
                0x0000b0c2                rpl_neighbor_rank_via_nbr
 .any.text.rpl_neighbor_get_lladdr
                0x0000b0da        0xc build/z1/contiki-ng-z1.a(rpl-neighbor.o)
                0x0000b0da                rpl_neighbor_get_lladdr
 .any.text.rpl_neighbor_get_ipaddr
                0x0000b0e6        0xa build/z1/contiki-ng-z1.a(rpl-neighbor.o)
                0x0000b0e6                rpl_neighbor_get_ipaddr
 .any.text.rpl_neighbor_get_link_stats
                0x0000b0f0        0xa build/z1/contiki-ng-z1.a(rpl-neighbor.o)
                0x0000b0f0                rpl_neighbor_get_link_stats
 .any.text.rpl_neighbor_is_fresh
                0x0000b0fa        0xa build/z1/contiki-ng-z1.a(rpl-neighbor.o)
                0x0000b0fa                rpl_neighbor_is_fresh
 .any.text.best_parent
                0x0000b104       0x9c build/z1/contiki-ng-z1.a(rpl-neighbor.o)
 .any.text.rpl_neighbor_is_parent
                0x0000b1a0       0x18 build/z1/contiki-ng-z1.a(rpl-neighbor.o)
                0x0000b1a0                rpl_neighbor_is_parent
 .any.text.rpl_neighbor_set_preferred_parent
                0x0000b1b8       0x48 build/z1/contiki-ng-z1.a(rpl-neighbor.o)
                0x0000b1b8                rpl_neighbor_set_preferred_parent
 .any.text.rpl_neighbor_remove_all
                0x0000b200       0x30 build/z1/contiki-ng-z1.a(rpl-neighbor.o)
                0x0000b200                rpl_neighbor_remove_all
 .any.text.rpl_neighbor_get_from_ipaddr
                0x0000b230       0x14 build/z1/contiki-ng-z1.a(rpl-neighbor.o)
                0x0000b230                rpl_neighbor_get_from_ipaddr
 .any.text.rpl_neighbor_select_best
                0x0000b244       0x54 build/z1/contiki-ng-z1.a(rpl-neighbor.o)
                0x0000b244                rpl_neighbor_select_best
 .any.text.rpl_neighbor_init
                0x0000b298        0xe build/z1/contiki-ng-z1.a(rpl-neighbor.o)
                0x0000b298                rpl_neighbor_init
 .any.text.handle_state_update
                0x0000b2a6        0x6 build/z1/contiki-ng-z1.a(rpl-timers.o)
 .any.text.handle_leaving_timer
                0x0000b2ac        0xc build/z1/contiki-ng-z1.a(rpl-timers.o)
 .any.text.schedule_dao_retransmission
                0x0000b2b8       0x30 build/z1/contiki-ng-z1.a(rpl-timers.o)
 .any.text.new_dio_interval
                0x0000b2e8       0x86 build/z1/contiki-ng-z1.a(rpl-timers.o)
 .any.text.handle_unicast_dio_timer
                0x0000b36e       0x12 build/z1/contiki-ng-z1.a(rpl-timers.o)
 .any.text.send_new_dao
                0x0000b380       0x28 build/z1/contiki-ng-z1.a(rpl-timers.o)
 .any.text.resend_dao
                0x0000b3a8       0x24 build/z1/contiki-ng-z1.a(rpl-timers.o)
 .any.text.handle_dao_ack_timer
                0x0000b3cc       0x12 build/z1/contiki-ng-z1.a(rpl-timers.o)
 .any.text.handle_dio_timer
                0x0000b3de       0x6e build/z1/contiki-ng-z1.a(rpl-timers.o)
 .any.text.rpl_timers_schedule_periodic_dis
                0x0000b44c       0x3c build/z1/contiki-ng-z1.a(rpl-timers.o)
                0x0000b44c                rpl_timers_schedule_periodic_dis
 .any.text.handle_periodic_timer
                0x0000b488       0x3a build/z1/contiki-ng-z1.a(rpl-timers.o)
 .any.text.handle_dis_timer
                0x0000b4c2       0x26 build/z1/contiki-ng-z1.a(rpl-timers.o)
 .any.text.rpl_timers_dio_reset
                0x0000b4e8       0x2e build/z1/contiki-ng-z1.a(rpl-timers.o)
                0x0000b4e8                rpl_timers_dio_reset
 .any.text.rpl_timers_schedule_unicast_dio
                0x0000b516       0x20 build/z1/contiki-ng-z1.a(rpl-timers.o)
                0x0000b516                rpl_timers_schedule_unicast_dio
 .any.text.rpl_timers_schedule_dao
                0x0000b536       0x38 build/z1/contiki-ng-z1.a(rpl-timers.o)
                0x0000b536                rpl_timers_schedule_dao
 .any.text.rpl_timers_schedule_dao_ack
                0x0000b56e       0x34 build/z1/contiki-ng-z1.a(rpl-timers.o)
                0x0000b56e                rpl_timers_schedule_dao_ack
 .any.text.rpl_timers_notify_dao_ack
                0x0000b5a2       0x7e build/z1/contiki-ng-z1.a(rpl-timers.o)
                0x0000b5a2                rpl_timers_notify_dao_ack
 .any.text.get_probing_delay
                0x0000b620       0x1c build/z1/contiki-ng-z1.a(rpl-timers.o)
                0x0000b620                get_probing_delay
 .any.text.get_probing_target
                0x0000b63c       0xda build/z1/contiki-ng-z1.a(rpl-timers.o)
                0x0000b63c                get_probing_target
 .any.text.rpl_schedule_probing
                0x0000b716       0x20 build/z1/contiki-ng-z1.a(rpl-timers.o)
                0x0000b716                rpl_schedule_probing
 .any.text.handle_probing_timer
                0x0000b736       0x26 build/z1/contiki-ng-z1.a(rpl-timers.o)
 .any.text.rpl_schedule_probing_now
                0x0000b75c       0x24 build/z1/contiki-ng-z1.a(rpl-timers.o)
                0x0000b75c                rpl_schedule_probing_now
 .any.text.rpl_timers_unschedule_leaving
                0x0000b780       0x1c build/z1/contiki-ng-z1.a(rpl-timers.o)
                0x0000b780                rpl_timers_unschedule_leaving
 .any.text.rpl_timers_schedule_leaving
                0x0000b79c       0x2a build/z1/contiki-ng-z1.a(rpl-timers.o)
                0x0000b79c                rpl_timers_schedule_leaving
 .any.text.rpl_timers_init
                0x0000b7c6       0x1c build/z1/contiki-ng-z1.a(rpl-timers.o)
                0x0000b7c6                rpl_timers_init
 .any.text.rpl_timers_stop_dag_timers
                0x0000b7e2       0x4c build/z1/contiki-ng-z1.a(rpl-timers.o)
                0x0000b7e2                rpl_timers_stop_dag_timers
 .any.text.rpl_timers_unschedule_state_update
                0x0000b82e       0x10 build/z1/contiki-ng-z1.a(rpl-timers.o)
                0x0000b82e                rpl_timers_unschedule_state_update
 .any.text.rpl_timers_schedule_state_update
                0x0000b83e       0x1c build/z1/contiki-ng-z1.a(rpl-timers.o)
                0x0000b83e                rpl_timers_schedule_state_update
 .any.text.update_hbh_header
                0x0000b85a       0x4a build/z1/contiki-ng-z1.a(rpl-ext-header.)
 .any.text.rpl_ext_header_srh_get_next_hop
                0x0000b8a4       0x7c build/z1/contiki-ng-z1.a(rpl-ext-header.)
                0x0000b8a4                rpl_ext_header_srh_get_next_hop
 .any.text.rpl_ext_header_srh_update
                0x0000b920       0xd6 build/z1/contiki-ng-z1.a(rpl-ext-header.)
                0x0000b920                rpl_ext_header_srh_update
 .any.text.rpl_ext_header_hbh_update
                0x0000b9f6       0x8e build/z1/contiki-ng-z1.a(rpl-ext-header.)
                0x0000b9f6                rpl_ext_header_hbh_update
 .any.text.rpl_ext_header_remove
                0x0000ba84       0xc0 build/z1/contiki-ng-z1.a(rpl-ext-header.)
                0x0000ba84                rpl_ext_header_remove
 .any.text.rpl_ext_header_update
                0x0000bb44      0x266 build/z1/contiki-ng-z1.a(rpl-ext-header.)
                0x0000bb44                rpl_ext_header_update
 .any.text.update_state
                0x0000bdaa       0x6a build/z1/contiki-ng-z1.a(rpl-nbr-policy.)
 .any.text.rpl_nbr_policy_find_removable
                0x0000be14       0x4e build/z1/contiki-ng-z1.a(rpl-nbr-policy.)
                0x0000be14                rpl_nbr_policy_find_removable
 .any.text.reset
                0x0000be62        0x2 build/z1/contiki-ng-z1.a(rpl-mrhof.o)
 .any.text.update_metric_container
                0x0000be64        0x6 build/z1/contiki-ng-z1.a(rpl-mrhof.o)
 .any.text.nbr_link_metric
                0x0000be6a       0x12 build/z1/contiki-ng-z1.a(rpl-mrhof.o)
 .any.text.nbr_has_usable_link
                0x0000be7c       0x14 build/z1/contiki-ng-z1.a(rpl-mrhof.o)
 .any.text.nbr_path_cost
                0x0000be90       0x34 build/z1/contiki-ng-z1.a(rpl-mrhof.o)
 .any.text.within_hysteresis
                0x0000bec4       0x4c build/z1/contiki-ng-z1.a(rpl-mrhof.o)
 .any.text.nbr_is_acceptable_parent
                0x0000bf10       0x28 build/z1/contiki-ng-z1.a(rpl-mrhof.o)
 .any.text.rank_via_nbr
                0x0000bf38       0x40 build/z1/contiki-ng-z1.a(rpl-mrhof.o)
 .any.text.best_parent
                0x0000bf78       0x74 build/z1/contiki-ng-z1.a(rpl-mrhof.o)
 .any.text.i2c_receiveinit
                0x0000bfec       0x36 build/z1/contiki-ng-z1.a(i2cmaster.o)
                0x0000bfec                i2c_receiveinit
 .any.text.i2c_transmitinit
                0x0000c022       0x30 build/z1/contiki-ng-z1.a(i2cmaster.o)
                0x0000c022                i2c_transmitinit
 .any.text.i2c_receive_n
                0x0000c052       0x3e build/z1/contiki-ng-z1.a(i2cmaster.o)
                0x0000c052                i2c_receive_n
 .any.text.i2c_busy
                0x0000c090        0xa build/z1/contiki-ng-z1.a(i2cmaster.o)
                0x0000c090                i2c_busy
 .any.text.i2c_enable
                0x0000c09a       0x22 build/z1/contiki-ng-z1.a(i2cmaster.o)
                0x0000c09a                i2c_enable
 .any.text.i2c_transmit_n
                0x0000c0bc       0x14 build/z1/contiki-ng-z1.a(i2cmaster.o)
                0x0000c0bc                i2c_transmit_n
 .any.text.status
                0x0000c0d0       0x18 build/z1/contiki-ng-z1.a(button-sensor.o)
 .any.text.value
                0x0000c0e8       0x20 build/z1/contiki-ng-z1.a(button-sensor.o)
 .any.text.configure
                0x0000c108       0x4e build/z1/contiki-ng-z1.a(button-sensor.o)
 .any.text.printf
                0x0000c156       0x10 /usr/local/bin/../lib/gcc/msp430/4.7.2/../../../../msp430/lib/mcpu-430x/mmpy-16/msr20/mc20/libc.a(printf.o)
                0x0000c156                printf
 .any.text.append
                0x0000c166       0x22 /usr/local/bin/../lib/gcc/msp430/4.7.2/../../../../msp430/lib/mcpu-430x/mmpy-16/msr20/mc20/libc.a(sprintf.o)
 .any.text.call_vuprintf
                0x0000c188       0x36 /usr/local/bin/../lib/gcc/msp430/4.7.2/../../../../msp430/lib/mcpu-430x/mmpy-16/msr20/mc20/libc.a(sprintf.o)
 .any.text.snprintf
                0x0000c1be       0x1c /usr/local/bin/../lib/gcc/msp430/4.7.2/../../../../msp430/lib/mcpu-430x/mmpy-16/msr20/mc20/libc.a(sprintf.o)
                0x0000c1be                snprintf
 .any.text.print_field
                0x0000c1da      0x176 /usr/local/bin/../lib/gcc/msp430/4.7.2/../../../../msp430/lib/mcpu-430x/mmpy-16/msr20/mc20/libc.a(vuprintf.o)
 .any.text.vuprintf
                0x0000c350      0x742 /usr/local/bin/../lib/gcc/msp430/4.7.2/../../../../msp430/lib/mcpu-430x/mmpy-16/msr20/mc20/libc.a(vuprintf.o)
                0x0000c350                vuprintf
 .any.text.puts
                0x0000ca92       0x2c /usr/local/bin/../lib/gcc/msp430/4.7.2/../../../../msp430/lib/mcpu-430x/mmpy-16/msr20/mc20/libc.a(puts.o)
                0x0000ca92                puts
 .any.text.rand
                0x0000cabe       0x26 /usr/local/bin/../lib/gcc/msp430/4.7.2/../../../../msp430/lib/mcpu-430x/mmpy-16/msr20/mc20/libc.a(rand.o)
                0x0000cabe                rand
 .any.text.srand
                0x0000cae4        0xa /usr/local/bin/../lib/gcc/msp430/4.7.2/../../../../msp430/lib/mcpu-430x/mmpy-16/msr20/mc20/libc.a(rand.o)
                0x0000cae4                srand
 .any.text.memcmp
                0x0000caee       0x2c /usr/local/bin/../lib/gcc/msp430/4.7.2/../../../../msp430/lib/mcpu-430x/mmpy-16/msr20/mc20/libc.a(memcmp.o)
                0x0000caee                memcmp
 .any.text.memcpy
                0x0000cb1a       0xe8 /usr/local/bin/../lib/gcc/msp430/4.7.2/../../../../msp430/lib/mcpu-430x/mmpy-16/msr20/mc20/libc.a(memcpy.o)
                0x0000cb1a                memcpy
 .any.text.memmove
                0x0000cc02       0xe8 /usr/local/bin/../lib/gcc/msp430/4.7.2/../../../../msp430/lib/mcpu-430x/mmpy-16/msr20/mc20/libc.a(memmove.o)
                0x0000cc02                memmove
 .any.text.memset
                0x0000ccea       0x5c /usr/local/bin/../lib/gcc/msp430/4.7.2/../../../../msp430/lib/mcpu-430x/mmpy-16/msr20/mc20/libc.a(memset.o)
                0x0000ccea                memset

.rodata         0x0000cd48      0x4c1
                0x0000cd48                . = ALIGN (0x2)
 *(.rodata .rodata.* .gnu.linkonce.r.*)
 .rodata.autostart_processes
                0x0000cd48        0x4 rpl-root.o
                0x0000cd48                autostart_processes
 .rodata        0x0000cd4c        0xa rpl-root.o
 .rodata        0x0000cd56       0xed build/z1/obj/contiki-main.o
 .rodata.platform_init_stage_three
                0x0000ce43       0x30 build/z1/contiki-ng-z1.a(platform.o)
 .rodata        0x0000ce73        0xc build/z1/contiki-ng-z1.a(etimer.o)
 .rodata.log_6addr
                0x0000ce7f        0x3 build/z1/contiki-ng-z1.a(log.o)
 .rodata.log_lladdr
                0x0000ce82       0x14 build/z1/contiki-ng-z1.a(log.o)
 .rodata        0x0000ce96        0xf build/z1/contiki-ng-z1.a(ctimer.o)
 .rodata.process_thread_stack_check_process
                0x0000cea5       0x5e build/z1/contiki-ng-z1.a(stack-check.o)
 .rodata        0x0000cf03        0xc build/z1/contiki-ng-z1.a(stack-check.o)
 *fill*         0x0000cf0f        0x1 00
 .rodata.linkaddr_null
                0x0000cf10        0x8 build/z1/contiki-ng-z1.a(linkaddr.o)
                0x0000cf10                linkaddr_null
 .rodata        0x0000cf18        0x5 build/z1/contiki-ng-z1.a(csma.o)
 *fill*         0x0000cf1d        0x1 00
 .rodata.csma_driver
                0x0000cf1e       0x1a build/z1/contiki-ng-z1.a(csma.o)
                0x0000cf1e                csma_driver
 .rodata        0x0000cf38        0xd build/z1/contiki-ng-z1.a(tcpip.o)
 .rodata        0x0000cf45        0xb build/z1/contiki-ng-z1.a(sicslowpan.o)
 .rodata.sicslowpan_driver
                0x0000cf50        0xe build/z1/contiki-ng-z1.a(sicslowpan.o)
                0x0000cf50                sicslowpan_driver
 .rodata.llprefix
                0x0000cf5e        0x2 build/z1/contiki-ng-z1.a(sicslowpan.o)
                0x0000cf5e                llprefix
 .rodata.unc_mxconf
                0x0000cf60        0x4 build/z1/contiki-ng-z1.a(sicslowpan.o)
                0x0000cf60                unc_mxconf
 .rodata.unc_ctxconf
                0x0000cf64        0x4 build/z1/contiki-ng-z1.a(sicslowpan.o)
                0x0000cf64                unc_ctxconf
 .rodata.unc_llconf
                0x0000cf68        0x4 build/z1/contiki-ng-z1.a(sicslowpan.o)
                0x0000cf68                unc_llconf
 .rodata.ttl_values
                0x0000cf6c        0x4 build/z1/contiki-ng-z1.a(sicslowpan.o)
 .rodata.uiplib_ipaddr_snprint
                0x0000cf70       0x2a build/z1/contiki-ng-z1.a(uiplib.o)
 .rodata        0x0000cf9a        0x9 build/z1/contiki-ng-z1.a(rpl.o)
 *fill*         0x0000cfa3        0x1 00
 .rodata.rpl_lite_driver
                0x0000cfa4       0x52 build/z1/contiki-ng-z1.a(rpl.o)
                0x0000cfa4                rpl_lite_driver
 *fill*         0x0000cff6        0x2 00
 .rodata.get_value
                0x0000cff8       0x64 build/z1/contiki-ng-z1.a(cc2420.o)
 .rodata.set_value
                0x0000d05c       0x20 build/z1/contiki-ng-z1.a(cc2420.o)
 .rodata.cc2420_driver
                0x0000d07c       0x38 build/z1/contiki-ng-z1.a(cc2420.o)
                0x0000d07c                cc2420_driver