Archive member included because of file (symbol)

build/z1/contiki-ng-z1.a(sensors.o)
                              light_switch.o (sensors_event)
build/z1/contiki-ng-z1.a(button-sensor.o)
                              light_switch.o (button_sensor)
build/z1/contiki-ng-z1.a(uart0-putchar.o)
                              light_switch.o (putchar)
build/z1/contiki-ng-z1.a(z1-sensors.o)
                              build/z1/contiki-ng-z1.a(sensors.o) (sensors_flags)
build/z1/contiki-ng-z1.a(adxl345.o)
                              build/z1/contiki-ng-z1.a(z1-sensors.o) (adxl345)
build/z1/contiki-ng-z1.a(tmp102.o)
                              build/z1/contiki-ng-z1.a(z1-sensors.o) (tmp102)
build/z1/contiki-ng-z1.a(platform.o)
                              build/z1/obj/contiki-main.o (platform_init_stage_one)
build/z1/contiki-ng-z1.a(msp430.o)
                              build/z1/contiki-ng-z1.a(platform.o) (msp430_dco_required)
build/z1/contiki-ng-z1.a(clock.o)
                              build/z1/obj/contiki-main.o (clock_init)
build/z1/contiki-ng-z1.a(watchdog.o)
                              build/z1/obj/contiki-main.o (watchdog_start)
build/z1/contiki-ng-z1.a(autostart.o)
                              build/z1/obj/contiki-main.o (autostart_start)
build/z1/contiki-ng-z1.a(energest.o)
                              build/z1/obj/contiki-main.o (energest_init)
build/z1/contiki-ng-z1.a(etimer.o)
                              build/z1/contiki-ng-z1.a(clock.o) (etimer_request_poll)
build/z1/contiki-ng-z1.a(log.o)
                              light_switch.o (log_6addr)
build/z1/contiki-ng-z1.a(ctimer.o)
                              build/z1/obj/contiki-main.o (ctimer_init)
build/z1/contiki-ng-z1.a(rtimer.o)
                              build/z1/obj/contiki-main.o (rtimer_init)
build/z1/contiki-ng-z1.a(node-id.o)
                              build/z1/obj/contiki-main.o (node_id_init)
build/z1/contiki-ng-z1.a(process.o)
                              build/z1/contiki-ng-z1.a(etimer.o) (process_current)
build/z1/contiki-ng-z1.a(timer.o)
                              build/z1/contiki-ng-z1.a(button-sensor.o) (timer_set)
build/z1/contiki-ng-z1.a(stack-check.o)
                              build/z1/obj/contiki-main.o (stack_check_init)
build/z1/contiki-ng-z1.a(list.o)
                              build/z1/contiki-ng-z1.a(ctimer.o) (list_init)
build/z1/contiki-ng-z1.a(random.o)
                              build/z1/contiki-ng-z1.a(platform.o) (random_init)
build/z1/contiki-ng-z1.a(queuebuf.o)
                              build/z1/obj/contiki-main.o (queuebuf_init)
build/z1/contiki-ng-z1.a(packetbuf.o)
                              build/z1/contiki-ng-z1.a(queuebuf.o) (packetbuf_copyto)
build/z1/contiki-ng-z1.a(netstack.o)
                              build/z1/obj/contiki-main.o (netstack_init)
build/z1/contiki-ng-z1.a(linkaddr.o)
                              build/z1/contiki-ng-z1.a(platform.o) (linkaddr_copy)
build/z1/contiki-ng-z1.a(csma.o)
                              build/z1/obj/contiki-main.o (csma_driver)
build/z1/contiki-ng-z1.a(csma-output.o)
                              build/z1/contiki-ng-z1.a(csma.o) (csma_output_packet)
build/z1/contiki-ng-z1.a(uip-ds6.o)
                              build/z1/obj/contiki-main.o (uip_ds6_get_link_local)
build/z1/contiki-ng-z1.a(uip-ds6-route.o)
                              build/z1/contiki-ng-z1.a(uip-ds6.o) (uip_ds6_route_init)
build/z1/contiki-ng-z1.a(uip-ds6-nbr.o)
                              build/z1/contiki-ng-z1.a(uip-ds6.o) (uip_ds6_neighbors_init)
build/z1/contiki-ng-z1.a(tcpip.o)
                              build/z1/obj/contiki-main.o (tcpip_process)
build/z1/contiki-ng-z1.a(uip6.o)
                              build/z1/contiki-ng-z1.a(tcpip.o) (uip_aligned_buf)
build/z1/contiki-ng-z1.a(uip-nd6.o)
                              build/z1/contiki-ng-z1.a(uip6.o) (uip_nd6_init)
build/z1/contiki-ng-z1.a(simple-udp.o)
                              light_switch.o (simple_udp_sendto)
build/z1/contiki-ng-z1.a(sicslowpan.o)
                              build/z1/obj/contiki-main.o (sicslowpan_driver)
build/z1/contiki-ng-z1.a(uiplib.o)
                              light_switch.o (uiplib_ip6addrconv)
build/z1/contiki-ng-z1.a(rpl.o)
                              light_switch.o (rpl_lite_driver)
build/z1/contiki-ng-z1.a(rpl-icmp6.o)
                              build/z1/contiki-ng-z1.a(rpl.o) (rpl_icmp6_init)
build/z1/contiki-ng-z1.a(rpl-dag-root.o)
                              build/z1/contiki-ng-z1.a(rpl.o) (rpl_dag_root_set_prefix)
build/z1/contiki-ng-z1.a(contiki-z1-plat)
                              build/z1/contiki-ng-z1.a(platform.o) (init_platform)
build/z1/contiki-ng-z1.a(leds.o)
                              build/z1/contiki-ng-z1.a(platform.o) (leds_init)
build/z1/contiki-ng-z1.a(xmem.o)
                              build/z1/contiki-ng-z1.a(platform.o) (xmem_init)
build/z1/contiki-ng-z1.a(i2cmaster.o)
[...]
Memory Configuration

Name             Origin             Length             Attributes
sfr              0x00000000         0x00000010
peripheral_8bit  0x00000010         0x000000f0
peripheral_16bit 0x00000100         0x00000100
ram_mirror       0x00000200         0x00000800         xw
infomem          0x00001000         0x00000100
infod            0x00001000         0x00000040
infoc            0x00001040         0x00000040
infob            0x00001080         0x00000040
infoa            0x000010c0         0x00000040
ram              0x00001100         0x00002000         xw
rom              0x00003100         0x0000cebe         xr
vectors          0x0000ffc0         0x00000040
far_rom          0x00010000         0x0000a000
bsl              0x00000000         0x00000000
ram2             0x00000000         0x00000000         xw
usbram           0x00000000         0x00000000         xw
*default*        0x00000000         0xffffffff

Linker script and memory map

LOAD /usr/local/bin/../lib/gcc/msp430/4.7.2/mcpu-430x/mmpy-16/msr20/mc20/crt0ivtbl32.o
                0x00000041                __P1SEL2 = 0x41
                0x00000045                __P5SEL2 = 0x45
                0x00002982                _stack = _end
LOAD light_switch.o
LOAD build/z1/obj/contiki-main.o
LOAD build/z1/contiki-ng-z1.a
LOAD /usr/local/bin/../lib/gcc/msp430/4.7.2/mcpu-430x/mmpy-16/msr20/mc20/libgcc.a
LOAD /usr/local/bin/../lib/gcc/msp430/4.7.2/../../../../msp430/lib/mcpu-430x/mmpy-16/msr20/mc20/libc.a
LOAD /usr/local/bin/../lib/gcc/msp430/4.7.2/mcpu-430x/mmpy-16/msr20/mc20/libgcc.a
LOAD /usr/local/bin/../lib/gcc/msp430/4.7.2/mcpu-430x/mmpy-16/msr20/mc20/libcrt0.a
                0x00000040                PROVIDE (__info_segment_size, 0x40)
                0x00001000                PROVIDE (__infod, 0x1000)
                0x00001040                PROVIDE (__infoc, 0x1040)
                0x00001080                PROVIDE (__infob, 0x1080)
                0x000010c0                PROVIDE (__infoa, 0x10c0)
                0x00000000                __IE1 = 0x0
                0x00000002                __IFG1 = 0x2
                0x00000001                __IE2 = 0x1
                0x00000003                __IFG2 = 0x3
                0x00000006                __UC1IE = 0x6
                0x00000007                __UC1IFG = 0x7
                0x000001a0                __ADC12CTL0 = 0x1a0
                0x000001a2                __ADC12CTL1 = 0x1a2
                0x000001a4                __ADC12IFG = 0x1a4
                0x000001a6                __ADC12IE = 0x1a6
                0x000001a8                __ADC12IV = 0x1a8
                0x00000140                __ADC12MEM0 = 0x140
                0x00000142                __ADC12MEM1 = 0x142
                0x00000144                __ADC12MEM2 = 0x144
                0x00000146                __ADC12MEM3 = 0x146
                0x00000148                __ADC12MEM4 = 0x148
                0x0000014a                __ADC12MEM5 = 0x14a
                0x0000014c                __ADC12MEM6 = 0x14c
                0x0000014e                __ADC12MEM7 = 0x14e
                0x00000150                __ADC12MEM8 = 0x150
                0x00000152                __ADC12MEM9 = 0x152
                0x00000154                __ADC12MEM10 = 0x154
                0x00000156                __ADC12MEM11 = 0x156
                0x00000158                __ADC12MEM12 = 0x158
                0x0000015a                __ADC12MEM13 = 0x15a
                0x0000015c                __ADC12MEM14 = 0x15c
                0x0000015e                __ADC12MEM15 = 0x15e
                0x00000080                __ADC12MCTL0 = 0x80
                0x00000081                __ADC12MCTL1 = 0x81
                0x00000082                __ADC12MCTL2 = 0x82
                0x00000083                __ADC12MCTL3 = 0x83
                0x00000084                __ADC12MCTL4 = 0x84
                0x00000085                __ADC12MCTL5 = 0x85
                0x00000086                __ADC12MCTL6 = 0x86
                0x00000087                __ADC12MCTL7 = 0x87
                0x00000088                __ADC12MCTL8 = 0x88
                0x00000089                __ADC12MCTL9 = 0x89
                0x0000008a                __ADC12MCTL10 = 0x8a
                0x0000008b                __ADC12MCTL11 = 0x8b
                0x0000008c                __ADC12MCTL12 = 0x8c
                0x0000008d                __ADC12MCTL13 = 0x8d
                0x0000008e                __ADC12MCTL14 = 0x8e
                0x0000008f                __ADC12MCTL15 = 0x8f
                0x00000056                __DCOCTL = 0x56
                0x00000057                __BCSCTL1 = 0x57
                0x00000058                __BCSCTL2 = 0x58
                0x00000053                __BCSCTL3 = 0x53
                0x00000059                __CACTL1 = 0x59
                0x0000005a                __CACTL2 = 0x5a
                0x0000005b                __CAPD = 0x5b
                0x000001c0                __DAC12_0CTL = 0x1c0
                0x000001c2                __DAC12_1CTL = 0x1c2
                0x000001c8                __DAC12_0DAT = 0x1c8
                0x000001ca                __DAC12_1DAT = 0x1ca
                0x00000122                __DMACTL0 = 0x122
                0x00000124                __DMACTL1 = 0x124
                0x00000126                __DMAIV = 0x126
                0x000001d0                __DMA0CTL = 0x1d0
                0x000001dc                __DMA1CTL = 0x1dc
                0x000001e8                __DMA2CTL = 0x1e8
                0x000001d2                __DMA0SA = 0x1d2
                0x000001d2                __DMA0SAL = 0x1d2
                0x000001d6                __DMA0DA = 0x1d6
                0x000001d6                __DMA0DAL = 0x1d6
                0x000001da                __DMA0SZ = 0x1da
                0x000001de                __DMA1SA = 0x1de
                0x000001de                __DMA1SAL = 0x1de
                0x000001e2                __DMA1DA = 0x1e2
                0x000001e2                __DMA1DAL = 0x1e2
                0x000001e6                __DMA1SZ = 0x1e6
                0x000001ea                __DMA2SA = 0x1ea
                0x000001ea                __DMA2SAL = 0x1ea
                0x000001ee                __DMA2DA = 0x1ee
                0x000001ee                __DMA2DAL = 0x1ee
                0x000001f2                __DMA2SZ = 0x1f2
                0x00000128                __FCTL1 = 0x128
                0x0000012a                __FCTL2 = 0x12a
                0x0000012c                __FCTL3 = 0x12c
                0x000001be                __FCTL4 = 0x1be
                0x00000130                __MPY = 0x130
                0x00000132                __MPYS = 0x132
                0x00000134                __MAC = 0x134
                0x00000136                __MACS = 0x136
                0x00000138                __OP2 = 0x138
                0x0000013a                __RESLO = 0x13a
                0x0000013c                __RESHI = 0x13c
                0x0000013e                __SUMEXT = 0x13e
                0x00000020                __P1IN = 0x20
                0x00000021                __P1OUT = 0x21
                0x00000022                __P1DIR = 0x22
                0x00000023                __P1IFG = 0x23
                0x00000024                __P1IES = 0x24
                0x00000025                __P1IE = 0x25
                0x00000026                __P1SEL = 0x26
                0x00000027                __P1REN = 0x27
                0x00000028                __P2IN = 0x28
                0x00000029                __P2OUT = 0x29
                0x0000002a                __P2DIR = 0x2a
                0x0000002b                __P2IFG = 0x2b
                0x0000002c                __P2IES = 0x2c
                0x0000002d                __P2IE = 0x2d
                0x0000002e                __P2SEL = 0x2e
                0x0000002f                __P2REN = 0x2f
                0x00000018                __P3IN = 0x18
                0x00000019                __P3OUT = 0x19
                0x0000001a                __P3DIR = 0x1a
                0x0000001b                __P3SEL = 0x1b
                0x00000010                __P3REN = 0x10
                0x0000001c                __P4IN = 0x1c
                0x0000001d                __P4OUT = 0x1d
                0x0000001e                __P4DIR = 0x1e
                0x0000001f                __P4SEL = 0x1f
                0x00000011                __P4REN = 0x11
                0x00000030                __P5IN = 0x30
                0x00000031                __P5OUT = 0x31
                0x00000032                __P5DIR = 0x32
                0x00000033                __P5SEL = 0x33
                0x00000012                __P5REN = 0x12
                0x00000034                __P6IN = 0x34
                0x00000035                __P6OUT = 0x35
                0x00000036                __P6DIR = 0x36
                0x00000037                __P6SEL = 0x37
                0x00000013                __P6REN = 0x13
                0x00000038                __P7IN = 0x38
                0x0000003a                __P7OUT = 0x3a
                0x0000003c                __P7DIR = 0x3c
                0x0000003e                __P7SEL = 0x3e
                0x00000014                __P7REN = 0x14
                0x00000039                __P8IN = 0x39
                0x0000003b                __P8OUT = 0x3b
                0x0000003d                __P8DIR = 0x3d
                0x0000003f                __P8SEL = 0x3f
                0x00000015                __P8REN = 0x15
                0x00000038                __PAIN = 0x38
                0x0000003a                __PAOUT = 0x3a
                0x0000003c                __PADIR = 0x3c
                0x0000003e                __PASEL = 0x3e
                0x00000014                __PAREN = 0x14
                0x00000055                __SVSCTL = 0x55
                0x0000012e                __TAIV = 0x12e
                0x00000160                __TACTL = 0x160
                0x00000162                __TACCTL0 = 0x162
                0x00000164                __TACCTL1 = 0x164
                0x00000166                __TACCTL2 = 0x166
                0x00000170                __TAR = 0x170
                0x00000172                __TACCR0 = 0x172
                0x00000174                __TACCR1 = 0x174
                0x00000176                __TACCR2 = 0x176
                0x0000011e                __TBIV = 0x11e
                0x00000180                __TBCTL = 0x180
                0x00000182                __TBCCTL0 = 0x182
                0x00000184                __TBCCTL1 = 0x184
                0x00000186                __TBCCTL2 = 0x186
                0x00000188                __TBCCTL3 = 0x188
                0x0000018a                __TBCCTL4 = 0x18a
                0x0000018c                __TBCCTL5 = 0x18c
                0x0000018e                __TBCCTL6 = 0x18e
                0x00000190                __TBR = 0x190
                0x00000192                __TBCCR0 = 0x192
                0x00000194                __TBCCR1 = 0x194
                0x00000196                __TBCCR2 = 0x196
                0x00000198                __TBCCR3 = 0x198
                0x0000019a                __TBCCR4 = 0x19a
                0x0000019c                __TBCCR5 = 0x19c
                0x0000019e                __TBCCR6 = 0x19e
                0x00000060                __UCA0CTL0 = 0x60
                0x00000061                __UCA0CTL1 = 0x61
                0x00000062                __UCA0BR0 = 0x62
                0x00000063                __UCA0BR1 = 0x63
                0x00000064                __UCA0MCTL = 0x64
                0x00000065                __UCA0STAT = 0x65
                0x00000066                __UCA0RXBUF = 0x66
                0x00000067                __UCA0TXBUF = 0x67
                0x0000005d                __UCA0ABCTL = 0x5d
                0x0000005e                __UCA0IRTCTL = 0x5e
                0x0000005f                __UCA0IRRCTL = 0x5f
                0x00000068                __UCB0CTL0 = 0x68
                0x00000069                __UCB0CTL1 = 0x69
                0x0000006a                __UCB0BR0 = 0x6a
                0x0000006b                __UCB0BR1 = 0x6b
                0x0000006c                __UCB0I2CIE = 0x6c
                0x0000006d                __UCB0STAT = 0x6d
                0x0000006e                __UCB0RXBUF = 0x6e
                0x0000006f                __UCB0TXBUF = 0x6f
                0x00000118                __UCB0I2COA = 0x118
                0x0000011a                __UCB0I2CSA = 0x11a
                0x000000d0                __UCA1CTL0 = 0xd0
                0x000000d1                __UCA1CTL1 = 0xd1
                0x000000d2                __UCA1BR0 = 0xd2
                0x000000d3                __UCA1BR1 = 0xd3
                0x000000d4                __UCA1MCTL = 0xd4
                0x000000d5                __UCA1STAT = 0xd5
                0x000000d6                __UCA1RXBUF = 0xd6
                0x000000d7                __UCA1TXBUF = 0xd7
                0x000000cd                __UCA1ABCTL = 0xcd
                0x000000ce                __UCA1IRTCTL = 0xce
                0x000000cf                __UCA1IRRCTL = 0xcf
                0x000000d8                __UCB1CTL0 = 0xd8
                0x000000d9                __UCB1CTL1 = 0xd9
                0x000000da                __UCB1BR0 = 0xda
                0x000000db                __UCB1BR1 = 0xdb
                0x000000dc                __UCB1I2CIE = 0xdc
                0x000000dd                __UCB1STAT = 0xdd
                0x000000de                __UCB1RXBUF = 0xde
                0x000000df                __UCB1TXBUF = 0xdf
                0x0000017c                __UCB1I2COA = 0x17c
                0x0000017e                __UCB1I2CSA = 0x17e
                0x00000120                __WDTCTL = 0x120
                0x000010c0                __TLV_CHECKSUM = 0x10c0
                0x000010f6                __TLV_DCO_30_TAG = 0x10f6
                0x000010f7                __TLV_DCO_30_LEN = 0x10f7
                0x000010da                __TLV_ADC12_1_TAG = 0x10da
                0x000010db                __TLV_ADC12_1_LEN = 0x10db
                0x000010f8                __CALDCO_16MHZ = 0x10f8
                0x000010f9                __CALBC1_16MHZ = 0x10f9
                0x000010fa                __CALDCO_12MHZ = 0x10fa
                0x000010fb                __CALBC1_12MHZ = 0x10fb
                0x000010fc                __CALDCO_8MHZ = 0x10fc
                0x000010fd                __CALBC1_8MHZ = 0x10fd
                0x000010fe                __CALDCO_1MHZ = 0x10fe
                0x000010ff                __CALBC1_1MHZ = 0x10ff

.hash
 *(.hash)

.dynsym
 *(.dynsym)

.dynstr
 *(.dynstr)

.gnu.version
 *(.gnu.version)

.gnu.version_d
 *(.gnu.version_d)

.gnu.version_r
 *(.gnu.version_r)

.rel.init
 *(.rel.init)

.rela.init
 *(.rela.init)

.rel.fini
 *(.rel.fini)

.rela.fini
 *(.rela.fini)

.rel.text
 *(.rel.text .rel.text.* .rel.gnu.linkonce.t.*)

.rela.text
 *(.rela.text .rela.text.* .rela.gnu.linkonce.t.*)

.rel.rodata
 *(.rel.rodata .rel.rodata.* .rel.gnu.linkonce.r.*)

.rela.rodata
 *(.rela.rodata .rela.rodata.* .rela.gnu.linkonce.r.*)

.rel.data
 *(.rel.data .rel.data.* .rel.gnu.linkonce.d.*)

.rela.data
 *(.rela.data .rela.data.* .rela.gnu.linkonce.d.*)

.rel.bss
 *(.rel.bss .rel.bss.* .rel.gnu.linkonce.b.*)

.rela.bss
 *(.rela.bss .rela.bss.* .rela.gnu.linkonce.b.*)

.rel.ctors
 *(.rel.ctors)

.rela.ctors
 *(.rela.ctors)

.rel.dtors
 *(.rel.dtors)

.rela.dtors
 *(.rela.dtors)

.rel.got
 *(.rel.got)

.rela.got
 *(.rela.got)

.rel.plt
 *(.rel.plt)

.rela.plt
 *(.rela.plt)

.text           0x00003100     0xa09a
                0x00003100                . = ALIGN (0x2)
 *(.init .init.*)
 *(.init0)
 .init0         0x00003100        0x0 /usr/local/bin/../lib/gcc/msp430/4.7.2/mcpu-430x/mmpy-16/msr20/mc20/libcrt0.a(_reset_vector__.o)
                0x00003100                _reset_vector__
 *(.init1)
 .init1         0x00003100        0xc /usr/local/bin/../lib/gcc/msp430/4.7.2/mcpu-430x/mmpy-16/msr20/mc20/libcrt0.a(__watchdog_support.o)
                0x00003100                __watchdog_support
 *(.init2)
 .init2         0x0000310c        0x4 /usr/local/bin/../lib/gcc/msp430/4.7.2/mcpu-430x/mmpy-16/msr20/mc20/libcrt0.a(__init_stack.o)
                0x0000310c                __init_stack
 *(.init3)
 .init3         0x00003110        0x0 /usr/local/bin/../lib/gcc/msp430/4.7.2/mcpu-430x/mmpy-16/msr20/mc20/libcrt0.a(__low_level_init.o)
                0x00003110                __low_level_init
 *(.init4)
 .init4         0x00003110       0x18 /usr/local/bin/../lib/gcc/msp430/4.7.2/mcpu-430x/mmpy-16/msr20/mc20/libcrt0.a(_copy_data.o)
                0x00003110                __do_copy_data
 .init4         0x00003128       0x16 /usr/local/bin/../lib/gcc/msp430/4.7.2/mcpu-430x/mmpy-16/msr20/mc20/libcrt0.a(_clear_bss.o)
                0x00003128                __do_clear_bss
 *(.init5)
 *(.init6)
 *(.init7)
 *(.init8)
 *(.init9)
 .init9         0x0000313e      0x232 build/z1/obj/contiki-main.o
                0x0000313e                main
 *(.fini9)
 .fini9         0x00003370        0x0 /usr/local/bin/../lib/gcc/msp430/4.7.2/mcpu-430x/mmpy-16/msr20/mc20/libcrt0.a(__stop_progExec__.o)
                0x00003370                __stop_progExec__
 *(.fini8)
 *(.fini7)
 *(.fini6)
 *(.fini5)
 *(.fini4)
 *(.fini3)
 *(.fini2)
 *(.fini1)
 *(.fini0)
 .fini0         0x00003370        0x6 /usr/local/bin/../lib/gcc/msp430/4.7.2/mcpu-430x/mmpy-16/msr20/mc20/libcrt0.a(_endless_loop__.o)
                0x00003370                _endless_loop__
 *(.fini .fini.*)
                0x00003376                . = ALIGN (0x2)
                0x00003376                __ctors_start = .
 *(.ctors)
                0x00003376                __ctors_end = .
                0x00003376                __dtors_start = .
 *(.dtors)
                0x00003376                __dtors_end = .
                0x00003376                . = ALIGN (0x2)
 *(.text .text.* .gnu.linkonce.t.*)
 .text          0x00003376        0x4 /usr/local/bin/../lib/gcc/msp430/4.7.2/mcpu-430x/mmpy-16/msr20/mc20/crt0ivtbl32.o
                0x00003376                __isr_14
                0x00003376                __isr_4
                0x00003376                __isr_29
                0x00003376                __isr_11
                0x00003376                __isr_5
                0x00003376                __isr_2
                0x00003376                __isr_10
                0x00003376                __isr_7
                0x00003376                __isr_0
                0x00003376                __isr_28
                0x00003376                __isr_8
                0x00003376                __isr_20
                0x00003376                __isr_3
                0x00003376                __isr_12
                0x00003376                __isr_13
                0x00003376                __isr_27
                0x00003376                __isr_9
                0x00003376                __isr_30
                0x00003376                __isr_6
                0x00003376                __isr_22
                0x00003376                __isr_1
                0x00003376                __isr_15
                0x00003376                __isr_21
 .text.libgcc   0x0000337a       0x26 /usr/local/bin/../lib/gcc/msp430/4.7.2/mcpu-430x/mmpy-16/msr20/mc20/libgcc.a(_mulsi3.o)
                0x0000337a                __mulsi3
 .text.libgcc   0x000033a0       0x22 /usr/local/bin/../lib/gcc/msp430/4.7.2/mcpu-430x/mmpy-16/msr20/mc20/libgcc.a(_udivmod16.o)
                0x000033a0                __udivhi3
                0x000033a0                __ext_udivmod16
                0x000033ba                __umodhi3
 .text.libgcc   0x000033c2       0x3a /usr/local/bin/../lib/gcc/msp430/4.7.2/mcpu-430x/mmpy-16/msr20/mc20/libgcc.a(_divmod16.o)
                0x000033c2                __ext_divmod16
                0x000033c2                __divhi3
                0x000033f4                __modhi3
 .text.libgcc   0x000033fc       0x38 /usr/local/bin/../lib/gcc/msp430/4.7.2/mcpu-430x/mmpy-16/msr20/mc20/libgcc.a(_udivmod32.o)
                0x000033fc                __udivsi3
                0x000033fc                __ext_udivmod32
                0x0000342a                __umodsi3
 .text.libgcc   0x00003434       0x4c /usr/local/bin/../lib/gcc/msp430/4.7.2/mcpu-430x/mmpy-16/msr20/mc20/libgcc.a(_divmod32.o)
                0x00003434                __ext_divmod32
                0x00003434                __divsi3
                0x00003476                __modsi3
 .text.libgcc   0x00003480       0xbc /usr/local/bin/../lib/gcc/msp430/4.7.2/mcpu-430x/mmpy-16/msr20/mc20/libgcc.a(_udivmod64.o)
                0x00003480                __xabi_udivmod64
                0x000034d2                __udivdi3
                0x000034ec                __umoddi3
                0x0000350e                __udivmoddi4
 .text.crt0     0x0000353c        0x2 /usr/local/bin/../lib/gcc/msp430/4.7.2/mcpu-430x/mmpy-16/msr20/mc20/libcrt0.a(_unexpected_.o)
                0x0000353c                _unexpected_
 *(.near.text .near.text.*)
 .near.text.irq_p2
                0x0000353e       0x3c build/z1/contiki-ng-z1.a(button-sensor.o)
                0x0000353e                irq_p2
                0x0000353e                __isr_19
 .near.text.port1_isr
                0x0000357a       0x84 build/z1/contiki-ng-z1.a(adxl345.o)
                0x0000357a                port1_isr
                0x0000357a                __isr_18
 .near.text.timera1
                0x000035fe       0xd0 build/z1/contiki-ng-z1.a(clock.o)
                0x000035fe                __isr_24
                0x000035fe                timera1
 .near.text.watchdog_interrupt
                0x000036ce        0x6 build/z1/contiki-ng-z1.a(watchdog.o)
                0x000036ce                __isr_26
                0x000036ce                watchdog_interrupt
 .near.text.i2c_tx_interrupt
                0x000036d4       0x84 build/z1/contiki-ng-z1.a(i2cmaster.o)
                0x000036d4                __isr_16
                0x000036d4                i2c_tx_interrupt
 .near.text.i2c_rx_interrupt
                0x00003758       0x14 build/z1/contiki-ng-z1.a(i2cmaster.o)
                0x00003758                i2c_rx_interrupt
                0x00003758                __isr_17
 .near.text.uart0_rx_interrupt
                0x0000376c       0x2a build/z1/contiki-ng-z1.a(uart0.o)
                0x0000376c                __isr_23
                0x0000376c                uart0_rx_interrupt
 .near.text.timera0
                0x00003796       0x22 build/z1/contiki-ng-z1.a(rtimer-arch.o)
                0x00003796                __isr_25
                0x00003796                timera0
 .any.text.process_thread_light_switch_process
                0x000037b8       0xfe light_switch.o
 .any.text.process_thread_sensors_process
                0x000038b6       0xc2 build/z1/contiki-ng-z1.a(sensors.o)
 .any.text.sensors_changed
                0x00003978       0x2a build/z1/contiki-ng-z1.a(sensors.o)
                0x00003978                sensors_changed
 .any.text.status
                0x000039a2       0x18 build/z1/contiki-ng-z1.a(button-sensor.o)
 .any.text.value
                0x000039ba       0x20 build/z1/contiki-ng-z1.a(button-sensor.o)
 .any.text.configure
                0x000039da       0x4e build/z1/contiki-ng-z1.a(button-sensor.o)
 .any.text.putchar
                0x00003a28       0x10 build/z1/contiki-ng-z1.a(uart0-putchar.o)
                0x00003a28                putchar
 .any.text.status
                0x00003a38       0x12 build/z1/contiki-ng-z1.a(adxl345.o)
 .any.text.accm_write_reg
                0x00003a4a       0x2e build/z1/contiki-ng-z1.a(adxl345.o)
 .any.text.accm_write_stream
                0x00003a78       0x2a build/z1/contiki-ng-z1.a(adxl345.o)
 .any.text.accm_read_reg
                0x00003aa2       0x54 build/z1/contiki-ng-z1.a(adxl345.o)
 .any.text.process_thread_accmeter_process
                0x00003af6       0x56 build/z1/contiki-ng-z1.a(adxl345.o)
 .any.text.accm_read_axis.part.0
                0x00003b4c       0x5a build/z1/contiki-ng-z1.a(adxl345.o)
 .any.text.value
                0x00003ba6       0x1e build/z1/contiki-ng-z1.a(adxl345.o)
 .any.text.accm_init
                0x00003bc4       0x78 build/z1/contiki-ng-z1.a(adxl345.o)
                0x00003bc4                accm_init
 .any.text.accm_stop
                0x00003c3c       0x32 build/z1/contiki-ng-z1.a(adxl345.o)
                0x00003c3c                accm_stop
 .any.text.configure
                0x00003c6e       0x26 build/z1/contiki-ng-z1.a(adxl345.o)
 .any.text.status
                0x00003c94       0x12 build/z1/contiki-ng-z1.a(tmp102.o)
 .any.text.tmp102_init
                0x00003ca6       0x24 build/z1/contiki-ng-z1.a(tmp102.o)
                0x00003ca6                tmp102_init
 .any.text.tmp102_stop
                0x00003cca        0xa build/z1/contiki-ng-z1.a(tmp102.o)
                0x00003cca                tmp102_stop
 .any.text.configure
                0x00003cd4       0x26 build/z1/contiki-ng-z1.a(tmp102.o)
 .any.text.tmp102_read_reg
                0x00003cfa       0x5e build/z1/contiki-ng-z1.a(tmp102.o)
                0x00003cfa                tmp102_read_reg
 .any.text.tmp102_read_temp_x100
                0x00003d58       0x58 build/z1/contiki-ng-z1.a(tmp102.o)
                0x00003d58                tmp102_read_temp_x100
 .any.text.value
                0x00003db0        0x6 build/z1/contiki-ng-z1.a(tmp102.o)
 .any.text.platform_init_stage_one
                0x00003db6       0x12 build/z1/contiki-ng-z1.a(platform.o)
                0x00003db6                platform_init_stage_one
 .any.text.platform_init_stage_two
                0x00003dc8       0xba build/z1/contiki-ng-z1.a(platform.o)
                0x00003dc8                platform_init_stage_two
 .any.text.platform_init_stage_three
                0x00003e82       0x72 build/z1/contiki-ng-z1.a(platform.o)
                0x00003e82                platform_init_stage_three
 .any.text.platform_idle
                0x00003ef4       0x54 build/z1/contiki-ng-z1.a(platform.o)
                0x00003ef4                platform_idle
 .any.text.msp430_init_dco
                0x00003f48       0x28 build/z1/contiki-ng-z1.a(msp430.o)
                0x00003f48                msp430_init_dco
 .any.text.splhigh_
                0x00003f70        0x8 build/z1/contiki-ng-z1.a(msp430.o)
                0x00003f70                splhigh_
 .any.text.msp430_sync_dco
                0x00003f78       0x6e build/z1/contiki-ng-z1.a(msp430.o)
                0x00003f78                msp430_sync_dco
 .any.text.msp430_cpu_init
                0x00003fe6       0x2e build/z1/contiki-ng-z1.a(msp430.o)
                0x00003fe6                msp430_cpu_init
 .any.text.clock_time
                0x00004014       0x1a build/z1/contiki-ng-z1.a(clock.o)
                0x00004014                clock_time
 .any.text.clock_init
                0x0000402e       0x28 build/z1/contiki-ng-z1.a(clock.o)
                0x0000402e                clock_init
 .any.text.clock_delay
                0x00004056        0xc build/z1/contiki-ng-z1.a(clock.o)
                0x00004056                clock_delay
 .any.text.clock_wait
                0x00004062       0x24 build/z1/contiki-ng-z1.a(clock.o)
                0x00004062                clock_wait
 .any.text.clock_seconds
                0x00004086       0x1a build/z1/contiki-ng-z1.a(clock.o)
                0x00004086                clock_seconds
 .any.text.watchdog_start
                0x000040a0       0x14 build/z1/contiki-ng-z1.a(watchdog.o)
                0x000040a0                watchdog_start
 .any.text.watchdog_periodic
                0x000040b4       0x12 build/z1/contiki-ng-z1.a(watchdog.o)
                0x000040b4                watchdog_periodic
 .any.text.watchdog_stop
                0x000040c6       0x16 build/z1/contiki-ng-z1.a(watchdog.o)
                0x000040c6                watchdog_stop
 .any.text.watchdog_init
                0x000040dc       0x12 build/z1/contiki-ng-z1.a(watchdog.o)
                0x000040dc                watchdog_init
 .any.text.autostart_start
                0x000040ee       0x16 build/z1/contiki-ng-z1.a(autostart.o)
                0x000040ee                autostart_start
 .any.text.energest_init
                0x00004104        0x2 build/z1/contiki-ng-z1.a(energest.o)
                0x00004104                energest_init
 .any.text.energest_flush
                0x00004106        0x2 build/z1/contiki-ng-z1.a(energest.o)
                0x00004106                energest_flush
 .any.text.update_time
                0x00004108       0x70 build/z1/contiki-ng-z1.a(etimer.o)
 .any.text.etimer_request_poll
                0x00004178        0xa build/z1/contiki-ng-z1.a(etimer.o)
                0x00004178                etimer_request_poll
 .any.text.process_thread_etimer_process
                0x00004182       0xc4 build/z1/contiki-ng-z1.a(etimer.o)
 .any.text.add_timer
                0x00004246       0x40 build/z1/contiki-ng-z1.a(etimer.o)
 .any.text.etimer_set
                0x00004286       0x12 build/z1/contiki-ng-z1.a(etimer.o)
                0x00004286                etimer_set
 .any.text.etimer_reset
                0x00004298       0x12 build/z1/contiki-ng-z1.a(etimer.o)
                0x00004298                etimer_reset
 .any.text.etimer_expired
                0x000042aa        0xe build/z1/contiki-ng-z1.a(etimer.o)
                0x000042aa                etimer_expired
 .any.text.etimer_pending
                0x000042b8        0xc build/z1/contiki-ng-z1.a(etimer.o)
                0x000042b8                etimer_pending
 .any.text.etimer_next_expiration_time
                0x000042c4       0x16 build/z1/contiki-ng-z1.a(etimer.o)
                0x000042c4                etimer_next_expiration_time
 .any.text.etimer_stop
                0x000042da       0x3e build/z1/contiki-ng-z1.a(etimer.o)
                0x000042da                etimer_stop
 .any.text.log_6addr
                0x00004318       0x32 build/z1/contiki-ng-z1.a(log.o)
                0x00004318                log_6addr
 .any.text.log_lladdr
                0x0000434a       0x40 build/z1/contiki-ng-z1.a(log.o)
                0x0000434a                log_lladdr
 .any.text.process_thread_ctimer_process
                0x0000438a       0xa0 build/z1/contiki-ng-z1.a(ctimer.o)
 .any.text.ctimer_init
                0x0000442a       0x18 build/z1/contiki-ng-z1.a(ctimer.o)
                0x0000442a                ctimer_init
 .any.text.ctimer_set_with_process
                0x00004442       0x4a build/z1/contiki-ng-z1.a(ctimer.o)
                0x00004442                ctimer_set_with_process
 .any.text.ctimer_set
                0x0000448c       0x10 build/z1/contiki-ng-z1.a(ctimer.o)
                0x0000448c                ctimer_set
 .any.text.ctimer_reset
                0x0000449c       0x2c build/z1/contiki-ng-z1.a(ctimer.o)
                0x0000449c                ctimer_reset
 .any.text.ctimer_stop
                0x000044c8       0x28 build/z1/contiki-ng-z1.a(ctimer.o)
                0x000044c8                ctimer_stop
 .any.text.ctimer_expired
                0x000044f0       0x30 build/z1/contiki-ng-z1.a(ctimer.o)
                0x000044f0                ctimer_expired
 .any.text.rtimer_init
                0x00004520        0x6 build/z1/contiki-ng-z1.a(rtimer.o)
                0x00004520                rtimer_init
 .any.text.rtimer_run_next
                0x00004526       0x26 build/z1/contiki-ng-z1.a(rtimer.o)
                0x00004526                rtimer_run_next
 .any.text.node_id_init
                0x0000454c       0x14 build/z1/contiki-ng-z1.a(node-id.o)
                0x0000454c                node_id_init
 .any.text.call_process
                0x00004560       0x40 build/z1/contiki-ng-z1.a(process.o)
 .any.text.exit_process
                0x000045a0       0x88 build/z1/contiki-ng-z1.a(process.o)
 .any.text.do_poll
                0x00004628       0x30 build/z1/contiki-ng-z1.a(process.o)
 .any.text.process_alloc_event
                0x00004658        0xe build/z1/contiki-ng-z1.a(process.o)
                0x00004658                process_alloc_event
 .any.text.process_init
                0x00004666       0x1c build/z1/contiki-ng-z1.a(process.o)
                0x00004666                process_init
 .any.text.process_run
                0x00004682       0x8c build/z1/contiki-ng-z1.a(process.o)
                0x00004682                process_run
 .any.text.process_nevents
                0x0000470e        0xe build/z1/contiki-ng-z1.a(process.o)
                0x0000470e                process_nevents
 .any.text.process_post
                0x0000471c       0x4a build/z1/contiki-ng-z1.a(process.o)
                0x0000471c                process_post
 .any.text.process_post_synch
                0x00004766       0x12 build/z1/contiki-ng-z1.a(process.o)
                0x00004766                process_post_synch
 .any.text.process_start
                0x00004778       0x36 build/z1/contiki-ng-z1.a(process.o)
                0x00004778                process_start
 .any.text.process_poll
                0x000047ae       0x18 build/z1/contiki-ng-z1.a(process.o)
                0x000047ae                process_poll
 .any.text.timer_set
                0x000047c6       0x1c build/z1/contiki-ng-z1.a(timer.o)
                0x000047c6                timer_set
 .any.text.timer_expired
                0x000047e2       0x2a build/z1/contiki-ng-z1.a(timer.o)
                0x000047e2                timer_expired
 .any.text.timer_reset
                0x0000480c       0x1c build/z1/contiki-ng-z1.a(timer.o)
                0x0000480c                timer_reset
 .any.text.stack_check_init
                0x00004828       0x2e build/z1/contiki-ng-z1.a(stack-check.o)
                0x00004828                stack_check_init
 .any.text.stack_check_get_usage
                0x00004856       0x54 build/z1/contiki-ng-z1.a(stack-check.o)
                0x00004856                stack_check_get_usage
 .any.text.process_thread_stack_check_process
                0x000048aa       0xd2 build/z1/contiki-ng-z1.a(stack-check.o)
 .any.text.list_init
                0x0000497c        0x6 build/z1/contiki-ng-z1.a(list.o)
                0x0000497c                list_init
 .any.text.list_head
                0x00004982        0x4 build/z1/contiki-ng-z1.a(list.o)
                0x00004982                list_head
 .any.text.list_tail
                0x00004986       0x12 build/z1/contiki-ng-z1.a(list.o)
                0x00004986                list_tail
 .any.text.list_remove
                0x00004998       0x34 build/z1/contiki-ng-z1.a(list.o)
                0x00004998                list_remove
 .any.text.list_push
                0x000049cc       0x16 build/z1/contiki-ng-z1.a(list.o)
                0x000049cc                list_push
 .any.text.list_add
                0x000049e2       0x26 build/z1/contiki-ng-z1.a(list.o)
                0x000049e2                list_add
 .any.text.list_length
                0x00004a08       0x10 build/z1/contiki-ng-z1.a(list.o)
                0x00004a08                list_length
 .any.text.list_item_next
                0x00004a18        0xc build/z1/contiki-ng-z1.a(list.o)
                0x00004a18                list_item_next
 .any.text.random_init
                0x00004a24        0x6 build/z1/contiki-ng-z1.a(random.o)
                0x00004a24                random_init
 .any.text.random_rand
                0x00004a2a        0x6 build/z1/contiki-ng-z1.a(random.o)
                0x00004a2a                random_rand
 .any.text.queuebuf_init
                0x00004a30       0x12 build/z1/contiki-ng-z1.a(queuebuf.o)
                0x00004a30                queuebuf_init
 .any.text.queuebuf_numfree
                0x00004a42        0xa build/z1/contiki-ng-z1.a(queuebuf.o)
                0x00004a42                queuebuf_numfree
 .any.text.queuebuf_new_from_packetbuf
                0x00004a4c       0x4e build/z1/contiki-ng-z1.a(queuebuf.o)
                0x00004a4c                queuebuf_new_from_packetbuf
 .any.text.queuebuf_update_attr_from_packetbuf
                0x00004a9a       0x12 build/z1/contiki-ng-z1.a(queuebuf.o)
                0x00004a9a                queuebuf_update_attr_from_packetbuf
 .any.text.queuebuf_free
                0x00004aac       0x2a build/z1/contiki-ng-z1.a(queuebuf.o)
                0x00004aac                queuebuf_free
 .any.text.queuebuf_to_packetbuf
                0x00004ad6       0x32 build/z1/contiki-ng-z1.a(queuebuf.o)
                0x00004ad6                queuebuf_to_packetbuf
 .any.text.packetbuf_hdrreduce
                0x00004b08       0x1a build/z1/contiki-ng-z1.a(packetbuf.o)
                0x00004b08                packetbuf_hdrreduce
 .any.text.packetbuf_set_datalen
                0x00004b22        0x6 build/z1/contiki-ng-z1.a(packetbuf.o)
                0x00004b22                packetbuf_set_datalen
 .any.text.packetbuf_hdrptr
                0x00004b28        0x6 build/z1/contiki-ng-z1.a(packetbuf.o)
                0x00004b28                packetbuf_hdrptr
 .any.text.packetbuf_datalen
                0x00004b2e        0x6 build/z1/contiki-ng-z1.a(packetbuf.o)
                0x00004b2e                packetbuf_datalen
 .any.text.packetbuf_hdrlen
                0x00004b34        0xa build/z1/contiki-ng-z1.a(packetbuf.o)
                0x00004b34                packetbuf_hdrlen
 .any.text.packetbuf_dataptr
                0x00004b3e        0xc build/z1/contiki-ng-z1.a(packetbuf.o)
                0x00004b3e                packetbuf_dataptr
 .any.text.packetbuf_copyto
                0x00004b4a       0x3a build/z1/contiki-ng-z1.a(packetbuf.o)
                0x00004b4a                packetbuf_copyto
 .any.text.packetbuf_totlen
                0x00004b84        0xc build/z1/contiki-ng-z1.a(packetbuf.o)
                0x00004b84                packetbuf_totlen
 .any.text.packetbuf_hdralloc
                0x00004b90       0x3c build/z1/contiki-ng-z1.a(packetbuf.o)
                0x00004b90                packetbuf_hdralloc
 .any.text.packetbuf_attr_clear
                0x00004bcc       0x28 build/z1/contiki-ng-z1.a(packetbuf.o)
                0x00004bcc                packetbuf_attr_clear
 .any.text.packetbuf_clear
                0x00004bf4       0x12 build/z1/contiki-ng-z1.a(packetbuf.o)
                0x00004bf4                packetbuf_clear
 .any.text.packetbuf_copyfrom
                0x00004c06       0x2a build/z1/contiki-ng-z1.a(packetbuf.o)
                0x00004c06                packetbuf_copyfrom
 .any.text.packetbuf_attr_copyto
                0x00004c30       0x22 build/z1/contiki-ng-z1.a(packetbuf.o)
                0x00004c30                packetbuf_attr_copyto
 .any.text.packetbuf_attr_copyfrom
                0x00004c52       0x24 build/z1/contiki-ng-z1.a(packetbuf.o)
                0x00004c52                packetbuf_attr_copyfrom
 .any.text.packetbuf_set_attr
                0x00004c76        0xc build/z1/contiki-ng-z1.a(packetbuf.o)
                0x00004c76                packetbuf_set_attr
 .any.text.packetbuf_attr
                0x00004c82        0xa build/z1/contiki-ng-z1.a(packetbuf.o)
                0x00004c82                packetbuf_attr
 .any.text.packetbuf_set_addr
                0x00004c8c       0x14 build/z1/contiki-ng-z1.a(packetbuf.o)
                0x00004c8c                packetbuf_set_addr
 .any.text.packetbuf_addr
                0x00004ca0        0xe build/z1/contiki-ng-z1.a(packetbuf.o)
                0x00004ca0                packetbuf_addr
 .any.text.packetbuf_holds_broadcast
                0x00004cae        0xe build/z1/contiki-ng-z1.a(packetbuf.o)
                0x00004cae                packetbuf_holds_broadcast
 .any.text.netstack_process_ip_callback
                0x00004cbc       0x46 build/z1/contiki-ng-z1.a(netstack.o)
                0x00004cbc                netstack_process_ip_callback
 .any.text.netstack_init
                0x00004d02        0xe build/z1/contiki-ng-z1.a(netstack.o)
                0x00004d02                netstack_init
 .any.text.linkaddr_copy
                0x00004d10        0x8 build/z1/contiki-ng-z1.a(linkaddr.o)
                0x00004d10                linkaddr_copy
 .any.text.linkaddr_cmp
                0x00004d18       0x12 build/z1/contiki-ng-z1.a(linkaddr.o)
                0x00004d18                linkaddr_cmp
 .any.text.linkaddr_set_node_addr
                0x00004d2a        0xc build/z1/contiki-ng-z1.a(linkaddr.o)
                0x00004d2a                linkaddr_set_node_addr
 .any.text.on   0x00004d36        0x6 build/z1/contiki-ng-z1.a(csma.o)
 .any.text.off  0x00004d3c        0x6 build/z1/contiki-ng-z1.a(csma.o)
 .any.text.max_payload
                0x00004d42       0x38 build/z1/contiki-ng-z1.a(csma.o)
 .any.text.send_packet
                0x00004d7a        0x6 build/z1/contiki-ng-z1.a(csma.o)
 .any.text.init
                0x00004d80       0x1c build/z1/contiki-ng-z1.a(csma.o)
 .any.text.input_packet
                0x00004d9c       0x58 build/z1/contiki-ng-z1.a(csma.o)
 .any.text.schedule_transmission
                0x00004df4       0x66 build/z1/contiki-ng-z1.a(csma-output.o)
 .any.text.tx_done
                0x00004e5a       0x86 build/z1/contiki-ng-z1.a(csma-output.o)
 .any.text.transmit_from_queue
                0x00004ee0      0x1ac build/z1/contiki-ng-z1.a(csma-output.o)
 .any.text.csma_output_packet
                0x0000508c      0x174 build/z1/contiki-ng-z1.a(csma-output.o)
                0x0000508c                csma_output_packet
 .any.text.csma_output_init
                0x00005200       0x1a build/z1/contiki-ng-z1.a(csma-output.o)
                0x00005200                csma_output_init
 .any.text.uip_ds6_default_prefix
                0x0000521a        0x6 build/z1/contiki-ng-z1.a(uip-ds6.o)
                0x0000521a                uip_ds6_default_prefix
 .any.text.uip_ds6_list_loop
                0x00005220       0x72 build/z1/contiki-ng-z1.a(uip-ds6.o)
                0x00005220                uip_ds6_list_loop
 .any.text.uip_ds6_prefix_add
                0x00005292       0x70 build/z1/contiki-ng-z1.a(uip-ds6.o)
                0x00005292                uip_ds6_prefix_add
 .any.text.uip_ds6_is_addr_onlink
                0x00005302       0x42 build/z1/contiki-ng-z1.a(uip-ds6.o)
                0x00005302                uip_ds6_is_addr_onlink
 .any.text.uip_ds6_addr_lookup
                0x00005344       0x2a build/z1/contiki-ng-z1.a(uip-ds6.o)
                0x00005344                uip_ds6_addr_lookup
 .any.text.uip_ds6_get_link_local
                0x0000536e       0x3e build/z1/contiki-ng-z1.a(uip-ds6.o)
                0x0000536e                uip_ds6_get_link_local
 .any.text.uip_ds6_maddr_add
                0x000053ac       0x48 build/z1/contiki-ng-z1.a(uip-ds6.o)
                0x000053ac                uip_ds6_maddr_add
 .any.text.uip_ds6_addr_add
                0x000053f4       0xb4 build/z1/contiki-ng-z1.a(uip-ds6.o)
                0x000053f4                uip_ds6_addr_add
 .any.text.uip_ds6_maddr_rm
                0x000054a8        0xa build/z1/contiki-ng-z1.a(uip-ds6.o)
                0x000054a8                uip_ds6_maddr_rm
 .any.text.uip_ds6_maddr_lookup
                0x000054b2       0x2a build/z1/contiki-ng-z1.a(uip-ds6.o)
                0x000054b2                uip_ds6_maddr_lookup
 .any.text.uip_ds6_addr_rm
                0x000054dc       0x54 build/z1/contiki-ng-z1.a(uip-ds6.o)
                0x000054dc                uip_ds6_addr_rm
 .any.text.uip_ds6_periodic
                0x00005530       0x46 build/z1/contiki-ng-z1.a(uip-ds6.o)
                0x00005530                uip_ds6_periodic
 .any.text.uip_ds6_set_addr_iid
                0x00005576       0x14 build/z1/contiki-ng-z1.a(uip-ds6.o)
                0x00005576                uip_ds6_set_addr_iid
 .any.text.uip_ds6_set_lladdr_from_iid
                0x0000558a       0x14 build/z1/contiki-ng-z1.a(uip-ds6.o)
                0x0000558a                uip_ds6_set_lladdr_from_iid
 .any.text.get_match_length
                0x0000559e       0x3c build/z1/contiki-ng-z1.a(uip-ds6.o)
                0x0000559e                get_match_length
 .any.text.uip_ds6_select_src
                0x000055da       0x9a build/z1/contiki-ng-z1.a(uip-ds6.o)
                0x000055da                uip_ds6_select_src
 .any.text.uip_ds6_compute_reachable_time
                0x00005674       0x36 build/z1/contiki-ng-z1.a(uip-ds6.o)
                0x00005674                uip_ds6_compute_reachable_time
 .any.text.uip_ds6_init
                0x000056aa      0x164 build/z1/contiki-ng-z1.a(uip-ds6.o)
                0x000056aa                uip_ds6_init
 .any.text.uip_ds6_route_init
                0x0000580e       0x12 build/z1/contiki-ng-z1.a(uip-ds6-route.o)
                0x0000580e                uip_ds6_route_init
 .any.text.uip_ds6_route_nexthop
                0x00005820        0x4 build/z1/contiki-ng-z1.a(uip-ds6-route.o)
                0x00005820                uip_ds6_route_nexthop
 .any.text.uip_ds6_route_lookup
                0x00005824        0x4 build/z1/contiki-ng-z1.a(uip-ds6-route.o)
                0x00005824                uip_ds6_route_lookup
 .any.text.uip_ds6_route_rm
                0x00005828        0x2 build/z1/contiki-ng-z1.a(uip-ds6-route.o)
                0x00005828                uip_ds6_route_rm
 .any.text.uip_ds6_defrt_rm
                0x0000582a       0x38 build/z1/contiki-ng-z1.a(uip-ds6-route.o)
                0x0000582a                uip_ds6_defrt_rm
 .any.text.uip_ds6_defrt_lookup
                0x00005862       0x3c build/z1/contiki-ng-z1.a(uip-ds6-route.o)
                0x00005862                uip_ds6_defrt_lookup
 .any.text.uip_ds6_defrt_add
                0x0000589e       0x66 build/z1/contiki-ng-z1.a(uip-ds6-route.o)
                0x0000589e                uip_ds6_defrt_add
 .any.text.uip_ds6_defrt_choose
                0x00005904       0x36 build/z1/contiki-ng-z1.a(uip-ds6-route.o)
                0x00005904                uip_ds6_defrt_choose
 .any.text.uip_ds6_defrt_periodic
                0x0000593a       0x38 build/z1/contiki-ng-z1.a(uip-ds6-route.o)
                0x0000593a                uip_ds6_defrt_periodic
 .any.text.uip_ds6_nbr_rm
                0x00005972       0x1e build/z1/contiki-ng-z1.a(uip-ds6-nbr.o)
                0x00005972                uip_ds6_nbr_rm
 .any.text.uip_ds6_neighbors_init
                0x00005990       0x12 build/z1/contiki-ng-z1.a(uip-ds6-nbr.o)
                0x00005990                uip_ds6_neighbors_init
 .any.text.uip_ds6_nbr_add
                0x000059a2       0x36 build/z1/contiki-ng-z1.a(uip-ds6-nbr.o)
                0x000059a2                uip_ds6_nbr_add
 .any.text.uip_ds6_nbr_get_ll
                0x000059d8        0xc build/z1/contiki-ng-z1.a(uip-ds6-nbr.o)
                0x000059d8                uip_ds6_nbr_get_ll
 .any.text.uip_ds6_nbr_head
                0x000059e4        0xa build/z1/contiki-ng-z1.a(uip-ds6-nbr.o)
                0x000059e4                uip_ds6_nbr_head
 .any.text.uip_ds6_nbr_next
                0x000059ee        0xc build/z1/contiki-ng-z1.a(uip-ds6-nbr.o)
                0x000059ee                uip_ds6_nbr_next
 .any.text.uip_ds6_nbr_lookup
                0x000059fa       0x36 build/z1/contiki-ng-z1.a(uip-ds6-nbr.o)
                0x000059fa                uip_ds6_nbr_lookup
 .any.text.uip_ds6_nbr_ll_lookup
                0x00005a30        0xc build/z1/contiki-ng-z1.a(uip-ds6-nbr.o)
                0x00005a30                uip_ds6_nbr_ll_lookup
 .any.text.uip_ds6_nbr_update_ll
                0x00005a3c       0x6e build/z1/contiki-ng-z1.a(uip-ds6-nbr.o)
                0x00005a3c                uip_ds6_nbr_update_ll
 .any.text.uip_ds6_nbr_ipaddr_from_lladdr
                0x00005aaa        0x6 build/z1/contiki-ng-z1.a(uip-ds6-nbr.o)
                0x00005aaa                uip_ds6_nbr_ipaddr_from_lladdr
 .any.text.uip_ds6_nbr_lladdr_from_ipaddr
                0x00005ab0       0x12 build/z1/contiki-ng-z1.a(uip-ds6-nbr.o)
                0x00005ab0                uip_ds6_nbr_lladdr_from_ipaddr
 .any.text.uip_ds6_link_callback
                0x00005ac2        0x2 build/z1/contiki-ng-z1.a(uip-ds6-nbr.o)
                0x00005ac2                uip_ds6_link_callback
 .any.text.tcpip_output
                0x00005ac4       0x22 build/z1/contiki-ng-z1.a(tcpip.o)
                0x00005ac4                tcpip_output
 .any.text.udp_new
                0x00005ae6       0x1a build/z1/contiki-ng-z1.a(tcpip.o)
                0x00005ae6                udp_new
 .any.text.tcpip_input
                0x00005b00       0x1e build/z1/contiki-ng-z1.a(tcpip.o)
                0x00005b00                tcpip_input
 .any.text.tcpip_ipv6_output
                0x00005b1e      0x10c build/z1/contiki-ng-z1.a(tcpip.o)
                0x00005b1e                tcpip_ipv6_output
 .any.text.packet_input.part.3
                0x00005c2a       0x12 build/z1/contiki-ng-z1.a(tcpip.o)
 .any.text.process_thread_tcpip_process
                0x00005c3c       0xc2 build/z1/contiki-ng-z1.a(tcpip.o)
 .any.text.tcpip_uipcall
                0x00005cfe       0x2a build/z1/contiki-ng-z1.a(tcpip.o)
                0x00005cfe                tcpip_uipcall
 .any.text.chksum
                0x00005d28       0x32 build/z1/contiki-ng-z1.a(uip6.o)
 .any.text.upper_layer_chksum
                0x00005d5a       0x54 build/z1/contiki-ng-z1.a(uip6.o)
 .any.text.ext_hdr_options_process
                0x00005dae       0x92 build/z1/contiki-ng-z1.a(uip6.o)
 .any.text.uip_check_mtu
                0x00005e40       0x1e build/z1/contiki-ng-z1.a(uip6.o)
 .any.text.uip_update_ttl
                0x00005e5e       0x24 build/z1/contiki-ng-z1.a(uip6.o)
 .any.text.uip_icmp6chksum
                0x00005e82        0xa build/z1/contiki-ng-z1.a(uip6.o)
                0x00005e82                uip_icmp6chksum
 .any.text.uip_udpchksum
                0x00005e8c        0xa build/z1/contiki-ng-z1.a(uip6.o)
                0x00005e8c                uip_udpchksum
 .any.text.uip_init
                0x00005e96       0x24 build/z1/contiki-ng-z1.a(uip6.o)
                0x00005e96                uip_init
 .any.text.uip_remove_ext_hdr
                0x00005eba       0x5e build/z1/contiki-ng-z1.a(uip6.o)
                0x00005eba                uip_remove_ext_hdr
 .any.text.uip_udp_new
                0x00005f18       0x84 build/z1/contiki-ng-z1.a(uip6.o)
                0x00005f18                uip_udp_new
 .any.text.uip_process
                0x00005f9c      0x4b6 build/z1/contiki-ng-z1.a(uip6.o)
                0x00005f9c                uip_process
 .any.text.uip_htonl
                0x00006452       0x2a build/z1/contiki-ng-z1.a(uip6.o)
                0x00006452                uip_htonl
 .any.text.ns_input
                0x0000647c      0x27e build/z1/contiki-ng-z1.a(uip-nd6.o)
 .any.text.uip_nd6_init
                0x000066fa        0xa build/z1/contiki-ng-z1.a(uip-nd6.o)
                0x000066fa                uip_nd6_init
 .any.text.process_thread_simple_udp_process
                0x00006704       0xa8 build/z1/contiki-ng-z1.a(simple-udp.o)
 .any.text.simple_udp_sendto
                0x000067ac       0x28 build/z1/contiki-ng-z1.a(simple-udp.o)
                0x000067ac                simple_udp_sendto
 .any.text.simple_udp_register
                0x000067d4       0x88 build/z1/contiki-ng-z1.a(simple-udp.o)
                0x000067d4                simple_udp_register
 .any.text.clear_fragments
                0x0000685c       0x38 build/z1/contiki-ng-z1.a(sicslowpan.o)
 .any.text.addr_context_lookup_by_number
                0x00006894       0x16 build/z1/contiki-ng-z1.a(sicslowpan.o)
 .any.text.sicslowpan_init
                0x000068aa       0x18 build/z1/contiki-ng-z1.a(sicslowpan.o)
                0x000068aa                sicslowpan_init
 .any.text.set_packet_attrs
                0x000068c2       0x66 build/z1/contiki-ng-z1.a(sicslowpan.o)
 .any.text.compress_addr_64
                0x00006928       0x9a build/z1/contiki-ng-z1.a(sicslowpan.o)
 .any.text.addr_context_lookup_by_prefix
                0x000069c2       0x20 build/z1/contiki-ng-z1.a(sicslowpan.o)
 .any.text.send_packet
                0x000069e2       0x1a build/z1/contiki-ng-z1.a(sicslowpan.o)
 .any.text.fragment_copy_payload_and_send
                0x000069fc       0x5e build/z1/contiki-ng-z1.a(sicslowpan.o)
 .any.text.output
                0x00006a5a      0x772 build/z1/contiki-ng-z1.a(sicslowpan.o)
 .any.text.packet_sent
                0x000071cc       0x4e build/z1/contiki-ng-z1.a(sicslowpan.o)
 .any.text.store_fragment
                0x0000721a       0x6e build/z1/contiki-ng-z1.a(sicslowpan.o)
 .any.text.add_fragment
                0x00007288      0x16a build/z1/contiki-ng-z1.a(sicslowpan.o)
 .any.text.uncompress_addr
                0x000073f2       0x96 build/z1/contiki-ng-z1.a(sicslowpan.o)
 .any.text.input
                0x00007488      0x7b8 build/z1/contiki-ng-z1.a(sicslowpan.o)
 .any.text.uiplib_ip6addrconv
                0x00007c40       0xfa build/z1/contiki-ng-z1.a(uiplib.o)
                0x00007c40                uiplib_ip6addrconv
 .any.text.uiplib_ipaddr_snprint
                0x00007d3a      0x114 build/z1/contiki-ng-z1.a(uiplib.o)
                0x00007d3a                uiplib_ipaddr_snprint
 .any.text.rpl_has_joined
                0x00007e4e       0x12 build/z1/contiki-ng-z1.a(rpl.o)
                0x00007e4e                rpl_has_joined
 .any.text.rpl_is_reachable
                0x00007e60       0x12 build/z1/contiki-ng-z1.a(rpl.o)
                0x00007e60                rpl_is_reachable
 .any.text.neighbor_state_changed
                0x00007e72        0x2 build/z1/contiki-ng-z1.a(rpl.o)
 .any.text.drop_route
                0x00007e74        0x2 build/z1/contiki-ng-z1.a(rpl.o)
 .any.text.rpl_get_leaf_only
                0x00007e76        0x6 build/z1/contiki-ng-z1.a(rpl.o)
                0x00007e76                rpl_get_leaf_only
 .any.text.get_sr_node_ipaddr
                0x00007e7c       0x30 build/z1/contiki-ng-z1.a(rpl.o)
 .any.text.init
                0x00007eac       0x42 build/z1/contiki-ng-z1.a(rpl.o)
 .any.text.set_ip_from_prefix
                0x00007eee       0x30 build/z1/contiki-ng-z1.a(rpl.o)
 .any.text.rpl_link_callback
                0x00007f1e       0x1e build/z1/contiki-ng-z1.a(rpl.o)
                0x00007f1e                rpl_link_callback
 .any.text.rpl_lollipop_greater_than
                0x00007f3c       0x3c build/z1/contiki-ng-z1.a(rpl.o)
                0x00007f3c                rpl_lollipop_greater_than
 .any.text.rpl_get_global_address
                0x00007f78       0x8c build/z1/contiki-ng-z1.a(rpl.o)
                0x00007f78                rpl_get_global_address
 .any.text.rpl_reset_prefix
                0x00008004       0x24 build/z1/contiki-ng-z1.a(rpl.o)
                0x00008004                rpl_reset_prefix
 .any.text.rpl_set_prefix_from_addr
                0x00008028       0x80 build/z1/contiki-ng-z1.a(rpl.o)
                0x00008028                rpl_set_prefix_from_addr
 .any.text.get32
                0x000080a8       0x3e build/z1/contiki-ng-z1.a(rpl-icmp6.o)
 .any.text.set32
                0x000080e6       0x2a build/z1/contiki-ng-z1.a(rpl-icmp6.o)
 .any.text.get16
                0x00008110        0xe build/z1/contiki-ng-z1.a(rpl-icmp6.o)
 .any.text.set16
                0x0000811e       0x10 build/z1/contiki-ng-z1.a(rpl-icmp6.o)
 .any.text.dao_ack_input
                0x0000812e       0x30 build/z1/contiki-ng-z1.a(rpl-icmp6.o)
 .any.text.dao_input
                0x0000815e      0x128 build/z1/contiki-ng-z1.a(rpl-icmp6.o)
 .any.text.dio_input
                0x00008286      0x274 build/z1/contiki-ng-z1.a(rpl-icmp6.o)
 .any.text.dis_input
                0x000084fa       0x1e build/z1/contiki-ng-z1.a(rpl-icmp6.o)
 .any.text.rpl_icmp6_update_nbr_table
                0x00008518       0x2e build/z1/contiki-ng-z1.a(rpl-icmp6.o)
                0x00008518                rpl_icmp6_update_nbr_table
 .any.text.rpl_icmp6_dis_output
                0x00008546       0x34 build/z1/contiki-ng-z1.a(rpl-icmp6.o)
                0x00008546                rpl_icmp6_dis_output
 .any.text.rpl_icmp6_dio_output
                0x0000857a      0x218 build/z1/contiki-ng-z1.a(rpl-icmp6.o)
                0x0000857a                rpl_icmp6_dio_output
 .any.text.rpl_icmp6_dao_output
                0x00008792       0xd6 build/z1/contiki-ng-z1.a(rpl-icmp6.o)
                0x00008792                rpl_icmp6_dao_output
 .any.text.rpl_icmp6_dao_ack_output
                0x00008868       0x46 build/z1/contiki-ng-z1.a(rpl-icmp6.o)
                0x00008868                rpl_icmp6_dao_ack_output
 .any.text.rpl_icmp6_init
                0x000088ae       0x22 build/z1/contiki-ng-z1.a(rpl-icmp6.o)
                0x000088ae                rpl_icmp6_init
 .any.text.rpl_dag_root_set_prefix
                0x000088d0       0x5e build/z1/contiki-ng-z1.a(rpl-dag-root.o)
                0x000088d0                rpl_dag_root_set_prefix
 .any.text.rpl_dag_root_start
                0x0000892e       0x82 build/z1/contiki-ng-z1.a(rpl-dag-root.o)
                0x0000892e                rpl_dag_root_start
 .any.text.rpl_dag_root_is_root
                0x000089b0       0x14 build/z1/contiki-ng-z1.a(rpl-dag-root.o)
                0x000089b0                rpl_dag_root_is_root
 .any.text.init_platform
                0x000089c4        0xc build/z1/contiki-ng-z1.a(contiki-z1-plat)
                0x000089c4                init_platform
 .any.text.leds_init
                0x000089d0        0x6 build/z1/contiki-ng-z1.a(leds.o)
                0x000089d0                leds_init
 .any.text.leds_on
                0x000089d6       0x12 build/z1/contiki-ng-z1.a(leds.o)
                0x000089d6                leds_on
 .any.text.leds_off
                0x000089e8       0x12 build/z1/contiki-ng-z1.a(leds.o)
                0x000089e8                leds_off
 .any.text.wait_ready
                0x000089fa       0x46 build/z1/contiki-ng-z1.a(xmem.o)
 .any.text.xmem_init
                0x00008a40       0x1e build/z1/contiki-ng-z1.a(xmem.o)
                0x00008a40                xmem_init
 .any.text.xmem_pread
                0x00008a5e       0x88 build/z1/contiki-ng-z1.a(xmem.o)
                0x00008a5e                xmem_pread
 .any.text.i2c_receiveinit
                0x00008ae6       0x36 build/z1/contiki-ng-z1.a(i2cmaster.o)
                0x00008ae6                i2c_receiveinit
 .any.text.i2c_transmitinit
                0x00008b1c       0x30 build/z1/contiki-ng-z1.a(i2cmaster.o)
                0x00008b1c                i2c_transmitinit
 .any.text.i2c_receive_n
                0x00008b4c       0x3e build/z1/contiki-ng-z1.a(i2cmaster.o)
                0x00008b4c                i2c_receive_n
 .any.text.i2c_busy
                0x00008b8a        0xa build/z1/contiki-ng-z1.a(i2cmaster.o)
                0x00008b8a                i2c_busy
 .any.text.i2c_enable
                0x00008b94       0x22 build/z1/contiki-ng-z1.a(i2cmaster.o)
                0x00008b94                i2c_enable
 .any.text.i2c_transmit_n
                0x00008bb6       0x14 build/z1/contiki-ng-z1.a(i2cmaster.o)
                0x00008bb6                i2c_transmit_n
 .any.text.spi_init
                0x00008bca       0x32 build/z1/contiki-ng-z1.a(spi-legacy.o)
                0x00008bca                spi_init
 .any.text.get_object
                0x00008bfc        0x4 build/z1/contiki-ng-z1.a(cc2420.o)
 .any.text.set_object
                0x00008c00        0x4 build/z1/contiki-ng-z1.a(cc2420.o)
 .any.text.strobe
                0x00008c04       0x1a build/z1/contiki-ng-z1.a(cc2420.o)
 .any.text.getreg
                0x00008c1e       0x46 build/z1/contiki-ng-z1.a(cc2420.o)
 .any.text.setreg
                0x00008c64       0x44 build/z1/contiki-ng-z1.a(cc2420.o)
 .any.text.write_ram
                0x00008ca8       0x72 build/z1/contiki-ng-z1.a(cc2420.o)
 .any.text.write_fifo_buf
                0x00008d1a       0x38 build/z1/contiki-ng-z1.a(cc2420.o)
 .any.text.get_status
                0x00008d52       0x1e build/z1/contiki-ng-z1.a(cc2420.o)
 .any.text.on   0x00008d70       0x1a build/z1/contiki-ng-z1.a(cc2420.o)
 .any.text.cc2420_receiving_packet
                0x00008d8a        0xa build/z1/contiki-ng-z1.a(cc2420.o)
 .any.text.pending_packet
                0x00008d94        0xa build/z1/contiki-ng-z1.a(cc2420.o)
 .any.text.wait_for_transmission
                0x00008d9e       0x22 build/z1/contiki-ng-z1.a(cc2420.o)
 .any.text.wait_for_status
                0x00008dc0       0x24 build/z1/contiki-ng-z1.a(cc2420.o)
 .any.text.getrxdata
                0x00008de4       0x4c build/z1/contiki-ng-z1.a(cc2420.o)
 .any.text.flushrx
                0x00008e30       0x1a build/z1/contiki-ng-z1.a(cc2420.o)
 .any.text.off  0x00008e4a       0x28 build/z1/contiki-ng-z1.a(cc2420.o)
 .any.text.RELEASE_LOCK
                0x00008e72       0x28 build/z1/contiki-ng-z1.a(cc2420.o)
 .any.text.set_frame_filtering
                0x00008e9a       0x30 build/z1/contiki-ng-z1.a(cc2420.o)
 .any.text.set_auto_ack
                0x00008eca       0x30 build/z1/contiki-ng-z1.a(cc2420.o)
 .any.text.set_poll_mode
                0x00008efa       0x2c build/z1/contiki-ng-z1.a(cc2420.o)
 .any.text.cc2420_prepare
                0x00008f26       0x42 build/z1/contiki-ng-z1.a(cc2420.o)
 .any.text.cc2420_on
                0x00008f68       0x22 build/z1/contiki-ng-z1.a(cc2420.o)
                0x00008f68                cc2420_on
 .any.text.cc2420_transmit
                0x00008f8a       0x66 build/z1/contiki-ng-z1.a(cc2420.o)
 .any.text.cc2420_send
                0x00008ff0       0x12 build/z1/contiki-ng-z1.a(cc2420.o)
 .any.text.cc2420_off
                0x00009002       0x30 build/z1/contiki-ng-z1.a(cc2420.o)
                0x00009002                cc2420_off
 .any.text.cc2420_cca
                0x00009032       0x54 build/z1/contiki-ng-z1.a(cc2420.o)
 .any.text.cc2420_read
                0x00009086       0xba build/z1/contiki-ng-z1.a(cc2420.o)
 .any.text.process_thread_cc2420_process
                0x00009140       0x62 build/z1/contiki-ng-z1.a(cc2420.o)
 .any.text.cc2420_set_channel
                0x000091a2       0x3a build/z1/contiki-ng-z1.a(cc2420.o)
                0x000091a2                cc2420_set_channel
 .any.text.cc2420_set_pan_addr
                0x000091dc       0x4c build/z1/contiki-ng-z1.a(cc2420.o)
                0x000091dc                cc2420_set_pan_addr
 .any.text.cc2420_interrupt
                0x00009228       0x16 build/z1/contiki-ng-z1.a(cc2420.o)
                0x00009228                cc2420_interrupt
 .any.text.cc2420_set_txpower
                0x0000923e       0x2c build/z1/contiki-ng-z1.a(cc2420.o)
                0x0000923e                cc2420_set_txpower
 .any.text.cc2420_get_txpower
                0x0000926a       0x1e build/z1/contiki-ng-z1.a(cc2420.o)
                0x0000926a                cc2420_get_txpower
 .any.text.cc2420_rssi
                0x00009288       0x48 build/z1/contiki-ng-z1.a(cc2420.o)
                0x00009288                cc2420_rssi
 .any.text.get_value
                0x000092d0      0x11e build/z1/contiki-ng-z1.a(cc2420.o)
 .any.text.cc2420_set_cca_threshold
                0x000093ee       0x16 build/z1/contiki-ng-z1.a(cc2420.o)
                0x000093ee                cc2420_set_cca_threshold
 .any.text.set_value
                0x00009404      0x14a build/z1/contiki-ng-z1.a(cc2420.o)
 .any.text.cc2420_init
                0x0000954e       0xea build/z1/contiki-ng-z1.a(cc2420.o)
                0x0000954e                cc2420_init
 .any.text.cc2420_arch_init
                0x00009638       0x1a build/z1/contiki-ng-z1.a(cc2420-arch.o)
                0x00009638                cc2420_arch_init
 .any.text.node_id_z1_restore
                0x00009652       0x4c build/z1/contiki-ng-z1.a(node-id-z1.o)
                0x00009652                node_id_z1_restore
 .any.text.uart0_active
                0x0000969e        0xe build/z1/contiki-ng-z1.a(uart0.o)
                0x0000969e                uart0_active
 .any.text.uart0_writeb
                0x000096ac       0x16 build/z1/contiki-ng-z1.a(uart0.o)
                0x000096ac                uart0_writeb
 .any.text.uart0_init
                0x000096c2       0x4e build/z1/contiki-ng-z1.a(uart0.o)
                0x000096c2                uart0_init
 .any.text.leds_arch_init
                0x00009710        0xe build/z1/contiki-ng-z1.a(leds-arch.o)
                0x00009710                leds_arch_init
 .any.text.leds_arch_get
                0x0000971e       0x34 build/z1/contiki-ng-z1.a(leds-arch.o)
                0x0000971e                leds_arch_get
 .any.text.leds_arch_set
                0x00009752       0x3e build/z1/contiki-ng-z1.a(leds-arch.o)
                0x00009752                leds_arch_set
 .any.text.rtimer_arch_init
                0x00009790        0xe build/z1/contiki-ng-z1.a(rtimer-arch.o)
                0x00009790                rtimer_arch_init
 .any.text.rtimer_arch_now
                0x0000979e        0xe build/z1/contiki-ng-z1.a(rtimer-arch.o)
                0x0000979e                rtimer_arch_now
 .any.text.rtimer_arch_schedule
                0x000097ac        0x6 build/z1/contiki-ng-z1.a(rtimer-arch.o)
                0x000097ac                rtimer_arch_schedule
 .any.text.stimer_set
                0x000097b2       0x1c build/z1/contiki-ng-z1.a(stimer.o)
                0x000097b2                stimer_set
 .any.text.stimer_expired
                0x000097ce       0x30 build/z1/contiki-ng-z1.a(stimer.o)
                0x000097ce                stimer_expired
 .any.text.memb_init
                0x000097fe       0x36 build/z1/contiki-ng-z1.a(memb.o)
                0x000097fe                memb_init
 .any.text.memb_alloc
                0x00009834       0x3e build/z1/contiki-ng-z1.a(memb.o)
                0x00009834                memb_alloc
 .any.text.memb_free
                0x00009872       0x32 build/z1/contiki-ng-z1.a(memb.o)
                0x00009872                memb_free
 .any.text.memb_inmemb
                0x000098a4       0x2a build/z1/contiki-ng-z1.a(memb.o)
                0x000098a4                memb_inmemb
 .any.text.memb_numfree
                0x000098ce       0x26 build/z1/contiki-ng-z1.a(memb.o)
                0x000098ce                memb_numfree
 .any.text.item_from_index
                0x000098f4       0x2a build/z1/contiki-ng-z1.a(nbr-table.o)
 .any.text.index_from_key
                0x0000991e       0x26 build/z1/contiki-ng-z1.a(nbr-table.o)
 .any.text.index_from_item
                0x00009944       0x1e build/z1/contiki-ng-z1.a(nbr-table.o)
 .any.text.nbr_set_bit
                0x00009962       0x50 build/z1/contiki-ng-z1.a(nbr-table.o)
 .any.text.index_from_lladdr
                0x000099b2       0x3e build/z1/contiki-ng-z1.a(nbr-table.o)
 .any.text.nbr_get_bit.constprop.0
                0x000099f0       0x2c build/z1/contiki-ng-z1.a(nbr-table.o)
 .any.text.nbr_table_is_registered
                0x00009a1c       0x22 build/z1/contiki-ng-z1.a(nbr-table.o)
                0x00009a1c                nbr_table_is_registered
 .any.text.nbr_table_register
                0x00009a3e       0x3c build/z1/contiki-ng-z1.a(nbr-table.o)
                0x00009a3e                nbr_table_register
 .any.text.nbr_table_next
                0x00009a7a       0x4c build/z1/contiki-ng-z1.a(nbr-table.o)
                0x00009a7a                nbr_table_next
 .any.text.nbr_table_head
                0x00009ac6       0x36 build/z1/contiki-ng-z1.a(nbr-table.o)
                0x00009ac6                nbr_table_head
 .any.text.nbr_table_add_lladdr
                0x00009afc      0x14e build/z1/contiki-ng-z1.a(nbr-table.o)
                0x00009afc                nbr_table_add_lladdr
 .any.text.nbr_table_get_from_lladdr
                0x00009c4a       0x28 build/z1/contiki-ng-z1.a(nbr-table.o)
                0x00009c4a                nbr_table_get_from_lladdr
 .any.text.nbr_table_remove
                0x00009c72       0x2a build/z1/contiki-ng-z1.a(nbr-table.o)
                0x00009c72                nbr_table_remove
 .any.text.nbr_table_lock
                0x00009c9c       0x10 build/z1/contiki-ng-z1.a(nbr-table.o)
                0x00009c9c                nbr_table_lock
 .any.text.nbr_table_unlock
                0x00009cac       0x10 build/z1/contiki-ng-z1.a(nbr-table.o)
                0x00009cac                nbr_table_unlock
 .any.text.nbr_table_get_lladdr
                0x00009cbc       0x20 build/z1/contiki-ng-z1.a(nbr-table.o)
                0x00009cbc                nbr_table_get_lladdr
 .any.text.periodic
                0x00009cdc       0x2c build/z1/contiki-ng-z1.a(link-stats.o)
 .any.text.link_stats_from_lladdr
                0x00009d08        0xc build/z1/contiki-ng-z1.a(link-stats.o)
                0x00009d08                link_stats_from_lladdr
 .any.text.link_stats_is_fresh
                0x00009d14       0x30 build/z1/contiki-ng-z1.a(link-stats.o)
                0x00009d14                link_stats_is_fresh
 .any.text.guess_etx_from_rssi
                0x00009d44       0x42 build/z1/contiki-ng-z1.a(link-stats.o)
                0x00009d44                guess_etx_from_rssi
 .any.text.link_stats_packet_sent
                0x00009d86       0xcc build/z1/contiki-ng-z1.a(link-stats.o)
                0x00009d86                link_stats_packet_sent
 .any.text.link_stats_input_callback
                0x00009e52       0xaa build/z1/contiki-ng-z1.a(link-stats.o)
                0x00009e52                link_stats_input_callback
 .any.text.link_stats_reset
                0x00009efc       0x2a build/z1/contiki-ng-z1.a(link-stats.o)
                0x00009efc                link_stats_reset
 .any.text.link_stats_init
                0x00009f26       0x22 build/z1/contiki-ng-z1.a(link-stats.o)
                0x00009f26                link_stats_init
 .any.text.mac_sequence_is_duplicate
                0x00009f48       0x6e build/z1/contiki-ng-z1.a(mac-sequence.o)
                0x00009f48                mac_sequence_is_duplicate
 .any.text.mac_sequence_register_seqno
                0x00009fb6       0x86 build/z1/contiki-ng-z1.a(mac-sequence.o)
                0x00009fb6                mac_sequence_register_seqno
 .any.text.mac_call_sent_callback
                0x0000a03c       0x14 build/z1/contiki-ng-z1.a(mac.o)
                0x0000a03c                mac_call_sent_callback
 .any.text.parse
                0x0000a050       0x9c build/z1/contiki-ng-z1.a(framer-802154.o)
 .any.text.framer_802154_setup_params
                0x0000a0ec       0xb0 build/z1/contiki-ng-z1.a(framer-802154.o)
                0x0000a0ec                framer_802154_setup_params
 .any.text.create_frame
                0x0000a19c       0xda build/z1/contiki-ng-z1.a(framer-802154.o)
 .any.text.create
                0x0000a276        0x8 build/z1/contiki-ng-z1.a(framer-802154.o)
 .any.text.hdr_length
                0x0000a27e        0x8 build/z1/contiki-ng-z1.a(framer-802154.o)
 .any.text.frame802154_get_pan_id
                0x0000a286        0x6 build/z1/contiki-ng-z1.a(frame802154.o)
                0x0000a286                frame802154_get_pan_id
 .any.text.frame802154_has_panid
                0x0000a28c       0xe0 build/z1/contiki-ng-z1.a(frame802154.o)
                0x0000a28c                frame802154_has_panid
 .any.text.field_len
                0x0000a36c       0xa8 build/z1/contiki-ng-z1.a(frame802154.o)
 .any.text.frame802154_is_broadcast_addr
                0x0000a414       0x28 build/z1/contiki-ng-z1.a(frame802154.o)
                0x0000a414                frame802154_is_broadcast_addr
 .any.text.frame802154_hdrlen
                0x0000a43c       0x32 build/z1/contiki-ng-z1.a(frame802154.o)
                0x0000a43c                frame802154_hdrlen
 .any.text.frame802154_create_fcf
                0x0000a46e       0x6e build/z1/contiki-ng-z1.a(frame802154.o)
                0x0000a46e                frame802154_create_fcf
 .any.text.frame802154_create
                0x0000a4dc       0xd4 build/z1/contiki-ng-z1.a(frame802154.o)
                0x0000a4dc                frame802154_create
 .any.text.frame802154_parse_fcf
                0x0000a5b0       0x8c build/z1/contiki-ng-z1.a(frame802154.o)
                0x0000a5b0                frame802154_parse_fcf
 .any.text.frame802154_parse
                0x0000a63c      0x15c build/z1/contiki-ng-z1.a(frame802154.o)
                0x0000a63c                frame802154_parse
 .any.text.csma_security_create_frame
                0x0000a798       0x10 build/z1/contiki-ng-z1.a(csma-security.o)
                0x0000a798                csma_security_create_frame
 .any.text.csma_security_parse_frame
                0x0000a7a8        0x6 build/z1/contiki-ng-z1.a(csma-security.o)
                0x0000a7a8                csma_security_parse_frame
 .any.text.uipbuf_add_ext_hdr
                0x0000a7ae       0x1c build/z1/contiki-ng-z1.a(uipbuf.o)
                0x0000a7ae                uipbuf_add_ext_hdr
 .any.text.uipbuf_set_len
                0x0000a7ca       0x12 build/z1/contiki-ng-z1.a(uipbuf.o)
                0x0000a7ca                uipbuf_set_len
 .any.text.uipbuf_set_len_field
                0x0000a7dc        0xe build/z1/contiki-ng-z1.a(uipbuf.o)
                0x0000a7dc                uipbuf_set_len_field
 .any.text.uipbuf_get_len_field
                0x0000a7ea        0xe build/z1/contiki-ng-z1.a(uipbuf.o)
                0x0000a7ea                uipbuf_get_len_field
 .any.text.uipbuf_get_next_header
                0x0000a7f8       0x5a build/z1/contiki-ng-z1.a(uipbuf.o)
                0x0000a7f8                uipbuf_get_next_header
 .any.text.uipbuf_get_last_header
                0x0000a852       0x36 build/z1/contiki-ng-z1.a(uipbuf.o)
                0x0000a852                uipbuf_get_last_header
 .any.text.uipbuf_search_header
                0x0000a888       0x46 build/z1/contiki-ng-z1.a(uipbuf.o)
                0x0000a888                uipbuf_search_header
 .any.text.uipbuf_get_attr
                0x0000a8ce       0x14 build/z1/contiki-ng-z1.a(uipbuf.o)
                0x0000a8ce                uipbuf_get_attr
 .any.text.uipbuf_clear_attr
                0x0000a8e2       0x12 build/z1/contiki-ng-z1.a(uipbuf.o)
                0x0000a8e2                uipbuf_clear_attr
 .any.text.uipbuf_clear
                0x0000a8f4       0x12 build/z1/contiki-ng-z1.a(uipbuf.o)
                0x0000a8f4                uipbuf_clear
 .any.text.uipbuf_init
                0x0000a906       0x1a build/z1/contiki-ng-z1.a(uipbuf.o)
                0x0000a906                uipbuf_init
 .any.text.echo_reply_input
                0x0000a920       0x60 build/z1/contiki-ng-z1.a(uip-icmp6.o)
 .any.text.echo_request_input
                0x0000a980       0x86 build/z1/contiki-ng-z1.a(uip-icmp6.o)
 .any.text.uip_icmp6_input
                0x0000aa06       0x44 build/z1/contiki-ng-z1.a(uip-icmp6.o)
                0x0000aa06                uip_icmp6_input
 .any.text.uip_icmp6_register_input_handler
                0x0000aa4a        0xc build/z1/contiki-ng-z1.a(uip-icmp6.o)
                0x0000aa4a                uip_icmp6_register_input_handler
 .any.text.uip_icmp6_error_output
                0x0000aa56      0x136 build/z1/contiki-ng-z1.a(uip-icmp6.o)
                0x0000aa56                uip_icmp6_error_output
 .any.text.uip_icmp6_send
                0x0000ab8c       0x82 build/z1/contiki-ng-z1.a(uip-icmp6.o)
                0x0000ab8c                uip_icmp6_send
 .any.text.uip_icmp6_init
                0x0000ac0e       0x12 build/z1/contiki-ng-z1.a(uip-icmp6.o)
                0x0000ac0e                uip_icmp6_init
 .any.text.node_matches_address.part.0
                0x0000ac20       0x2e build/z1/contiki-ng-z1.a(uip-sr.o)
 .any.text.uip_sr_get_node
                0x0000ac4e       0x3c build/z1/contiki-ng-z1.a(uip-sr.o)
                0x0000ac4e                uip_sr_get_node
 .any.text.uip_sr_is_addr_reachable
                0x0000ac8a       0x4a build/z1/contiki-ng-z1.a(uip-sr.o)
                0x0000ac8a                uip_sr_is_addr_reachable
 .any.text.uip_sr_expire_parent
                0x0000acd4       0x3a build/z1/contiki-ng-z1.a(uip-sr.o)
                0x0000acd4                uip_sr_expire_parent
 .any.text.uip_sr_update_node
                0x0000ad0e       0xac build/z1/contiki-ng-z1.a(uip-sr.o)
                0x0000ad0e                uip_sr_update_node
 .any.text.uip_sr_init
                0x0000adba       0x16 build/z1/contiki-ng-z1.a(uip-sr.o)
                0x0000adba                uip_sr_init
 .any.text.uip_sr_periodic
                0x0000add0       0x8a build/z1/contiki-ng-z1.a(uip-sr.o)
                0x0000add0                uip_sr_periodic
 .any.text.uip_sr_free_all
                0x0000ae5a       0x38 build/z1/contiki-ng-z1.a(uip-sr.o)
                0x0000ae5a                uip_sr_free_all
 .any.text.uip_udp_packet_send
                0x0000ae92       0x2a build/z1/contiki-ng-z1.a(uip-udp-packet.)
                0x0000ae92                uip_udp_packet_send
 .any.text.uip_udp_packet_sendto
                0x0000aebc       0x56 build/z1/contiki-ng-z1.a(uip-udp-packet.)
                0x0000aebc                uip_udp_packet_sendto
 .any.text.init_dag
                0x0000af12       0x78 build/z1/contiki-ng-z1.a(rpl-dag.o)
 .any.text.process_dio_init_dag
                0x0000af8a       0xb0 build/z1/contiki-ng-z1.a(rpl-dag.o)
 .any.text.rpl_dag_get_root_ipaddr
                0x0000b03a       0x1e build/z1/contiki-ng-z1.a(rpl-dag.o)
                0x0000b03a                rpl_dag_get_root_ipaddr
 .any.text.rpl_dag_leave
                0x0000b058       0x4a build/z1/contiki-ng-z1.a(rpl-dag.o)
                0x0000b058                rpl_dag_leave
 .any.text.rpl_dag_poison_and_leave
                0x0000b0a2        0xc build/z1/contiki-ng-z1.a(rpl-dag.o)
                0x0000b0a2                rpl_dag_poison_and_leave
 .any.text.rpl_dag_periodic
                0x0000b0ae       0x6a build/z1/contiki-ng-z1.a(rpl-dag.o)
                0x0000b0ae                rpl_dag_periodic
 .any.text.rpl_is_addr_in_our_dag
                0x0000b118       0x26 build/z1/contiki-ng-z1.a(rpl-dag.o)
                0x0000b118                rpl_is_addr_in_our_dag
 .any.text.rpl_local_repair
                0x0000b13e       0x2a build/z1/contiki-ng-z1.a(rpl-dag.o)
                0x0000b13e                rpl_local_repair
 .any.text.rpl_global_repair
                0x0000b168       0x2e build/z1/contiki-ng-z1.a(rpl-dag.o)
                0x0000b168                rpl_global_repair
 .any.text.rpl_dag_ready_to_advertise
                0x0000b196       0x22 build/z1/contiki-ng-z1.a(rpl-dag.o)
                0x0000b196                rpl_dag_ready_to_advertise
 .any.text.rpl_dag_update_state
                0x0000b1b8      0x138 build/z1/contiki-ng-z1.a(rpl-dag.o)
                0x0000b1b8                rpl_dag_update_state
 .any.text.rpl_process_dio
                0x0000b2f0      0x19e build/z1/contiki-ng-z1.a(rpl-dag.o)
                0x0000b2f0                rpl_process_dio
 .any.text.rpl_process_dis
                0x0000b48e       0x2a build/z1/contiki-ng-z1.a(rpl-dag.o)
                0x0000b48e                rpl_process_dis
 .any.text.rpl_process_dao
                0x0000b4b8       0x66 build/z1/contiki-ng-z1.a(rpl-dag.o)
                0x0000b4b8                rpl_process_dao
 .any.text.rpl_process_dao_ack
                0x0000b51e       0x50 build/z1/contiki-ng-z1.a(rpl-dag.o)
                0x0000b51e                rpl_process_dao_ack
 .any.text.rpl_process_hbh
                0x0000b56e       0x26 build/z1/contiki-ng-z1.a(rpl-dag.o)
                0x0000b56e                rpl_process_hbh
 .any.text.rpl_dag_init_root
                0x0000b594       0xac build/z1/contiki-ng-z1.a(rpl-dag.o)
                0x0000b594                rpl_dag_init_root
 .any.text.rpl_dag_init
                0x0000b640       0x10 build/z1/contiki-ng-z1.a(rpl-dag.o)
                0x0000b640                rpl_dag_init
 .any.text.remove_neighbor
                0x0000b650       0x24 build/z1/contiki-ng-z1.a(rpl-neighbor.o)
 .any.text.rpl_neighbor_get_from_lladdr
                0x0000b674        0xc build/z1/contiki-ng-z1.a(rpl-neighbor.o)
                0x0000b674                rpl_neighbor_get_from_lladdr
 .any.text.rpl_neighbor_rank_via_nbr
                0x0000b680       0x18 build/z1/contiki-ng-z1.a(rpl-neighbor.o)
                0x0000b680                rpl_neighbor_rank_via_nbr
 .any.text.rpl_neighbor_get_lladdr
                0x0000b698        0xc build/z1/contiki-ng-z1.a(rpl-neighbor.o)
                0x0000b698                rpl_neighbor_get_lladdr
 .any.text.rpl_neighbor_get_ipaddr
                0x0000b6a4        0xa build/z1/contiki-ng-z1.a(rpl-neighbor.o)
                0x0000b6a4                rpl_neighbor_get_ipaddr
 .any.text.rpl_neighbor_get_link_stats
                0x0000b6ae        0xa build/z1/contiki-ng-z1.a(rpl-neighbor.o)
                0x0000b6ae                rpl_neighbor_get_link_stats
 .any.text.rpl_neighbor_is_fresh
                0x0000b6b8        0xa build/z1/contiki-ng-z1.a(rpl-neighbor.o)
                0x0000b6b8                rpl_neighbor_is_fresh
 .any.text.best_parent
                0x0000b6c2       0x9c build/z1/contiki-ng-z1.a(rpl-neighbor.o)
 .any.text.rpl_neighbor_is_parent
                0x0000b75e       0x18 build/z1/contiki-ng-z1.a(rpl-neighbor.o)
                0x0000b75e                rpl_neighbor_is_parent
 .any.text.rpl_neighbor_set_preferred_parent
                0x0000b776       0x48 build/z1/contiki-ng-z1.a(rpl-neighbor.o)
                0x0000b776                rpl_neighbor_set_preferred_parent
 .any.text.rpl_neighbor_remove_all
                0x0000b7be       0x30 build/z1/contiki-ng-z1.a(rpl-neighbor.o)
                0x0000b7be                rpl_neighbor_remove_all
 .any.text.rpl_neighbor_get_from_ipaddr
                0x0000b7ee       0x14 build/z1/contiki-ng-z1.a(rpl-neighbor.o)
                0x0000b7ee                rpl_neighbor_get_from_ipaddr
 .any.text.rpl_neighbor_select_best
                0x0000b802       0x54 build/z1/contiki-ng-z1.a(rpl-neighbor.o)
                0x0000b802                rpl_neighbor_select_best
 .any.text.rpl_neighbor_init
                0x0000b856        0xe build/z1/contiki-ng-z1.a(rpl-neighbor.o)
                0x0000b856                rpl_neighbor_init
 .any.text.handle_state_update
                0x0000b864        0x6 build/z1/contiki-ng-z1.a(rpl-timers.o)
 .any.text.handle_leaving_timer
                0x0000b86a        0xc build/z1/contiki-ng-z1.a(rpl-timers.o)
 .any.text.schedule_dao_retransmission
                0x0000b876       0x30 build/z1/contiki-ng-z1.a(rpl-timers.o)
 .any.text.new_dio_interval
                0x0000b8a6       0x86 build/z1/contiki-ng-z1.a(rpl-timers.o)
 .any.text.handle_unicast_dio_timer
                0x0000b92c       0x12 build/z1/contiki-ng-z1.a(rpl-timers.o)
 .any.text.send_new_dao
                0x0000b93e       0x28 build/z1/contiki-ng-z1.a(rpl-timers.o)
 .any.text.resend_dao
                0x0000b966       0x24 build/z1/contiki-ng-z1.a(rpl-timers.o)
 .any.text.handle_dao_ack_timer
                0x0000b98a       0x12 build/z1/contiki-ng-z1.a(rpl-timers.o)
 .any.text.handle_dio_timer
                0x0000b99c       0x6e build/z1/contiki-ng-z1.a(rpl-timers.o)
 .any.text.rpl_timers_schedule_periodic_dis
                0x0000ba0a       0x3c build/z1/contiki-ng-z1.a(rpl-timers.o)
                0x0000ba0a                rpl_timers_schedule_periodic_dis
 .any.text.handle_periodic_timer
                0x0000ba46       0x3a build/z1/contiki-ng-z1.a(rpl-timers.o)
 .any.text.handle_dis_timer
                0x0000ba80       0x26 build/z1/contiki-ng-z1.a(rpl-timers.o)
 .any.text.rpl_timers_dio_reset
                0x0000baa6       0x2e build/z1/contiki-ng-z1.a(rpl-timers.o)
                0x0000baa6                rpl_timers_dio_reset
 .any.text.rpl_timers_schedule_unicast_dio
                0x0000bad4       0x20 build/z1/contiki-ng-z1.a(rpl-timers.o)
                0x0000bad4                rpl_timers_schedule_unicast_dio
 .any.text.rpl_timers_schedule_dao
                0x0000baf4       0x38 build/z1/contiki-ng-z1.a(rpl-timers.o)
                0x0000baf4                rpl_timers_schedule_dao
 .any.text.rpl_timers_schedule_dao_ack
                0x0000bb2c       0x34 build/z1/contiki-ng-z1.a(rpl-timers.o)
                0x0000bb2c                rpl_timers_schedule_dao_ack
 .any.text.rpl_timers_notify_dao_ack
                0x0000bb60       0x7e build/z1/contiki-ng-z1.a(rpl-timers.o)
                0x0000bb60                rpl_timers_notify_dao_ack
 .any.text.get_probing_delay
                0x0000bbde       0x1c build/z1/contiki-ng-z1.a(rpl-timers.o)
                0x0000bbde                get_probing_delay
 .any.text.get_probing_target
                0x0000bbfa       0xda build/z1/contiki-ng-z1.a(rpl-timers.o)
                0x0000bbfa                get_probing_target
 .any.text.rpl_schedule_probing
                0x0000bcd4       0x20 build/z1/contiki-ng-z1.a(rpl-timers.o)
                0x0000bcd4                rpl_schedule_probing
 .any.text.handle_probing_timer
                0x0000bcf4       0x26 build/z1/contiki-ng-z1.a(rpl-timers.o)
 .any.text.rpl_schedule_probing_now
                0x0000bd1a       0x24 build/z1/contiki-ng-z1.a(rpl-timers.o)
                0x0000bd1a                rpl_schedule_probing_now
 .any.text.rpl_timers_unschedule_leaving
                0x0000bd3e       0x1c build/z1/contiki-ng-z1.a(rpl-timers.o)
                0x0000bd3e                rpl_timers_unschedule_leaving
 .any.text.rpl_timers_schedule_leaving
                0x0000bd5a       0x2a build/z1/contiki-ng-z1.a(rpl-timers.o)
                0x0000bd5a                rpl_timers_schedule_leaving
 .any.text.rpl_timers_init
                0x0000bd84       0x1c build/z1/contiki-ng-z1.a(rpl-timers.o)
                0x0000bd84                rpl_timers_init
 .any.text.rpl_timers_stop_dag_timers
                0x0000bda0       0x4c build/z1/contiki-ng-z1.a(rpl-timers.o)
                0x0000bda0                rpl_timers_stop_dag_timers
 .any.text.rpl_timers_unschedule_state_update
                0x0000bdec       0x10 build/z1/contiki-ng-z1.a(rpl-timers.o)
                0x0000bdec                rpl_timers_unschedule_state_update
 .any.text.rpl_timers_schedule_state_update
                0x0000bdfc       0x1c build/z1/contiki-ng-z1.a(rpl-timers.o)
                0x0000bdfc                rpl_timers_schedule_state_update
 .any.text.update_hbh_header
                0x0000be18       0x4a build/z1/contiki-ng-z1.a(rpl-ext-header.)
 .any.text.rpl_ext_header_srh_get_next_hop
                0x0000be62       0x7c build/z1/contiki-ng-z1.a(rpl-ext-header.)
                0x0000be62                rpl_ext_header_srh_get_next_hop
 .any.text.rpl_ext_header_srh_update
                0x0000bede       0xd6 build/z1/contiki-ng-z1.a(rpl-ext-header.)
                0x0000bede                rpl_ext_header_srh_update
 .any.text.rpl_ext_header_hbh_update
                0x0000bfb4       0x8e build/z1/contiki-ng-z1.a(rpl-ext-header.)
                0x0000bfb4                rpl_ext_header_hbh_update
 .any.text.rpl_ext_header_remove
                0x0000c042       0xc0 build/z1/contiki-ng-z1.a(rpl-ext-header.)
                0x0000c042                rpl_ext_header_remove
 .any.text.rpl_ext_header_update
                0x0000c102      0x266 build/z1/contiki-ng-z1.a(rpl-ext-header.)
                0x0000c102                rpl_ext_header_update
 .any.text.update_state
                0x0000c368       0x6a build/z1/contiki-ng-z1.a(rpl-nbr-policy.)
 .any.text.rpl_nbr_policy_find_removable
                0x0000c3d2       0x4e build/z1/contiki-ng-z1.a(rpl-nbr-policy.)
                0x0000c3d2                rpl_nbr_policy_find_removable
 .any.text.reset
                0x0000c420        0x2 build/z1/contiki-ng-z1.a(rpl-mrhof.o)
 .any.text.update_metric_container
                0x0000c422        0x6 build/z1/contiki-ng-z1.a(rpl-mrhof.o)
 .any.text.nbr_link_metric
                0x0000c428       0x12 build/z1/contiki-ng-z1.a(rpl-mrhof.o)
 .any.text.nbr_has_usable_link
                0x0000c43a       0x14 build/z1/contiki-ng-z1.a(rpl-mrhof.o)
 .any.text.nbr_path_cost
                0x0000c44e       0x34 build/z1/contiki-ng-z1.a(rpl-mrhof.o)
 .any.text.within_hysteresis
                0x0000c482       0x4c build/z1/contiki-ng-z1.a(rpl-mrhof.o)
 .any.text.nbr_is_acceptable_parent
                0x0000c4ce       0x28 build/z1/contiki-ng-z1.a(rpl-mrhof.o)
 .any.text.rank_via_nbr
                0x0000c4f6       0x40 build/z1/contiki-ng-z1.a(rpl-mrhof.o)
 .any.text.best_parent
                0x0000c536       0x74 build/z1/contiki-ng-z1.a(rpl-mrhof.o)
 .any.text.printf
                0x0000c5aa       0x10 /usr/local/bin/../lib/gcc/msp430/4.7.2/../../../../msp430/lib/mcpu-430x/mmpy-16/msr20/mc20/libc.a(printf.o)
                0x0000c5aa                printf
 .any.text.append
                0x0000c5ba       0x22 /usr/local/bin/../lib/gcc/msp430/4.7.2/../../../../msp430/lib/mcpu-430x/mmpy-16/msr20/mc20/libc.a(sprintf.o)
 .any.text.call_vuprintf
                0x0000c5dc       0x36 /usr/local/bin/../lib/gcc/msp430/4.7.2/../../../../msp430/lib/mcpu-430x/mmpy-16/msr20/mc20/libc.a(sprintf.o)
 .any.text.snprintf
                0x0000c612       0x1c /usr/local/bin/../lib/gcc/msp430/4.7.2/../../../../msp430/lib/mcpu-430x/mmpy-16/msr20/mc20/libc.a(sprintf.o)
                0x0000c612                snprintf
 .any.text.print_field
                0x0000c62e      0x176 /usr/local/bin/../lib/gcc/msp430/4.7.2/../../../../msp430/lib/mcpu-430x/mmpy-16/msr20/mc20/libc.a(vuprintf.o)
 .any.text.vuprintf
                0x0000c7a4      0x742 /usr/local/bin/../lib/gcc/msp430/4.7.2/../../../../msp430/lib/mcpu-430x/mmpy-16/msr20/mc20/libc.a(vuprintf.o)
                0x0000c7a4                vuprintf
 .any.text.puts
                0x0000cee6       0x2c /usr/local/bin/../lib/gcc/msp430/4.7.2/../../../../msp430/lib/mcpu-430x/mmpy-16/msr20/mc20/libc.a(puts.o)
                0x0000cee6                puts
 .any.text.rand
                0x0000cf12       0x26 /usr/local/bin/../lib/gcc/msp430/4.7.2/../../../../msp430/lib/mcpu-430x/mmpy-16/msr20/mc20/libc.a(rand.o)
                0x0000cf12                rand
 .any.text.srand
                0x0000cf38        0xa /usr/local/bin/../lib/gcc/msp430/4.7.2/../../../../msp430/lib/mcpu-430x/mmpy-16/msr20/mc20/libc.a(rand.o)
                0x0000cf38                srand
 .any.text.memcmp
                0x0000cf42       0x2c /usr/local/bin/../lib/gcc/msp430/4.7.2/../../../../msp430/lib/mcpu-430x/mmpy-16/msr20/mc20/libc.a(memcmp.o)
                0x0000cf42                memcmp
 .any.text.memcpy
                0x0000cf6e       0xe8 /usr/local/bin/../lib/gcc/msp430/4.7.2/../../../../msp430/lib/mcpu-430x/mmpy-16/msr20/mc20/libc.a(memcpy.o)
                0x0000cf6e                memcpy
 .any.text.memmove
                0x0000d056       0xe8 /usr/local/bin/../lib/gcc/msp430/4.7.2/../../../../msp430/lib/mcpu-430x/mmpy-16/msr20/mc20/libc.a(memmove.o)
                0x0000d056                memmove
 .any.text.memset
                0x0000d13e       0x5c /usr/local/bin/../lib/gcc/msp430/4.7.2/../../../../msp430/lib/mcpu-430x/mmpy-16/msr20/mc20/libc.a(memset.o)
                0x0000d13e                memset

.rodata         0x0000d19c      0x523
                0x0000d19c                . = ALIGN (0x2)
 *(.rodata .rodata.* .gnu.linkonce.r.*)
 .rodata.process_thread_light_switch_process
                0x0000d19c       0x43 light_switch.o
 *fill*         0x0000d1df        0x1 00
 .rodata.autostart_processes
                0x0000d1e0        0x4 light_switch.o
                0x0000d1e0                autostart_processes
 .rodata        0x0000d1e4       0x15 light_switch.o
 .rodata        0x0000d1f9       0xed build/z1/obj/contiki-main.o
 .rodata        0x0000d2e6        0x8 build/z1/contiki-ng-z1.a(sensors.o)
 .rodata        0x0000d2ee        0x7 build/z1/contiki-ng-z1.a(button-sensor.o)
 *fill*         0x0000d2f5        0x1 00
 .rodata.button_sensor
                0x0000d2f6        0xe build/z1/contiki-ng-z1.a(button-sensor.o)
                0x0000d2f6                button_sensor
 .rodata        0x0000d304       0x25 build/z1/contiki-ng-z1.a(adxl345.o)
 *fill*         0x0000d329        0x1 00
 .rodata.adxl345
                0x0000d32a        0xe build/z1/contiki-ng-z1.a(adxl345.o)
                0x0000d32a                adxl345
 .rodata        0x0000d338        0xe build/z1/contiki-ng-z1.a(tmp102.o)
 .rodata.tmp102
                0x0000d346        0xe build/z1/contiki-ng-z1.a(tmp102.o)
                0x0000d346                tmp102
 .rodata.platform_init_stage_three
                0x0000d354       0x30 build/z1/contiki-ng-z1.a(platform.o)
 .rodata        0x0000d384        0xc build/z1/contiki-ng-z1.a(etimer.o)
 .rodata.log_6addr
                0x0000d390        0x3 build/z1/contiki-ng-z1.a(log.o)
 .rodata.log_lladdr
                0x0000d393       0x14 build/z1/contiki-ng-z1.a(log.o)
 .rodata        0x0000d3a7        0xf build/z1/contiki-ng-z1.a(ctimer.o)
 .rodata.process_thread_stack_check_process
                0x0000d3b6       0x5e build/z1/contiki-ng-z1.a(stack-check.o)